Archive member included to satisfy reference by file (symbol)

C:/ST/STM32CubeIDE_1.16.1/STM32CubeIDE/plugins/com.st.stm32cube.ide.mcu.externaltools.gnu-tools-for-stm32.12.3.rel1.win32_1.0.200.202406191623/tools/bin/../lib/gcc/arm-none-eabi/12.3.1/../../../../arm-none-eabi/lib/thumb/v7-m/nofp\libc_nano.a(libc_a-exit.o)
                              C:/ST/STM32CubeIDE_1.16.1/STM32CubeIDE/plugins/com.st.stm32cube.ide.mcu.externaltools.gnu-tools-for-stm32.12.3.rel1.win32_1.0.200.202406191623/tools/bin/../lib/gcc/arm-none-eabi/12.3.1/../../../../arm-none-eabi/lib/thumb/v7-m/nofp/crt0.o (exit)
C:/ST/STM32CubeIDE_1.16.1/STM32CubeIDE/plugins/com.st.stm32cube.ide.mcu.externaltools.gnu-tools-for-stm32.12.3.rel1.win32_1.0.200.202406191623/tools/bin/../lib/gcc/arm-none-eabi/12.3.1/../../../../arm-none-eabi/lib/thumb/v7-m/nofp\libc_nano.a(libc_a-findfp.o)
                              C:/ST/STM32CubeIDE_1.16.1/STM32CubeIDE/plugins/com.st.stm32cube.ide.mcu.externaltools.gnu-tools-for-stm32.12.3.rel1.win32_1.0.200.202406191623/tools/bin/../lib/gcc/arm-none-eabi/12.3.1/../../../../arm-none-eabi/lib/thumb/v7-m/nofp\libc_nano.a(libc_a-exit.o) (__stdio_exit_handler)
C:/ST/STM32CubeIDE_1.16.1/STM32CubeIDE/plugins/com.st.stm32cube.ide.mcu.externaltools.gnu-tools-for-stm32.12.3.rel1.win32_1.0.200.202406191623/tools/bin/../lib/gcc/arm-none-eabi/12.3.1/../../../../arm-none-eabi/lib/thumb/v7-m/nofp\libc_nano.a(libc_a-fwalk.o)
                              C:/ST/STM32CubeIDE_1.16.1/STM32CubeIDE/plugins/com.st.stm32cube.ide.mcu.externaltools.gnu-tools-for-stm32.12.3.rel1.win32_1.0.200.202406191623/tools/bin/../lib/gcc/arm-none-eabi/12.3.1/../../../../arm-none-eabi/lib/thumb/v7-m/nofp\libc_nano.a(libc_a-findfp.o) (_fwalk_sglue)
C:/ST/STM32CubeIDE_1.16.1/STM32CubeIDE/plugins/com.st.stm32cube.ide.mcu.externaltools.gnu-tools-for-stm32.12.3.rel1.win32_1.0.200.202406191623/tools/bin/../lib/gcc/arm-none-eabi/12.3.1/../../../../arm-none-eabi/lib/thumb/v7-m/nofp\libc_nano.a(libc_a-stdio.o)
                              C:/ST/STM32CubeIDE_1.16.1/STM32CubeIDE/plugins/com.st.stm32cube.ide.mcu.externaltools.gnu-tools-for-stm32.12.3.rel1.win32_1.0.200.202406191623/tools/bin/../lib/gcc/arm-none-eabi/12.3.1/../../../../arm-none-eabi/lib/thumb/v7-m/nofp\libc_nano.a(libc_a-findfp.o) (__sread)
C:/ST/STM32CubeIDE_1.16.1/STM32CubeIDE/plugins/com.st.stm32cube.ide.mcu.externaltools.gnu-tools-for-stm32.12.3.rel1.win32_1.0.200.202406191623/tools/bin/../lib/gcc/arm-none-eabi/12.3.1/../../../../arm-none-eabi/lib/thumb/v7-m/nofp\libc_nano.a(libc_a-memset.o)
                              C:/ST/STM32CubeIDE_1.16.1/STM32CubeIDE/plugins/com.st.stm32cube.ide.mcu.externaltools.gnu-tools-for-stm32.12.3.rel1.win32_1.0.200.202406191623/tools/bin/../lib/gcc/arm-none-eabi/12.3.1/../../../../arm-none-eabi/lib/thumb/v7-m/nofp/crt0.o (memset)
C:/ST/STM32CubeIDE_1.16.1/STM32CubeIDE/plugins/com.st.stm32cube.ide.mcu.externaltools.gnu-tools-for-stm32.12.3.rel1.win32_1.0.200.202406191623/tools/bin/../lib/gcc/arm-none-eabi/12.3.1/../../../../arm-none-eabi/lib/thumb/v7-m/nofp\libc_nano.a(libc_a-closer.o)
                              C:/ST/STM32CubeIDE_1.16.1/STM32CubeIDE/plugins/com.st.stm32cube.ide.mcu.externaltools.gnu-tools-for-stm32.12.3.rel1.win32_1.0.200.202406191623/tools/bin/../lib/gcc/arm-none-eabi/12.3.1/../../../../arm-none-eabi/lib/thumb/v7-m/nofp\libc_nano.a(libc_a-stdio.o) (_close_r)
C:/ST/STM32CubeIDE_1.16.1/STM32CubeIDE/plugins/com.st.stm32cube.ide.mcu.externaltools.gnu-tools-for-stm32.12.3.rel1.win32_1.0.200.202406191623/tools/bin/../lib/gcc/arm-none-eabi/12.3.1/../../../../arm-none-eabi/lib/thumb/v7-m/nofp\libc_nano.a(libc_a-reent.o)
                              C:/ST/STM32CubeIDE_1.16.1/STM32CubeIDE/plugins/com.st.stm32cube.ide.mcu.externaltools.gnu-tools-for-stm32.12.3.rel1.win32_1.0.200.202406191623/tools/bin/../lib/gcc/arm-none-eabi/12.3.1/../../../../arm-none-eabi/lib/thumb/v7-m/nofp\libc_nano.a(libc_a-closer.o) (errno)
C:/ST/STM32CubeIDE_1.16.1/STM32CubeIDE/plugins/com.st.stm32cube.ide.mcu.externaltools.gnu-tools-for-stm32.12.3.rel1.win32_1.0.200.202406191623/tools/bin/../lib/gcc/arm-none-eabi/12.3.1/../../../../arm-none-eabi/lib/thumb/v7-m/nofp\libc_nano.a(libc_a-impure.o)
                              C:/ST/STM32CubeIDE_1.16.1/STM32CubeIDE/plugins/com.st.stm32cube.ide.mcu.externaltools.gnu-tools-for-stm32.12.3.rel1.win32_1.0.200.202406191623/tools/bin/../lib/gcc/arm-none-eabi/12.3.1/../../../../arm-none-eabi/lib/thumb/v7-m/nofp\libc_nano.a(libc_a-reent.o) (_impure_ptr)
C:/ST/STM32CubeIDE_1.16.1/STM32CubeIDE/plugins/com.st.stm32cube.ide.mcu.externaltools.gnu-tools-for-stm32.12.3.rel1.win32_1.0.200.202406191623/tools/bin/../lib/gcc/arm-none-eabi/12.3.1/../../../../arm-none-eabi/lib/thumb/v7-m/nofp\libc_nano.a(libc_a-lseekr.o)
[...]
Memory Configuration

Name             Origin             Length             Attributes
RAM              0x20000000         0x00005000         xrw
FLASH            0x08002000         0x00006800         xr
*default*        0x00000000         0xffffffff

Linker script and memory map

LOAD C:/ST/STM32CubeIDE_1.16.1/STM32CubeIDE/plugins/com.st.stm32cube.ide.mcu.externaltools.gnu-tools-for-stm32.12.3.rel1.win32_1.0.200.202406191623/tools/bin/../lib/gcc/arm-none-eabi/12.3.1/thumb/v7-m/nofp/crti.o
LOAD C:/ST/STM32CubeIDE_1.16.1/STM32CubeIDE/plugins/com.st.stm32cube.ide.mcu.externaltools.gnu-tools-for-stm32.12.3.rel1.win32_1.0.200.202406191623/tools/bin/../lib/gcc/arm-none-eabi/12.3.1/thumb/v7-m/nofp/crtbegin.o
LOAD C:/ST/STM32CubeIDE_1.16.1/STM32CubeIDE/plugins/com.st.stm32cube.ide.mcu.externaltools.gnu-tools-for-stm32.12.3.rel1.win32_1.0.200.202406191623/tools/bin/../lib/gcc/arm-none-eabi/12.3.1/../../../../arm-none-eabi/lib/thumb/v7-m/nofp/crt0.o
LOAD ./Core/Src/main.o
LOAD ./Core/Src/stm32f1xx_hal_msp.o
LOAD ./Core/Src/stm32f1xx_hal_timebase_tim.o
LOAD ./Core/Src/stm32f1xx_it.o
LOAD ./Core/Src/syscalls.o
LOAD ./Core/Src/sysmem.o
LOAD ./Core/Src/system_stm32f1xx.o
LOAD ./Core/Startup/startup_stm32f103c8tx.o
LOAD ./Diagnostics/Src/DTC.o
LOAD ./Diagnostics/Src/RTC.o
LOAD ./Diagnostics/Src/UDS.o
LOAD ./Drivers/STM32F1xx_HAL_Driver/Src/stm32f1xx_hal.o
LOAD ./Drivers/STM32F1xx_HAL_Driver/Src/stm32f1xx_hal_can.o
LOAD ./Drivers/STM32F1xx_HAL_Driver/Src/stm32f1xx_hal_cortex.o
LOAD ./Drivers/STM32F1xx_HAL_Driver/Src/stm32f1xx_hal_dma.o
LOAD ./Drivers/STM32F1xx_HAL_Driver/Src/stm32f1xx_hal_exti.o
LOAD ./Drivers/STM32F1xx_HAL_Driver/Src/stm32f1xx_hal_flash.o
LOAD ./Drivers/STM32F1xx_HAL_Driver/Src/stm32f1xx_hal_flash_ex.o
LOAD ./Drivers/STM32F1xx_HAL_Driver/Src/stm32f1xx_hal_gpio.o
LOAD ./Drivers/STM32F1xx_HAL_Driver/Src/stm32f1xx_hal_gpio_ex.o
LOAD ./Drivers/STM32F1xx_HAL_Driver/Src/stm32f1xx_hal_pwr.o
LOAD ./Drivers/STM32F1xx_HAL_Driver/Src/stm32f1xx_hal_rcc.o
LOAD ./Drivers/STM32F1xx_HAL_Driver/Src/stm32f1xx_hal_rcc_ex.o
LOAD ./Drivers/STM32F1xx_HAL_Driver/Src/stm32f1xx_hal_rtc.o
LOAD ./Drivers/STM32F1xx_HAL_Driver/Src/stm32f1xx_hal_rtc_ex.o
LOAD ./Drivers/STM32F1xx_HAL_Driver/Src/stm32f1xx_hal_tim.o
LOAD ./Drivers/STM32F1xx_HAL_Driver/Src/stm32f1xx_hal_tim_ex.o
LOAD ./Drivers/STM32F1xx_HAL_Driver/Src/stm32f1xx_hal_uart.o
LOAD ./Tasks/Src/CANReceiveTask.o
LOAD ./Tasks/Src/CANTransmitTask.o
LOAD ./Tasks/Src/ControlTask.o
LOAD ./Tasks/Src/DiagnosticsTask.o
LOAD ./Tasks/Src/OTAManagerTask.o
LOAD ./Tasks/Src/TaskHandle.o
LOAD ./ThridParty/FreeRTOS/croutine.o
LOAD ./ThridParty/FreeRTOS/event_groups.o
LOAD ./ThridParty/FreeRTOS/list.o
LOAD ./ThridParty/FreeRTOS/queue.o
LOAD ./ThridParty/FreeRTOS/stream_buffer.o
LOAD ./ThridParty/FreeRTOS/tasks.o
LOAD ./ThridParty/FreeRTOS/timers.o
LOAD ./ThridParty/FreeRTOS/portable/GCC/ARM_CM3/port.o
LOAD ./ThridParty/FreeRTOS/portable/MemMang/heap_4.o
START GROUP
LOAD C:/ST/STM32CubeIDE_1.16.1/STM32CubeIDE/plugins/com.st.stm32cube.ide.mcu.externaltools.gnu-tools-for-stm32.12.3.rel1.win32_1.0.200.202406191623/tools/bin/../lib/gcc/arm-none-eabi/12.3.1/../../../../arm-none-eabi/lib/thumb/v7-m/nofp\libc_nano.a
LOAD C:/ST/STM32CubeIDE_1.16.1/STM32CubeIDE/plugins/com.st.stm32cube.ide.mcu.externaltools.gnu-tools-for-stm32.12.3.rel1.win32_1.0.200.202406191623/tools/bin/../lib/gcc/arm-none-eabi/12.3.1/../../../../arm-none-eabi/lib/thumb/v7-m/nofp\libm.a
END GROUP
START GROUP
LOAD C:/ST/STM32CubeIDE_1.16.1/STM32CubeIDE/plugins/com.st.stm32cube.ide.mcu.externaltools.gnu-tools-for-stm32.12.3.rel1.win32_1.0.200.202406191623/tools/bin/../lib/gcc/arm-none-eabi/12.3.1/thumb/v7-m/nofp\libgcc.a
LOAD C:/ST/STM32CubeIDE_1.16.1/STM32CubeIDE/plugins/com.st.stm32cube.ide.mcu.externaltools.gnu-tools-for-stm32.12.3.rel1.win32_1.0.200.202406191623/tools/bin/../lib/gcc/arm-none-eabi/12.3.1/../../../../arm-none-eabi/lib/thumb/v7-m/nofp\libc_nano.a
END GROUP
START GROUP
LOAD C:/ST/STM32CubeIDE_1.16.1/STM32CubeIDE/plugins/com.st.stm32cube.ide.mcu.externaltools.gnu-tools-for-stm32.12.3.rel1.win32_1.0.200.202406191623/tools/bin/../lib/gcc/arm-none-eabi/12.3.1/thumb/v7-m/nofp\libgcc.a
LOAD C:/ST/STM32CubeIDE_1.16.1/STM32CubeIDE/plugins/com.st.stm32cube.ide.mcu.externaltools.gnu-tools-for-stm32.12.3.rel1.win32_1.0.200.202406191623/tools/bin/../lib/gcc/arm-none-eabi/12.3.1/../../../../arm-none-eabi/lib/thumb/v7-m/nofp\libc_nano.a
LOAD C:/ST/STM32CubeIDE_1.16.1/STM32CubeIDE/plugins/com.st.stm32cube.ide.mcu.externaltools.gnu-tools-for-stm32.12.3.rel1.win32_1.0.200.202406191623/tools/bin/../lib/gcc/arm-none-eabi/12.3.1/../../../../arm-none-eabi/lib/thumb/v7-m/nofp\libnosys.a
END GROUP
START GROUP
LOAD C:/ST/STM32CubeIDE_1.16.1/STM32CubeIDE/plugins/com.st.stm32cube.ide.mcu.externaltools.gnu-tools-for-stm32.12.3.rel1.win32_1.0.200.202406191623/tools/bin/../lib/gcc/arm-none-eabi/12.3.1/thumb/v7-m/nofp\libgcc.a
LOAD C:/ST/STM32CubeIDE_1.16.1/STM32CubeIDE/plugins/com.st.stm32cube.ide.mcu.externaltools.gnu-tools-for-stm32.12.3.rel1.win32_1.0.200.202406191623/tools/bin/../lib/gcc/arm-none-eabi/12.3.1/../../../../arm-none-eabi/lib/thumb/v7-m/nofp\libc_nano.a
LOAD C:/ST/STM32CubeIDE_1.16.1/STM32CubeIDE/plugins/com.st.stm32cube.ide.mcu.externaltools.gnu-tools-for-stm32.12.3.rel1.win32_1.0.200.202406191623/tools/bin/../lib/gcc/arm-none-eabi/12.3.1/../../../../arm-none-eabi/lib/thumb/v7-m/nofp\libnosys.a
END GROUP
LOAD C:/ST/STM32CubeIDE_1.16.1/STM32CubeIDE/plugins/com.st.stm32cube.ide.mcu.externaltools.gnu-tools-for-stm32.12.3.rel1.win32_1.0.200.202406191623/tools/bin/../lib/gcc/arm-none-eabi/12.3.1/thumb/v7-m/nofp/crtend.o
LOAD C:/ST/STM32CubeIDE_1.16.1/STM32CubeIDE/plugins/com.st.stm32cube.ide.mcu.externaltools.gnu-tools-for-stm32.12.3.rel1.win32_1.0.200.202406191623/tools/bin/../lib/gcc/arm-none-eabi/12.3.1/thumb/v7-m/nofp/crtn.o
                0x20005000                        _estack = (ORIGIN (RAM) + LENGTH (RAM))
                0x00000200                        _Min_Heap_Size = 0x200
                0x00000400                        _Min_Stack_Size = 0x400

.isr_vector     0x08002000      0x10c
                0x08002000                        . = ALIGN (0x4)
 *(.isr_vector)
 .isr_vector    0x08002000      0x10c ./Core/Startup/startup_stm32f103c8tx.o
                0x08002000                g_pfnVectors
                0x0800210c                        . = ALIGN (0x4)

.text           0x08002110     0x47bc
                0x08002110                        . = ALIGN (0x4)
 *(.text)
 .text          0x08002110       0x40 C:/ST/STM32CubeIDE_1.16.1/STM32CubeIDE/plugins/com.st.stm32cube.ide.mcu.externaltools.gnu-tools-for-stm32.12.3.rel1.win32_1.0.200.202406191623/tools/bin/../lib/gcc/arm-none-eabi/12.3.1/thumb/v7-m/nofp/crtbegin.o
 .text          0x08002150      0x21c C:/ST/STM32CubeIDE_1.16.1/STM32CubeIDE/plugins/com.st.stm32cube.ide.mcu.externaltools.gnu-tools-for-stm32.12.3.rel1.win32_1.0.200.202406191623/tools/bin/../lib/gcc/arm-none-eabi/12.3.1/thumb/v7-m/nofp\libgcc.a(_arm_addsubsf3.o)
                0x08002150                __aeabi_frsub
                0x08002158                __subsf3
                0x08002158                __aeabi_fsub
                0x0800215c                __aeabi_fadd
                0x0800215c                __addsf3
                0x080022bc                __aeabi_ui2f
                0x080022bc                __floatunsisf
                0x080022c4                __aeabi_i2f
                0x080022c4                __floatsisf
                0x080022e0                __aeabi_ul2f
                0x080022e0                __floatundisf
                0x080022f0                __aeabi_l2f
                0x080022f0                __floatdisf
 .text          0x0800236c       0xec C:/ST/STM32CubeIDE_1.16.1/STM32CubeIDE/plugins/com.st.stm32cube.ide.mcu.externaltools.gnu-tools-for-stm32.12.3.rel1.win32_1.0.200.202406191623/tools/bin/../lib/gcc/arm-none-eabi/12.3.1/thumb/v7-m/nofp\libgcc.a(_arm_cmpsf2.o)
                0x0800236c                __gesf2
                0x0800236c                __gtsf2
                0x08002374                __lesf2
                0x08002374                __ltsf2
                0x0800237c                __nesf2
                0x0800237c                __eqsf2
                0x0800237c                __cmpsf2
                0x080023dc                __aeabi_cfrcmple
                0x080023e4                __aeabi_cfcmpeq
                0x080023e4                __aeabi_cfcmple
                0x080023f4                __aeabi_fcmpeq
                0x08002408                __aeabi_fcmplt
                0x0800241c                __aeabi_fcmple
                0x08002430                __aeabi_fcmpge
                0x08002444                __aeabi_fcmpgt
 .text          0x08002458       0x40 C:/ST/STM32CubeIDE_1.16.1/STM32CubeIDE/plugins/com.st.stm32cube.ide.mcu.externaltools.gnu-tools-for-stm32.12.3.rel1.win32_1.0.200.202406191623/tools/bin/../lib/gcc/arm-none-eabi/12.3.1/thumb/v7-m/nofp\libgcc.a(_arm_fixunssfsi.o)
                0x08002458                __fixunssfsi
                0x08002458                __aeabi_f2uiz
 *(.text*)
 .text.SystemClock_Config
                0x08002498       0x7e ./Core/Src/main.o
                0x08002498                SystemClock_Config
 *fill*         0x08002516        0x2 
 .text.CAN_Filter_Config
                0x08002518       0x70 ./Core/Src/main.o
                0x08002518                CAN_Filter_Config
 .text.startup.main
                0x08002588      0x130 ./Core/Src/main.o
                0x08002588                main
 .text.HAL_TIM_PeriodElapsedCallback
                0x080026b8       0x14 ./Core/Src/main.o
                0x080026b8                HAL_TIM_PeriodElapsedCallback
 .text.HAL_MspInit
                0x080026cc       0x44 ./Core/Src/stm32f1xx_hal_msp.o
                0x080026cc                HAL_MspInit
 .text.HAL_CAN_MspInit
                0x08002710       0x90 ./Core/Src/stm32f1xx_hal_msp.o
                0x08002710                HAL_CAN_MspInit
 .text.HAL_RTC_MspInit
                0x080027a0       0x3c ./Core/Src/stm32f1xx_hal_msp.o
                0x080027a0                HAL_RTC_MspInit
 .text.HAL_UART_MspInit
                0x080027dc       0x84 ./Core/Src/stm32f1xx_hal_msp.o
                0x080027dc                HAL_UART_MspInit
 .text.HAL_InitTick
                0x08002860       0x90 ./Core/Src/stm32f1xx_hal_timebase_tim.o
                0x08002860                HAL_InitTick
 .text.NMI_Handler
                0x080028f0        0x2 ./Core/Src/stm32f1xx_it.o
                0x080028f0                NMI_Handler
 .text.HardFault_Handler
                0x080028f2        0x2 ./Core/Src/stm32f1xx_it.o
                0x080028f2                HardFault_Handler
 .text.MemManage_Handler
                0x080028f4        0x2 ./Core/Src/stm32f1xx_it.o
                0x080028f4                MemManage_Handler
 .text.BusFault_Handler
                0x080028f6        0x2 ./Core/Src/stm32f1xx_it.o
                0x080028f6                BusFault_Handler
 .text.UsageFault_Handler
                0x080028f8        0x2 ./Core/Src/stm32f1xx_it.o
                0x080028f8                UsageFault_Handler
 .text.DebugMon_Handler
                0x080028fa        0x2 ./Core/Src/stm32f1xx_it.o
                0x080028fa                DebugMon_Handler
 .text.USB_HP_CAN1_TX_IRQHandler
                0x080028fc        0xc ./Core/Src/stm32f1xx_it.o
                0x080028fc                USB_HP_CAN1_TX_IRQHandler
 .text.USB_LP_CAN1_RX0_IRQHandler
                0x08002908        0x4 ./Core/Src/stm32f1xx_it.o
                0x08002908                USB_LP_CAN1_RX0_IRQHandler
 .text.TIM1_UP_IRQHandler
                0x0800290c        0xc ./Core/Src/stm32f1xx_it.o
                0x0800290c                TIM1_UP_IRQHandler
 .text.USART2_IRQHandler
                0x08002918        0xc ./Core/Src/stm32f1xx_it.o
                0x08002918                USART2_IRQHandler
 .text.SystemInit
                0x08002924       0x10 ./Core/Src/system_stm32f1xx.o
                0x08002924                SystemInit
 .text.Reset_Handler
                0x08002934       0x48 ./Core/Startup/startup_stm32f103c8tx.o
                0x08002934                Reset_Handler
 .text.Default_Handler
                0x0800297c        0x2 ./Core/Startup/startup_stm32f103c8tx.o
                0x0800297c                RTC_Alarm_IRQHandler
                0x0800297c                EXTI2_IRQHandler
                0x0800297c                TIM1_CC_IRQHandler
                0x0800297c                PVD_IRQHandler
                0x0800297c                EXTI3_IRQHandler
                0x0800297c                EXTI0_IRQHandler
                0x0800297c                I2C2_EV_IRQHandler
                0x0800297c                ADC1_2_IRQHandler
                0x0800297c                SPI1_IRQHandler
                0x0800297c                TAMPER_IRQHandler
                0x0800297c                DMA1_Channel4_IRQHandler
                0x0800297c                USART3_IRQHandler
                0x0800297c                RTC_IRQHandler
                0x0800297c                DMA1_Channel7_IRQHandler
                0x0800297c                CAN1_RX1_IRQHandler
                0x0800297c                TIM4_IRQHandler
                0x0800297c                I2C1_EV_IRQHandler
                0x0800297c                DMA1_Channel6_IRQHandler
                0x0800297c                TIM3_IRQHandler
                0x0800297c                RCC_IRQHandler
                0x0800297c                TIM1_TRG_COM_IRQHandler
                0x0800297c                DMA1_Channel1_IRQHandler
                0x0800297c                Default_Handler
                0x0800297c                EXTI15_10_IRQHandler
                0x0800297c                EXTI9_5_IRQHandler
                0x0800297c                SPI2_IRQHandler
                0x0800297c                DMA1_Channel5_IRQHandler
                0x0800297c                EXTI4_IRQHandler
                0x0800297c                DMA1_Channel3_IRQHandler
                0x0800297c                WWDG_IRQHandler
                0x0800297c                TIM2_IRQHandler
                0x0800297c                TIM1_BRK_IRQHandler
                0x0800297c                EXTI1_IRQHandler
                0x0800297c                I2C2_ER_IRQHandler
                0x0800297c                DMA1_Channel2_IRQHandler
                0x0800297c                CAN1_SCE_IRQHandler
                0x0800297c                FLASH_IRQHandler
                0x0800297c                USART1_IRQHandler
                0x0800297c                I2C1_ER_IRQHandler
                0x0800297c                USBWakeUp_IRQHandler
 *fill*         0x0800297e        0x2 
 .text.ReadDTCListFromFlash
                0x08002980       0x40 ./Diagnostics/Src/DTC.o
                0x08002980                ReadDTCListFromFlash
 .text.ClearDTCListFlash
                0x080029c0       0x4c ./Diagnostics/Src/DTC.o
                0x080029c0                ClearDTCListFlash
 .text.WriteDTCListToFlash
                0x08002a0c       0xbc ./Diagnostics/Src/DTC.o
                0x08002a0c                WriteDTCListToFlash
 .text.RTC_GetTime
                0x08002ac8       0x2c ./Diagnostics/Src/RTC.o
                0x08002ac8                RTC_GetTime
 .text.RTC_GetDate
                0x08002af4       0x2c ./Diagnostics/Src/RTC.o
                0x08002af4                RTC_GetDate
 .text.SendResponse
                0x08002b20       0x4c ./Diagnostics/Src/UDS.o
                0x08002b20                SendResponse
 .text.SendNegative
                0x08002b6c       0x1e ./Diagnostics/Src/UDS.o
                0x08002b6c                SendNegative
 .text.SendPositive
                0x08002b8a       0x1a ./Diagnostics/Src/UDS.o
                0x08002b8a                SendPositive
 .text.ProcessSessionControl
                0x08002ba4       0x34 ./Diagnostics/Src/UDS.o
                0x08002ba4                ProcessSessionControl
 .text.ProcessSecurityAccess
                0x08002bd8       0x30 ./Diagnostics/Src/UDS.o
                0x08002bd8                ProcessSecurityAccess
 .text.ProcessReadDataById
                0x08002c08       0x54 ./Diagnostics/Src/UDS.o
                0x08002c08                ProcessReadDataById
 .text.ProcessReadDTC
                0x08002c5c       0x88 ./Diagnostics/Src/UDS.o
                0x08002c5c                ProcessReadDTC
 .text.ProcessClearDTC
                0x08002ce4       0x38 ./Diagnostics/Src/UDS.o
                0x08002ce4                ProcessClearDTC
 .text.ProcessRequestDownload
                0x08002d1c       0x3c ./Diagnostics/Src/UDS.o
                0x08002d1c                ProcessRequestDownload
 .text.HAL_Init
                0x08002d58       0x24 ./Drivers/STM32F1xx_HAL_Driver/Src/stm32f1xx_hal.o
                0x08002d58                HAL_Init
 .text.HAL_IncTick
                0x08002d7c       0x18 ./Drivers/STM32F1xx_HAL_Driver/Src/stm32f1xx_hal.o
                0x08002d7c                HAL_IncTick
 .text.HAL_GetTick
                0x08002d94        0xc ./Drivers/STM32F1xx_HAL_Driver/Src/stm32f1xx_hal.o
                0x08002d94                HAL_GetTick
 .text.HAL_CAN_Init
                0x08002da0       0xf6 ./Drivers/STM32F1xx_HAL_Driver/Src/stm32f1xx_hal_can.o
                0x08002da0                HAL_CAN_Init
 .text.HAL_CAN_ConfigFilter
                0x08002e96       0xe0 ./Drivers/STM32F1xx_HAL_Driver/Src/stm32f1xx_hal_can.o
                0x08002e96                HAL_CAN_ConfigFilter
 .text.HAL_CAN_Start
                0x08002f76       0x56 ./Drivers/STM32F1xx_HAL_Driver/Src/stm32f1xx_hal_can.o
                0x08002f76                HAL_CAN_Start
 .text.HAL_CAN_AddTxMessage
                0x08002fcc       0x92 ./Drivers/STM32F1xx_HAL_Driver/Src/stm32f1xx_hal_can.o
                0x08002fcc                HAL_CAN_AddTxMessage
 .text.HAL_CAN_GetRxMessage
                0x0800305e       0xf8 ./Drivers/STM32F1xx_HAL_Driver/Src/stm32f1xx_hal_can.o
                0x0800305e                HAL_CAN_GetRxMessage
 .text.HAL_CAN_ActivateNotification
                0x08003156       0x22 ./Drivers/STM32F1xx_HAL_Driver/Src/stm32f1xx_hal_can.o
                0x08003156                HAL_CAN_ActivateNotification
 .text.HAL_CAN_TxMailbox0CompleteCallback
                0x08003178        0x2 ./Drivers/STM32F1xx_HAL_Driver/Src/stm32f1xx_hal_can.o
                0x08003178                HAL_CAN_TxMailbox0CompleteCallback
 .text.HAL_CAN_TxMailbox1CompleteCallback
                0x0800317a        0x2 ./Drivers/STM32F1xx_HAL_Driver/Src/stm32f1xx_hal_can.o
                0x0800317a                HAL_CAN_TxMailbox1CompleteCallback
 .text.HAL_CAN_TxMailbox2CompleteCallback
                0x0800317c        0x2 ./Drivers/STM32F1xx_HAL_Driver/Src/stm32f1xx_hal_can.o
                0x0800317c                HAL_CAN_TxMailbox2CompleteCallback
 .text.HAL_CAN_TxMailbox0AbortCallback
                0x0800317e        0x2 ./Drivers/STM32F1xx_HAL_Driver/Src/stm32f1xx_hal_can.o
                0x0800317e                HAL_CAN_TxMailbox0AbortCallback
 .text.HAL_CAN_TxMailbox1AbortCallback
                0x08003180        0x2 ./Drivers/STM32F1xx_HAL_Driver/Src/stm32f1xx_hal_can.o
                0x08003180                HAL_CAN_TxMailbox1AbortCallback
 .text.HAL_CAN_TxMailbox2AbortCallback
                0x08003182        0x2 ./Drivers/STM32F1xx_HAL_Driver/Src/stm32f1xx_hal_can.o
                0x08003182                HAL_CAN_TxMailbox2AbortCallback
 .text.HAL_CAN_RxFifo0FullCallback
                0x08003184        0x2 ./Drivers/STM32F1xx_HAL_Driver/Src/stm32f1xx_hal_can.o
                0x08003184                HAL_CAN_RxFifo0FullCallback
 .text.HAL_CAN_RxFifo1MsgPendingCallback
                0x08003186        0x2 ./Drivers/STM32F1xx_HAL_Driver/Src/stm32f1xx_hal_can.o
                0x08003186                HAL_CAN_RxFifo1MsgPendingCallback
 .text.HAL_CAN_RxFifo1FullCallback
                0x08003188        0x2 ./Drivers/STM32F1xx_HAL_Driver/Src/stm32f1xx_hal_can.o
                0x08003188                HAL_CAN_RxFifo1FullCallback
 .text.HAL_CAN_SleepCallback
                0x0800318a        0x2 ./Drivers/STM32F1xx_HAL_Driver/Src/stm32f1xx_hal_can.o
                0x0800318a                HAL_CAN_SleepCallback
 .text.HAL_CAN_WakeUpFromRxMsgCallback
                0x0800318c        0x2 ./Drivers/STM32F1xx_HAL_Driver/Src/stm32f1xx_hal_can.o
                0x0800318c                HAL_CAN_WakeUpFromRxMsgCallback
 .text.HAL_CAN_ErrorCallback
                0x0800318e        0x2 ./Drivers/STM32F1xx_HAL_Driver/Src/stm32f1xx_hal_can.o
                0x0800318e                HAL_CAN_ErrorCallback
 .text.HAL_CAN_IRQHandler
                0x08003190      0x20a ./Drivers/STM32F1xx_HAL_Driver/Src/stm32f1xx_hal_can.o
                0x08003190                HAL_CAN_IRQHandler
 *fill*         0x0800339a        0x2 
 .text.HAL_NVIC_SetPriorityGrouping
                0x0800339c       0x24 ./Drivers/STM32F1xx_HAL_Driver/Src/stm32f1xx_hal_cortex.o
                0x0800339c                HAL_NVIC_SetPriorityGrouping
 .text.HAL_NVIC_SetPriority
                0x080033c0       0x60 ./Drivers/STM32F1xx_HAL_Driver/Src/stm32f1xx_hal_cortex.o
                0x080033c0                HAL_NVIC_SetPriority
 .text.HAL_NVIC_EnableIRQ
                0x08003420       0x1c ./Drivers/STM32F1xx_HAL_Driver/Src/stm32f1xx_hal_cortex.o
                0x08003420                HAL_NVIC_EnableIRQ
 .text.HAL_DMA_Abort
                0x0800343c       0x3e ./Drivers/STM32F1xx_HAL_Driver/Src/stm32f1xx_hal_dma.o
                0x0800343c                HAL_DMA_Abort
 *fill*         0x0800347a        0x2 
 .text.HAL_DMA_Abort_IT
                0x0800347c       0x8c ./Drivers/STM32F1xx_HAL_Driver/Src/stm32f1xx_hal_dma.o
                0x0800347c                HAL_DMA_Abort_IT
 .text.FLASH_SetErrorCode
                0x08003508       0x50 ./Drivers/STM32F1xx_HAL_Driver/Src/stm32f1xx_hal_flash.o
 .text.HAL_FLASH_Unlock
                0x08003558       0x24 ./Drivers/STM32F1xx_HAL_Driver/Src/stm32f1xx_hal_flash.o
                0x08003558                HAL_FLASH_Unlock
 .text.HAL_FLASH_Lock
                0x0800357c       0x14 ./Drivers/STM32F1xx_HAL_Driver/Src/stm32f1xx_hal_flash.o
                0x0800357c                HAL_FLASH_Lock
 .text.FLASH_WaitForLastOperation
                0x08003590       0x54 ./Drivers/STM32F1xx_HAL_Driver/Src/stm32f1xx_hal_flash.o
                0x08003590                FLASH_WaitForLastOperation
 .text.HAL_FLASH_Program
                0x080035e4       0xa4 ./Drivers/STM32F1xx_HAL_Driver/Src/stm32f1xx_hal_flash.o
                0x080035e4                HAL_FLASH_Program
 .text.FLASH_PageErase
                0x08003688       0x24 ./Drivers/STM32F1xx_HAL_Driver/Src/stm32f1xx_hal_flash_ex.o
                0x08003688                FLASH_PageErase
 .text.HAL_FLASHEx_Erase
                0x080036ac       0xa8 ./Drivers/STM32F1xx_HAL_Driver/Src/stm32f1xx_hal_flash_ex.o
                0x080036ac                HAL_FLASHEx_Erase
 .text.HAL_GPIO_Init
                0x08003754      0x1b0 ./Drivers/STM32F1xx_HAL_Driver/Src/stm32f1xx_hal_gpio.o
                0x08003754                HAL_GPIO_Init
 .text.HAL_GPIO_WritePin
                0x08003904        0xa ./Drivers/STM32F1xx_HAL_Driver/Src/stm32f1xx_hal_gpio.o
                0x08003904                HAL_GPIO_WritePin
 *fill*         0x0800390e        0x2 
 .text.HAL_PWR_EnableBkUpAccess
                0x08003910        0xc ./Drivers/STM32F1xx_HAL_Driver/Src/stm32f1xx_hal_pwr.o
                0x08003910                HAL_PWR_EnableBkUpAccess
 .text.HAL_RCC_OscConfig
                0x0800391c      0x338 ./Drivers/STM32F1xx_HAL_Driver/Src/stm32f1xx_hal_rcc.o
                0x0800391c                HAL_RCC_OscConfig
 .text.HAL_RCC_GetSysClockFreq
                0x08003c54       0x4c ./Drivers/STM32F1xx_HAL_Driver/Src/stm32f1xx_hal_rcc.o
                0x08003c54                HAL_RCC_GetSysClockFreq
 .text.HAL_RCC_ClockConfig
                0x08003ca0      0x138 ./Drivers/STM32F1xx_HAL_Driver/Src/stm32f1xx_hal_rcc.o
                0x08003ca0                HAL_RCC_ClockConfig
 .text.HAL_RCC_GetPCLK1Freq
                0x08003dd8       0x20 ./Drivers/STM32F1xx_HAL_Driver/Src/stm32f1xx_hal_rcc.o
                0x08003dd8                HAL_RCC_GetPCLK1Freq
 .text.HAL_RCC_GetPCLK2Freq
                0x08003df8       0x20 ./Drivers/STM32F1xx_HAL_Driver/Src/stm32f1xx_hal_rcc.o
                0x08003df8                HAL_RCC_GetPCLK2Freq
 .text.HAL_RCC_GetClockConfig
                0x08003e18       0x3c ./Drivers/STM32F1xx_HAL_Driver/Src/stm32f1xx_hal_rcc.o
                0x08003e18                HAL_RCC_GetClockConfig
 .text.HAL_RCCEx_PeriphCLKConfig
                0x08003e54       0xf4 ./Drivers/STM32F1xx_HAL_Driver/Src/stm32f1xx_hal_rcc_ex.o
                0x08003e54                HAL_RCCEx_PeriphCLKConfig
 .text.HAL_RCCEx_GetPeriphCLKFreq
                0x08003f48       0xbc ./Drivers/STM32F1xx_HAL_Driver/Src/stm32f1xx_hal_rcc_ex.o
                0x08003f48                HAL_RCCEx_GetPeriphCLKFreq
 .text.RTC_ReadTimeCounter
                0x08004004       0x24 ./Drivers/STM32F1xx_HAL_Driver/Src/stm32f1xx_hal_rtc.o
 .text.RTC_ReadAlarmCounter
                0x08004028        0xe ./Drivers/STM32F1xx_HAL_Driver/Src/stm32f1xx_hal_rtc.o
 .text.RTC_ByteToBcd2
                0x08004036       0x16 ./Drivers/STM32F1xx_HAL_Driver/Src/stm32f1xx_hal_rtc.o
 .text.RTC_Bcd2ToByte
                0x0800404c       0x10 ./Drivers/STM32F1xx_HAL_Driver/Src/stm32f1xx_hal_rtc.o
 .text.RTC_WeekDayNum
                0x0800405c       0x62 ./Drivers/STM32F1xx_HAL_Driver/Src/stm32f1xx_hal_rtc.o
 .text.RTC_EnterInitMode
                0x080040be       0x2e ./Drivers/STM32F1xx_HAL_Driver/Src/stm32f1xx_hal_rtc.o
 .text.RTC_ExitInitMode
                0x080040ec       0x30 ./Drivers/STM32F1xx_HAL_Driver/Src/stm32f1xx_hal_rtc.o
 .text.RTC_WriteTimeCounter
                0x0800411c       0x28 ./Drivers/STM32F1xx_HAL_Driver/Src/stm32f1xx_hal_rtc.o
 .text.RTC_WriteAlarmCounter
                0x08004144       0x28 ./Drivers/STM32F1xx_HAL_Driver/Src/stm32f1xx_hal_rtc.o
 .text.HAL_RTC_SetTime
                0x0800416c       0xa2 ./Drivers/STM32F1xx_HAL_Driver/Src/stm32f1xx_hal_rtc.o
                0x0800416c                HAL_RTC_SetTime
 *fill*         0x0800420e        0x2 
 .text.HAL_RTC_GetTime
                0x08004210      0x168 ./Drivers/STM32F1xx_HAL_Driver/Src/stm32f1xx_hal_rtc.o
                0x08004210                HAL_RTC_GetTime
 .text.HAL_RTC_SetDate
                0x08004378       0xac ./Drivers/STM32F1xx_HAL_Driver/Src/stm32f1xx_hal_rtc.o
                0x08004378                HAL_RTC_SetDate
 .text.HAL_RTC_GetDate
                0x08004424       0x58 ./Drivers/STM32F1xx_HAL_Driver/Src/stm32f1xx_hal_rtc.o
                0x08004424                HAL_RTC_GetDate
 .text.HAL_RTC_WaitForSynchro
                0x0800447c       0x36 ./Drivers/STM32F1xx_HAL_Driver/Src/stm32f1xx_hal_rtc.o
                0x0800447c                HAL_RTC_WaitForSynchro
 *fill*         0x080044b2        0x2 
 .text.HAL_RTC_Init
                0x080044b4       0x8c ./Drivers/STM32F1xx_HAL_Driver/Src/stm32f1xx_hal_rtc.o
                0x080044b4                HAL_RTC_Init
 .text.HAL_TIM_Base_MspInit
                0x08004540        0x2 ./Drivers/STM32F1xx_HAL_Driver/Src/stm32f1xx_hal_tim.o
                0x08004540                HAL_TIM_Base_MspInit
 *fill*         0x08004542        0x2 
 .text.HAL_TIM_Base_Start_IT
                0x08004544       0x54 ./Drivers/STM32F1xx_HAL_Driver/Src/stm32f1xx_hal_tim.o
                0x08004544                HAL_TIM_Base_Start_IT
 .text.HAL_TIM_OC_DelayElapsedCallback
                0x08004598        0x2 ./Drivers/STM32F1xx_HAL_Driver/Src/stm32f1xx_hal_tim.o
                0x08004598                HAL_TIM_OC_DelayElapsedCallback
 .text.HAL_TIM_IC_CaptureCallback
                0x0800459a        0x2 ./Drivers/STM32F1xx_HAL_Driver/Src/stm32f1xx_hal_tim.o
                0x0800459a                HAL_TIM_IC_CaptureCallback
 .text.HAL_TIM_PWM_PulseFinishedCallback
                0x0800459c        0x2 ./Drivers/STM32F1xx_HAL_Driver/Src/stm32f1xx_hal_tim.o
                0x0800459c                HAL_TIM_PWM_PulseFinishedCallback
 .text.HAL_TIM_TriggerCallback
                0x0800459e        0x2 ./Drivers/STM32F1xx_HAL_Driver/Src/stm32f1xx_hal_tim.o
                0x0800459e                HAL_TIM_TriggerCallback
 .text.HAL_TIM_IRQHandler
                0x080045a0      0x128 ./Drivers/STM32F1xx_HAL_Driver/Src/stm32f1xx_hal_tim.o
                0x080045a0                HAL_TIM_IRQHandler
 .text.TIM_Base_SetConfig
                0x080046c8       0x80 ./Drivers/STM32F1xx_HAL_Driver/Src/stm32f1xx_hal_tim.o
                0x080046c8                TIM_Base_SetConfig
 .text.HAL_TIM_Base_Init
                0x08004748       0x58 ./Drivers/STM32F1xx_HAL_Driver/Src/stm32f1xx_hal_tim.o
                0x08004748                HAL_TIM_Base_Init
 .text.HAL_TIMEx_CommutCallback
                0x080047a0        0x2 ./Drivers/STM32F1xx_HAL_Driver/Src/stm32f1xx_hal_tim_ex.o
                0x080047a0                HAL_TIMEx_CommutCallback
 .text.HAL_TIMEx_BreakCallback
                0x080047a2        0x2 ./Drivers/STM32F1xx_HAL_Driver/Src/stm32f1xx_hal_tim_ex.o
                0x080047a2                HAL_TIMEx_BreakCallback
 .text.UART_EndRxTransfer
                0x080047a4       0x5c ./Drivers/STM32F1xx_HAL_Driver/Src/stm32f1xx_hal_uart.o
 .text.UART_SetConfig
                0x08004800       0x74 ./Drivers/STM32F1xx_HAL_Driver/Src/stm32f1xx_hal_uart.o
 .text.HAL_UART_Init
                0x08004874       0x5e ./Drivers/STM32F1xx_HAL_Driver/Src/stm32f1xx_hal_uart.o
                0x08004874                HAL_UART_Init
 .text.HAL_UART_TxCpltCallback
                0x080048d2        0x2 ./Drivers/STM32F1xx_HAL_Driver/Src/stm32f1xx_hal_uart.o
                0x080048d2                HAL_UART_TxCpltCallback
 .text.HAL_UART_RxCpltCallback
                0x080048d4        0x2 ./Drivers/STM32F1xx_HAL_Driver/Src/stm32f1xx_hal_uart.o
                0x080048d4                HAL_UART_RxCpltCallback
 .text.HAL_UART_ErrorCallback
                0x080048d6        0x2 ./Drivers/STM32F1xx_HAL_Driver/Src/stm32f1xx_hal_uart.o
                0x080048d6                HAL_UART_ErrorCallback
 .text.UART_DMAAbortOnError
                0x080048d8       0x10 ./Drivers/STM32F1xx_HAL_Driver/Src/stm32f1xx_hal_uart.o
 .text.HAL_UARTEx_RxEventCallback
                0x080048e8        0x2 ./Drivers/STM32F1xx_HAL_Driver/Src/stm32f1xx_hal_uart.o
                0x080048e8                HAL_UARTEx_RxEventCallback
 .text.UART_Receive_IT.isra.0
                0x080048ea       0xb6 ./Drivers/STM32F1xx_HAL_Driver/Src/stm32f1xx_hal_uart.o
 .text.HAL_UART_IRQHandler
                0x080049a0      0x294 ./Drivers/STM32F1xx_HAL_Driver/Src/stm32f1xx_hal_uart.o
                0x080049a0                HAL_UART_IRQHandler
 .text.StartCANReceiveTask
                0x08004c34       0x54 ./Tasks/Src/CANReceiveTask.o
 .text.InitCANReceiveTask
                0x08004c88       0x44 ./Tasks/Src/CANReceiveTask.o
                0x08004c88                InitCANReceiveTask
 .text.HAL_CAN_RxFifo0MsgPendingCallback
                0x08004ccc       0x40 ./Tasks/Src/CANReceiveTask.o
                0x08004ccc                HAL_CAN_RxFifo0MsgPendingCallback
 .text.StartCANTransmitTask
                0x08004d0c       0x40 ./Tasks/Src/CANTransmitTask.o
 .text.InitCANTransmitTask
                0x08004d4c       0x34 ./Tasks/Src/CANTransmitTask.o
                0x08004d4c                InitCANTransmitTask
 .text.StartControlTask
                0x08004d80       0xc0 ./Tasks/Src/ControlTask.o
 .text.InitControlTask
                0x08004e40       0x38 ./Tasks/Src/ControlTask.o
                0x08004e40                InitControlTask
 .text.StartDiagnosticsTask
                0x08004e78       0x78 ./Tasks/Src/DiagnosticsTask.o
 .text.InitDiagnosticsTask
                0x08004ef0       0x38 ./Tasks/Src/DiagnosticsTask.o
                0x08004ef0                InitDiagnosticsTask
 .text.InitOTAManagerTask
                0x08004f28       0x34 ./Tasks/Src/OTAManagerTask.o
                0x08004f28                InitOTAManagerTask
 .text.WriteMetadata
                0x08004f5c       0x6c ./Tasks/Src/OTAManagerTask.o
                0x08004f5c                WriteMetadata
 .text.ReadMetadata
                0x08004fc8       0x38 ./Tasks/Src/OTAManagerTask.o
                0x08004fc8                ReadMetadata
 .text.StartOTAManagerTask
                0x08005000       0x54 ./Tasks/Src/OTAManagerTask.o
 .text.FreeRTOS_Init
                0x08005054       0x1a ./Tasks/Src/TaskHandle.o
                0x08005054                FreeRTOS_Init
 .text.Start_Scheduler
                0x0800506e        0x4 ./Tasks/Src/TaskHandle.o
                0x0800506e                Start_Scheduler
 .text.vListInitialise
                0x08005072       0x16 ./ThridParty/FreeRTOS/list.o
                0x08005072                vListInitialise
 .text.vListInitialiseItem
                0x08005088        0x6 ./ThridParty/FreeRTOS/list.o
                0x08005088                vListInitialiseItem
 .text.vListInsert
                0x0800508e       0x2e ./ThridParty/FreeRTOS/list.o
                0x0800508e                vListInsert
 .text.uxListRemove
                0x080050bc       0x20 ./ThridParty/FreeRTOS/list.o
                0x080050bc                uxListRemove
 .text.prvIsQueueEmpty
                0x080050dc       0x16 ./ThridParty/FreeRTOS/queue.o
 .text.prvCopyDataToQueue
                0x080050f2       0x66 ./ThridParty/FreeRTOS/queue.o
 .text.prvCopyDataFromQueue
                0x08005158       0x28 ./ThridParty/FreeRTOS/queue.o
 .text.prvUnlockQueue
                0x08005180       0x70 ./ThridParty/FreeRTOS/queue.o
 .text.xQueueGenericReset
                0x080051f0       0x9a ./ThridParty/FreeRTOS/queue.o
                0x080051f0                xQueueGenericReset
 .text.xQueueGenericCreate
                0x0800528a       0x54 ./ThridParty/FreeRTOS/queue.o
                0x0800528a                xQueueGenericCreate
 .text.xQueueGenericSend
                0x080052de      0x164 ./ThridParty/FreeRTOS/queue.o
                0x080052de                xQueueGenericSend
 .text.xQueueGenericSendFromISR
                0x08005442       0xd8 ./ThridParty/FreeRTOS/queue.o
                0x08005442                xQueueGenericSendFromISR
 .text.xQueueReceive
                0x0800551a      0x13c ./ThridParty/FreeRTOS/queue.o
                0x0800551a                xQueueReceive
 *fill*         0x08005656        0x2 
 .text.vQueueAddToRegistry
                0x08005658       0x50 ./ThridParty/FreeRTOS/queue.o
                0x08005658                vQueueAddToRegistry
 .text.vQueueWaitForMessageRestricted
                0x080056a8       0x46 ./ThridParty/FreeRTOS/queue.o
                0x080056a8                vQueueWaitForMessageRestricted
 *fill*         0x080056ee        0x2 
 .text.prvAddCurrentTaskToDelayedList
                0x080056f0       0xa0 ./ThridParty/FreeRTOS/tasks.o
 .text.prvResetNextTaskUnblockTime
                0x08005790       0x24 ./ThridParty/FreeRTOS/tasks.o
 .text.prvIdleTask
                0x080057b4       0x68 ./ThridParty/FreeRTOS/tasks.o
 .text.xTaskCreate
                0x0800581c      0x1d0 ./ThridParty/FreeRTOS/tasks.o
                0x0800581c                xTaskCreate
 .text.vTaskStartScheduler
                0x080059ec       0x80 ./ThridParty/FreeRTOS/tasks.o
                0x080059ec                vTaskStartScheduler
 .text.vTaskSuspendAll
                0x08005a6c       0x10 ./ThridParty/FreeRTOS/tasks.o
                0x08005a6c                vTaskSuspendAll
 .text.xTaskGetTickCount
                0x08005a7c        0xc ./ThridParty/FreeRTOS/tasks.o
                0x08005a7c                xTaskGetTickCount
 .text.uxTaskGetNumberOfTasks
                0x08005a88        0xc ./ThridParty/FreeRTOS/tasks.o
                0x08005a88                uxTaskGetNumberOfTasks
 .text.xTaskIncrementTick
                0x08005a94      0x16c ./ThridParty/FreeRTOS/tasks.o
                0x08005a94                xTaskIncrementTick
 .text.xTaskResumeAll
                0x08005c00      0x13c ./ThridParty/FreeRTOS/tasks.o
                0x08005c00                xTaskResumeAll
 .text.vTaskDelay
                0x08005d3c       0x48 ./ThridParty/FreeRTOS/tasks.o
                0x08005d3c                vTaskDelay
 .text.vTaskSwitchContext
                0x08005d84       0x74 ./ThridParty/FreeRTOS/tasks.o
                0x08005d84                vTaskSwitchContext
 .text.vTaskPlaceOnEventList
                0x08005df8       0x34 ./ThridParty/FreeRTOS/tasks.o
                0x08005df8                vTaskPlaceOnEventList
 .text.vTaskPlaceOnEventListRestricted
                0x08005e2c       0x5c ./ThridParty/FreeRTOS/tasks.o
                0x08005e2c                vTaskPlaceOnEventListRestricted
 .text.xTaskRemoveFromEventList
                0x08005e88       0xcc ./ThridParty/FreeRTOS/tasks.o
                0x08005e88                xTaskRemoveFromEventList
 .text.vTaskInternalSetTimeOutState
                0x08005f54       0x18 ./ThridParty/FreeRTOS/tasks.o
                0x08005f54                vTaskInternalSetTimeOutState
 .text.xTaskCheckForTimeOut
                0x08005f6c       0x78 ./ThridParty/FreeRTOS/tasks.o
                0x08005f6c                xTaskCheckForTimeOut
 .text.vTaskMissedYield
                0x08005fe4        0xc ./ThridParty/FreeRTOS/tasks.o
                0x08005fe4                vTaskMissedYield
 .text.xTaskGetSchedulerState
                0x08005ff0       0x20 ./ThridParty/FreeRTOS/tasks.o
                0x08005ff0                xTaskGetSchedulerState
 .text.xTaskPriorityDisinherit
                0x08006010       0xa4 ./ThridParty/FreeRTOS/tasks.o
                0x08006010                xTaskPriorityDisinherit
 .text.prvInsertTimerInActiveList
                0x080060b4       0x3c ./ThridParty/FreeRTOS/timers.o
 .text.prvReloadTimer
                0x080060f0       0x26 ./ThridParty/FreeRTOS/timers.o
 *fill*         0x08006116        0x2 
 .text.prvProcessExpiredTimer
                0x08006118       0x40 ./ThridParty/FreeRTOS/timers.o
 .text.prvSampleTimeNow
                0x08006158       0x4c ./ThridParty/FreeRTOS/timers.o
 .text.prvTimerTask
                0x080061a4      0x160 ./ThridParty/FreeRTOS/timers.o
 .text.prvCheckForValidListAndQueue
                0x08006304       0x58 ./ThridParty/FreeRTOS/timers.o
 .text.xTimerCreateTimerTask
                0x0800635c       0x4c ./ThridParty/FreeRTOS/timers.o
                0x0800635c                xTimerCreateTimerTask
 .text.prvPortStartFirstTask
                0x080063a8       0x20 ./ThridParty/FreeRTOS/portable/GCC/ARM_CM3/port.o
 .text.prvTaskExitError
                0x080063c8       0x40 ./ThridParty/FreeRTOS/portable/GCC/ARM_CM3/port.o
 .text.pxPortInitialiseStack
                0x08006408       0x24 ./ThridParty/FreeRTOS/portable/GCC/ARM_CM3/port.o
                0x08006408                pxPortInitialiseStack
 *fill*         0x0800642c        0x4 
 .text.SVC_Handler
                0x08006430       0x24 ./ThridParty/FreeRTOS/portable/GCC/ARM_CM3/port.o
                0x08006430                SVC_Handler
 .text.vPortEnterCritical
                0x08006454       0x40 ./ThridParty/FreeRTOS/portable/GCC/ARM_CM3/port.o
                0x08006454                vPortEnterCritical
 .text.vPortExitCritical
                0x08006494       0x28 ./ThridParty/FreeRTOS/portable/GCC/ARM_CM3/port.o
                0x08006494                vPortExitCritical
 *fill*         0x080064bc        0x4 
 .text.PendSV_Handler
                0x080064c0       0x44 ./ThridParty/FreeRTOS/portable/GCC/ARM_CM3/port.o
                0x080064c0                PendSV_Handler
 .text.SysTick_Handler
                0x08006504       0x2c ./ThridParty/FreeRTOS/portable/GCC/ARM_CM3/port.o
                0x08006504                SysTick_Handler
 .text.vPortSetupTimerInterrupt
                0x08006530       0x24 ./ThridParty/FreeRTOS/portable/GCC/ARM_CM3/port.o
                0x08006530                vPortSetupTimerInterrupt
 .text.xPortStartScheduler
                0x08006554       0xb0 ./ThridParty/FreeRTOS/portable/GCC/ARM_CM3/port.o
                0x08006554                xPortStartScheduler
 .text.vPortValidateInterruptPriority
                0x08006604       0x5c ./ThridParty/FreeRTOS/portable/GCC/ARM_CM3/port.o
                0x08006604                vPortValidateInterruptPriority
 .text.prvInsertBlockIntoFreeList
                0x08006660       0x4c ./ThridParty/FreeRTOS/portable/MemMang/heap_4.o
 .text.pvPortMalloc
                0x080066ac      0x120 ./ThridParty/FreeRTOS/portable/MemMang/heap_4.o
                0x080066ac                pvPortMalloc
 .text.vPortFree
                0x080067cc       0x74 ./ThridParty/FreeRTOS/portable/MemMang/heap_4.o
                0x080067cc                vPortFree
 .text.memset   0x08006840       0x10 C:/ST/STM32CubeIDE_1.16.1/STM32CubeIDE/plugins/com.st.stm32cube.ide.mcu.externaltools.gnu-tools-for-stm32.12.3.rel1.win32_1.0.200.202406191623/tools/bin/../lib/gcc/arm-none-eabi/12.3.1/../../../../arm-none-eabi/lib/thumb/v7-m/nofp\libc_nano.a(libc_a-memset.o)
                0x08006840                memset
 .text.__libc_init_array
                0x08006850       0x48 C:/ST/STM32CubeIDE_1.16.1/STM32CubeIDE/plugins/com.st.stm32cube.ide.mcu.externaltools.gnu-tools-for-stm32.12.3.rel1.win32_1.0.200.202406191623/tools/bin/../lib/gcc/arm-none-eabi/12.3.1/../../../../arm-none-eabi/lib/thumb/v7-m/nofp\libc_nano.a(libc_a-init.o)
                0x08006850                __libc_init_array
 .text.memcpy   0x08006898       0x1c C:/ST/STM32CubeIDE_1.16.1/STM32CubeIDE/plugins/com.st.stm32cube.ide.mcu.externaltools.gnu-tools-for-stm32.12.3.rel1.win32_1.0.200.202406191623/tools/bin/../lib/gcc/arm-none-eabi/12.3.1/../../../../arm-none-eabi/lib/thumb/v7-m/nofp\libc_nano.a(libc_a-memcpy-stub.o)
                0x08006898                memcpy
 *(.glue_7)
 .glue_7        0x080068b4        0x0 linker stubs
 *(.glue_7t)
 .glue_7t       0x080068b4        0x0 linker stubs
 *(.eh_frame)
 .eh_frame      0x080068b4        0x0 C:/ST/STM32CubeIDE_1.16.1/STM32CubeIDE/plugins/com.st.stm32cube.ide.mcu.externaltools.gnu-tools-for-stm32.12.3.rel1.win32_1.0.200.202406191623/tools/bin/../lib/gcc/arm-none-eabi/12.3.1/thumb/v7-m/nofp/crtbegin.o
 *(.init)
 .init          0x080068b4        0x4 C:/ST/STM32CubeIDE_1.16.1/STM32CubeIDE/plugins/com.st.stm32cube.ide.mcu.externaltools.gnu-tools-for-stm32.12.3.rel1.win32_1.0.200.202406191623/tools/bin/../lib/gcc/arm-none-eabi/12.3.1/thumb/v7-m/nofp/crti.o
                0x080068b4                _init
 .init          0x080068b8        0x8 C:/ST/STM32CubeIDE_1.16.1/STM32CubeIDE/plugins/com.st.stm32cube.ide.mcu.externaltools.gnu-tools-for-stm32.12.3.rel1.win32_1.0.200.202406191623/tools/bin/../lib/gcc/arm-none-eabi/12.3.1/thumb/v7-m/nofp/crtn.o
 *(.fini)
 .fini          0x080068c0        0x4 C:/ST/STM32CubeIDE_1.16.1/STM32CubeIDE/plugins/com.st.stm32cube.ide.mcu.externaltools.gnu-tools-for-stm32.12.3.rel1.win32_1.0.200.202406191623/tools/bin/../lib/gcc/arm-none-eabi/12.3.1/thumb/v7-m/nofp/crti.o
                0x080068c0                _fini
 .fini          0x080068c4        0x8 C:/ST/STM32CubeIDE_1.16.1/STM32CubeIDE/plugins/com.st.stm32cube.ide.mcu.externaltools.gnu-tools-for-stm32.12.3.rel1.win32_1.0.200.202406191623/tools/bin/../lib/gcc/arm-none-eabi/12.3.1/thumb/v7-m/nofp/crtn.o
                0x080068cc                        . = ALIGN (0x4)
                0x080068cc                        _etext = .

.vfp11_veneer   0x080068cc        0x0
 .vfp11_veneer  0x080068cc        0x0 linker stubs

.v4_bx          0x080068cc        0x0
 .v4_bx         0x080068cc        0x0 linker stubs

.iplt           0x080068cc        0x0
 .iplt          0x080068cc        0x0 C:/ST/STM32CubeIDE_1.16.1/STM32CubeIDE/plugins/com.st.stm32cube.ide.mcu.externaltools.gnu-tools-for-stm32.12.3.rel1.win32_1.0.200.202406191623/tools/bin/../lib/gcc/arm-none-eabi/12.3.1/thumb/v7-m/nofp/crtbegin.o

.rodata         0x080068cc       0x7c
                0x080068cc                        . = ALIGN (0x4)
 *(.rodata)
 *(.rodata*)
 .rodata.APBPrescTable
                0x080068cc        0x8 ./Core/Src/system_stm32f1xx.o
                0x080068cc                APBPrescTable
 .rodata.AHBPrescTable
                0x080068d4       0x10 ./Core/Src/system_stm32f1xx.o
                0x080068d4                AHBPrescTable
 .rodata.aPredivFactorTable.0
                0x080068e4        0x2 ./Drivers/STM32F1xx_HAL_Driver/Src/stm32f1xx_hal_rcc.o
 .rodata.aPLLMULFactorTable.1
                0x080068e6       0x10 ./Drivers/STM32F1xx_HAL_Driver/Src/stm32f1xx_hal_rcc.o
 .rodata.aPredivFactorTable.0
                0x080068f6        0x2 ./Drivers/STM32F1xx_HAL_Driver/Src/stm32f1xx_hal_rcc_ex.o
 .rodata.aPLLMULFactorTable.1
                0x080068f8       0x10 ./Drivers/STM32F1xx_HAL_Driver/Src/stm32f1xx_hal_rcc_ex.o
 .rodata.InitCANReceiveTask.str1.1
                0x08006908        0xb ./Tasks/Src/CANReceiveTask.o
 .rodata.InitCANTransmitTask.str1.1
                0x08006913        0x6 ./Tasks/Src/CANTransmitTask.o
 .rodata.InitControlTask.str1.1
                0x08006919        0x8 ./Tasks/Src/ControlTask.o
 .rodata.InitDiagnosticsTask.str1.1
                0x08006921        0xc ./Tasks/Src/DiagnosticsTask.o
 .rodata.InitOTAManagerTask.str1.1
                0x0800692d        0x7 ./Tasks/Src/OTAManagerTask.o
 .rodata.vTaskStartScheduler.str1.1
                0x08006934        0x5 ./ThridParty/FreeRTOS/tasks.o
 .rodata.prvCheckForValidListAndQueue.str1.1
                0x08006939        0x5 ./ThridParty/FreeRTOS/timers.o
 .rodata.xTimerCreateTimerTask.str1.1
                0x0800693e        0x8 ./ThridParty/FreeRTOS/timers.o
                0x08006948                        . = ALIGN (0x4)
 *fill*         0x08006946        0x2 

.ARM.extab      0x08006948        0x0
                0x08006948                        . = ALIGN (0x4)
 *(.ARM.extab* .gnu.linkonce.armextab.*)
                0x08006948                        . = ALIGN (0x4)

.ARM            0x08006948        0x0
                0x08006948                        . = ALIGN (0x4)
                0x08006948                        __exidx_start = .
 *(.ARM.exidx*)
                0x08006948                        __exidx_end = .
                0x08006948                        . = ALIGN (0x4)

.preinit_array  0x08006948        0x0
                0x08006948                        . = ALIGN (0x4)
                0x08006948                        PROVIDE (__preinit_array_start = .)
 *(.preinit_array*)
                0x08006948                        PROVIDE (__preinit_array_end = .)
                0x08006948                        . = ALIGN (0x4)

.init_array     0x08006948        0x4
                0x08006948                        . = ALIGN (0x4)
                0x08006948                        PROVIDE (__init_array_start = .)
 *(SORT_BY_NAME(.init_array.*))
 *(.init_array*)
 .init_array    0x08006948        0x4 C:/ST/STM32CubeIDE_1.16.1/STM32CubeIDE/plugins/com.st.stm32cube.ide.mcu.externaltools.gnu-tools-for-stm32.12.3.rel1.win32_1.0.200.202406191623/tools/bin/../lib/gcc/arm-none-eabi/12.3.1/thumb/v7-m/nofp/crtbegin.o
                0x0800694c                        PROVIDE (__init_array_end = .)
                0x0800694c                        . = ALIGN (0x4)

.fini_array     0x0800694c        0x4
                0x0800694c                        . = ALIGN (0x4)
                [!provide]                        PROVIDE (__fini_array_start = .)
 *(SORT_BY_NAME(.fini_array.*))
 *(.fini_array*)
 .fini_array    0x0800694c        0x4 C:/ST/STM32CubeIDE_1.16.1/STM32CubeIDE/plugins/com.st.stm32cube.ide.mcu.externaltools.gnu-tools-for-stm32.12.3.rel1.win32_1.0.200.202406191623/tools/bin/../lib/gcc/arm-none-eabi/12.3.1/thumb/v7-m/nofp/crtbegin.o
                [!provide]                        PROVIDE (__fini_array_end = .)
                0x08006950                        . = ALIGN (0x4)
                0x08006950                        _sidata = LOADADDR (.data)

.rel.dyn        0x08006950        0x0
 .rel.iplt      0x08006950        0x0 C:/ST/STM32CubeIDE_1.16.1/STM32CubeIDE/plugins/com.st.stm32cube.ide.mcu.externaltools.gnu-tools-for-stm32.12.3.rel1.win32_1.0.200.202406191623/tools/bin/../lib/gcc/arm-none-eabi/12.3.1/thumb/v7-m/nofp/crtbegin.o

.data           0x20000000       0x14 load address 0x08006950
                0x20000000                        . = ALIGN (0x4)
                0x20000000                        _sdata = .
 *(.data)
 *(.data*)
 .data.SystemCoreClock
                0x20000000        0x4 ./Core/Src/system_stm32f1xx.o
                0x20000000                SystemCoreClock
 .data.uwTickFreq
                0x20000004        0x1 ./Drivers/STM32F1xx_HAL_Driver/Src/stm32f1xx_hal.o
                0x20000004                uwTickFreq
 *fill*         0x20000005        0x3 
 .data.uwTickPrio
                0x20000008        0x4 ./Drivers/STM32F1xx_HAL_Driver/Src/stm32f1xx_hal.o
                0x20000008                uwTickPrio
 .data.uxTopUsedPriority
                0x2000000c        0x4 ./ThridParty/FreeRTOS/tasks.o
                0x2000000c                uxTopUsedPriority
 .data.uxCriticalNesting
                0x20000010        0x4 ./ThridParty/FreeRTOS/portable/GCC/ARM_CM3/port.o
 *(.RamFunc)
 *(.RamFunc*)
                0x20000014                        . = ALIGN (0x4)
                0x20000014                        _edata = .

.igot.plt       0x20000014        0x0 load address 0x08006964
 .igot.plt      0x20000014        0x0 C:/ST/STM32CubeIDE_1.16.1/STM32CubeIDE/plugins/com.st.stm32cube.ide.mcu.externaltools.gnu-tools-for-stm32.12.3.rel1.win32_1.0.200.202406191623/tools/bin/../lib/gcc/arm-none-eabi/12.3.1/thumb/v7-m/nofp/crtbegin.o
                0x20000014                        . = ALIGN (0x4)

.bss            0x20000018     0x2ad4 load address 0x08006964
                0x20000018                        _sbss = .
                0x20000018                        __bss_start__ = _sbss
 *(.bss)
 .bss           0x20000018       0x1c C:/ST/STM32CubeIDE_1.16.1/STM32CubeIDE/plugins/com.st.stm32cube.ide.mcu.externaltools.gnu-tools-for-stm32.12.3.rel1.win32_1.0.200.202406191623/tools/bin/../lib/gcc/arm-none-eabi/12.3.1/thumb/v7-m/nofp/crtbegin.o
 *(.bss*)
 .bss.huart2    0x20000034       0x48 ./Core/Src/main.o
                0x20000034                huart2
 .bss.hrtc      0x2000007c       0x14 ./Core/Src/main.o
                0x2000007c                hrtc
 .bss.hcan      0x20000090       0x28 ./Core/Src/main.o
                0x20000090                hcan
 .bss.htim1     0x200000b8       0x48 ./Core/Src/stm32f1xx_hal_timebase_tim.o
                0x200000b8                htim1
 .bss.SecurityUnlocked
                0x20000100        0x1 ./Diagnostics/Src/UDS.o
 .bss.CurrentSession
                0x20000101        0x1 ./Diagnostics/Src/UDS.o
 *fill*         0x20000102        0x2 
 .bss.uwTick    0x20000104        0x4 ./Drivers/STM32F1xx_HAL_Driver/Src/stm32f1xx_hal.o
                0x20000104                uwTick
 .bss.pFlash    0x20000108       0x20 ./Drivers/STM32F1xx_HAL_Driver/Src/stm32f1xx_hal_flash.o
                0x20000108                pFlash
 .bss.xCanRxQueue
                0x20000128        0x4 ./Tasks/Src/CANReceiveTask.o
                0x20000128                xCanRxQueue
 .bss.xCanTxQueue
                0x2000012c        0x4 ./Tasks/Src/CANTransmitTask.o
                0x2000012c                xCanTxQueue
 .bss.LatestDist
                0x20000130        0x4 ./Tasks/Src/ControlTask.o
                0x20000130                LatestDist
 .bss.LatestTemp
                0x20000134        0x4 ./Tasks/Src/ControlTask.o
                0x20000134                LatestTemp
 .bss.xSensorQueue
                0x20000138        0x4 ./Tasks/Src/ControlTask.o
                0x20000138                xSensorQueue
 .bss.xDiagQueue
                0x2000013c        0x4 ./Tasks/Src/DiagnosticsTask.o
                0x2000013c                xDiagQueue
 .bss.xOtaQueue
                0x20000140        0x4 ./Tasks/Src/OTAManagerTask.o
                0x20000140                xOtaQueue
 .bss.MetaData  0x20000144       0x10 ./Tasks/Src/OTAManagerTask.o
 .bss.xQueueRegistry
                0x20000154       0x20 ./ThridParty/FreeRTOS/queue.o
                0x20000154                xQueueRegistry
 .bss.uxSchedulerSuspended
                0x20000174        0x4 ./ThridParty/FreeRTOS/tasks.o
 .bss.xIdleTaskHandle
                0x20000178        0x4 ./ThridParty/FreeRTOS/tasks.o
 .bss.xNextTaskUnblockTime
                0x2000017c        0x4 ./ThridParty/FreeRTOS/tasks.o
 .bss.uxTaskNumber
                0x20000180        0x4 ./ThridParty/FreeRTOS/tasks.o
 .bss.xNumOfOverflows
                0x20000184        0x4 ./ThridParty/FreeRTOS/tasks.o
 .bss.xYieldPending
                0x20000188        0x4 ./ThridParty/FreeRTOS/tasks.o
 .bss.xPendedTicks
                0x2000018c        0x4 ./ThridParty/FreeRTOS/tasks.o
 .bss.xSchedulerRunning
                0x20000190        0x4 ./ThridParty/FreeRTOS/tasks.o
 .bss.uxTopReadyPriority
                0x20000194        0x4 ./ThridParty/FreeRTOS/tasks.o
 .bss.xTickCount
                0x20000198        0x4 ./ThridParty/FreeRTOS/tasks.o
 .bss.uxCurrentNumberOfTasks
                0x2000019c        0x4 ./ThridParty/FreeRTOS/tasks.o
 .bss.xSuspendedTaskList
                0x200001a0       0x14 ./ThridParty/FreeRTOS/tasks.o
 .bss.uxDeletedTasksWaitingCleanUp
                0x200001b4        0x4 ./ThridParty/FreeRTOS/tasks.o
 .bss.xTasksWaitingTermination
                0x200001b8       0x14 ./ThridParty/FreeRTOS/tasks.o
 .bss.xPendingReadyList
                0x200001cc       0x14 ./ThridParty/FreeRTOS/tasks.o
 .bss.pxOverflowDelayedTaskList
                0x200001e0        0x4 ./ThridParty/FreeRTOS/tasks.o
 .bss.pxDelayedTaskList
                0x200001e4        0x4 ./ThridParty/FreeRTOS/tasks.o
 .bss.xDelayedTaskList2
                0x200001e8       0x14 ./ThridParty/FreeRTOS/tasks.o
 .bss.xDelayedTaskList1
                0x200001fc       0x14 ./ThridParty/FreeRTOS/tasks.o
 .bss.pxReadyTasksLists
                0x20000210       0x78 ./ThridParty/FreeRTOS/tasks.o
 .bss.pxCurrentTCB
                0x20000288        0x4 ./ThridParty/FreeRTOS/tasks.o
                0x20000288                pxCurrentTCB
 .bss.xLastTime.0
                0x2000028c        0x4 ./ThridParty/FreeRTOS/timers.o
 .bss.xTimerTaskHandle
                0x20000290        0x4 ./ThridParty/FreeRTOS/timers.o
 .bss.xTimerQueue
                0x20000294        0x4 ./ThridParty/FreeRTOS/timers.o
 .bss.pxOverflowTimerList
                0x20000298        0x4 ./ThridParty/FreeRTOS/timers.o
 .bss.pxCurrentTimerList
                0x2000029c        0x4 ./ThridParty/FreeRTOS/timers.o
 .bss.xActiveTimerList2
                0x200002a0       0x14 ./ThridParty/FreeRTOS/timers.o
 .bss.xActiveTimerList1
                0x200002b4       0x14 ./ThridParty/FreeRTOS/timers.o
 .bss.ulMaxPRIGROUPValue
                0x200002c8        0x4 ./ThridParty/FreeRTOS/portable/GCC/ARM_CM3/port.o
 .bss.ucMaxSysCallPriority
                0x200002cc        0x1 ./ThridParty/FreeRTOS/portable/GCC/ARM_CM3/port.o
 *fill*         0x200002cd        0x3 
 .bss.xNumberOfSuccessfulFrees
                0x200002d0        0x4 ./ThridParty/FreeRTOS/portable/MemMang/heap_4.o
 .bss.xNumberOfSuccessfulAllocations
                0x200002d4        0x4 ./ThridParty/FreeRTOS/portable/MemMang/heap_4.o
 .bss.xMinimumEverFreeBytesRemaining
                0x200002d8        0x4 ./ThridParty/FreeRTOS/portable/MemMang/heap_4.o
 .bss.xFreeBytesRemaining
                0x200002dc        0x4 ./ThridParty/FreeRTOS/portable/MemMang/heap_4.o
 .bss.pxEnd     0x200002e0        0x4 ./ThridParty/FreeRTOS/portable/MemMang/heap_4.o
 .bss.xStart    0x200002e4        0x8 ./ThridParty/FreeRTOS/portable/MemMang/heap_4.o
 .bss.ucHeap    0x200002ec     0x2800 ./ThridParty/FreeRTOS/portable/MemMang/heap_4.o
 *(COMMON)
                0x20002aec                        . = ALIGN (0x4)
                0x20002aec                        _ebss = .
                0x20002aec                        __bss_end__ = _ebss

._user_heap_stack
                0x20002aec      0x604 load address 0x08006964
                0x20002af0                        . = ALIGN (0x8)
 *fill*         0x20002aec        0x4 
                [!provide]                        PROVIDE (end = .)
                0x20002af0                        PROVIDE (_end = .)
                0x20002cf0                        . = (. + _Min_Heap_Size)
 *fill*         0x20002af0      0x200 
                0x200030f0                        . = (. + _Min_Stack_Size)
 *fill*         0x20002cf0      0x400 
                0x200030f0                        . = ALIGN (0x8)

/DISCARD/
 libc.a(*)
 libm.a(*)
 libgcc.a(*)

.ARM.attributes
                0x00000000       0x29
 *(.ARM.attributes)
 .ARM.attributes
                0x00000000       0x1d C:/ST/STM32CubeIDE_1.16.1/STM32CubeIDE/plugins/com.st.stm32cube.ide.mcu.externaltools.gnu-tools-for-stm32.12.3.rel1.win32_1.0.200.202406191623/tools/bin/../lib/gcc/arm-none-eabi/12.3.1/thumb/v7-m/nofp/crti.o
 .ARM.attributes
                0x0000001d       0x2d C:/ST/STM32CubeIDE_1.16.1/STM32CubeIDE/plugins/com.st.stm32cube.ide.mcu.externaltools.gnu-tools-for-stm32.12.3.rel1.win32_1.0.200.202406191623/tools/bin/../lib/gcc/arm-none-eabi/12.3.1/thumb/v7-m/nofp/crtbegin.o
 .ARM.attributes
                0x0000004a       0x2d ./Core/Src/main.o
 .ARM.attributes
                0x00000077       0x2d ./Core/Src/stm32f1xx_hal_msp.o
 .ARM.attributes
                0x000000a4       0x2d ./Core/Src/stm32f1xx_hal_timebase_tim.o
 .ARM.attributes
                0x000000d1       0x2d ./Core/Src/stm32f1xx_it.o
 .ARM.attributes
                0x000000fe       0x2d ./Core/Src/system_stm32f1xx.o
 .ARM.attributes
                0x0000012b       0x21 ./Core/Startup/startup_stm32f103c8tx.o
 .ARM.attributes
                0x0000014c       0x2d ./Diagnostics/Src/DTC.o
 .ARM.attributes
                0x00000179       0x2d ./Diagnostics/Src/RTC.o
 .ARM.attributes
                0x000001a6       0x2d ./Diagnostics/Src/UDS.o
 .ARM.attributes
                0x000001d3       0x2d ./Drivers/STM32F1xx_HAL_Driver/Src/stm32f1xx_hal.o
 .ARM.attributes
                0x00000200       0x2d ./Drivers/STM32F1xx_HAL_Driver/Src/stm32f1xx_hal_can.o
 .ARM.attributes
                0x0000022d       0x2d ./Drivers/STM32F1xx_HAL_Driver/Src/stm32f1xx_hal_cortex.o
 .ARM.attributes
                0x0000025a       0x2d ./Drivers/STM32F1xx_HAL_Driver/Src/stm32f1xx_hal_dma.o
 .ARM.attributes
                0x00000287       0x2d ./Drivers/STM32F1xx_HAL_Driver/Src/stm32f1xx_hal_flash.o
 .ARM.attributes
                0x000002b4       0x2d ./Drivers/STM32F1xx_HAL_Driver/Src/stm32f1xx_hal_flash_ex.o
 .ARM.attributes
                0x000002e1       0x2d ./Drivers/STM32F1xx_HAL_Driver/Src/stm32f1xx_hal_gpio.o
 .ARM.attributes
                0x0000030e       0x2d ./Drivers/STM32F1xx_HAL_Driver/Src/stm32f1xx_hal_pwr.o
 .ARM.attributes
                0x0000033b       0x2d ./Drivers/STM32F1xx_HAL_Driver/Src/stm32f1xx_hal_rcc.o
 .ARM.attributes
                0x00000368       0x2d ./Drivers/STM32F1xx_HAL_Driver/Src/stm32f1xx_hal_rcc_ex.o
 .ARM.attributes
                0x00000395       0x2d ./Drivers/STM32F1xx_HAL_Driver/Src/stm32f1xx_hal_rtc.o
 .ARM.attributes
                0x000003c2       0x2d ./Drivers/STM32F1xx_HAL_Driver/Src/stm32f1xx_hal_tim.o
 .ARM.attributes
                0x000003ef       0x2d ./Drivers/STM32F1xx_HAL_Driver/Src/stm32f1xx_hal_tim_ex.o
 .ARM.attributes
                0x0000041c       0x2d ./Drivers/STM32F1xx_HAL_Driver/Src/stm32f1xx_hal_uart.o
 .ARM.attributes
                0x00000449       0x2d ./Tasks/Src/CANReceiveTask.o
 .ARM.attributes
                0x00000476       0x2d ./Tasks/Src/CANTransmitTask.o
 .ARM.attributes
                0x000004a3       0x2d ./Tasks/Src/ControlTask.o
 .ARM.attributes
                0x000004d0       0x2d ./Tasks/Src/DiagnosticsTask.o
 .ARM.attributes
                0x000004fd       0x2d ./Tasks/Src/OTAManagerTask.o
 .ARM.attributes
                0x0000052a       0x2d ./Tasks/Src/TaskHandle.o
 .ARM.attributes
                0x00000557       0x2d ./ThridParty/FreeRTOS/list.o
 .ARM.attributes
                0x00000584       0x2d ./ThridParty/FreeRTOS/queue.o
 .ARM.attributes
                0x000005b1       0x2d ./ThridParty/FreeRTOS/tasks.o
 .ARM.attributes
                0x000005de       0x2d ./ThridParty/FreeRTOS/timers.o
 .ARM.attributes
                0x0000060b       0x2d ./ThridParty/FreeRTOS/portable/GCC/ARM_CM3/port.o
 .ARM.attributes
                0x00000638       0x2d ./ThridParty/FreeRTOS/portable/MemMang/heap_4.o
 .ARM.attributes
                0x00000665       0x2d C:/ST/STM32CubeIDE_1.16.1/STM32CubeIDE/plugins/com.st.stm32cube.ide.mcu.externaltools.gnu-tools-for-stm32.12.3.rel1.win32_1.0.200.202406191623/tools/bin/../lib/gcc/arm-none-eabi/12.3.1/../../../../arm-none-eabi/lib/thumb/v7-m/nofp\libc_nano.a(libc_a-memset.o)
 .ARM.attributes
                0x00000692       0x2d C:/ST/STM32CubeIDE_1.16.1/STM32CubeIDE/plugins/com.st.stm32cube.ide.mcu.externaltools.gnu-tools-for-stm32.12.3.rel1.win32_1.0.200.202406191623/tools/bin/../lib/gcc/arm-none-eabi/12.3.1/../../../../arm-none-eabi/lib/thumb/v7-m/nofp\libc_nano.a(libc_a-init.o)
 .ARM.attributes
                0x000006bf       0x2d C:/ST/STM32CubeIDE_1.16.1/STM32CubeIDE/plugins/com.st.stm32cube.ide.mcu.externaltools.gnu-tools-for-stm32.12.3.rel1.win32_1.0.200.202406191623/tools/bin/../lib/gcc/arm-none-eabi/12.3.1/../../../../arm-none-eabi/lib/thumb/v7-m/nofp\libc_nano.a(libc_a-memcpy-stub.o)
 .ARM.attributes
                0x000006ec       0x1d C:/ST/STM32CubeIDE_1.16.1/STM32CubeIDE/plugins/com.st.stm32cube.ide.mcu.externaltools.gnu-tools-for-stm32.12.3.rel1.win32_1.0.200.202406191623/tools/bin/../lib/gcc/arm-none-eabi/12.3.1/thumb/v7-m/nofp\libgcc.a(_arm_addsubsf3.o)
 .ARM.attributes
                0x00000709       0x1d C:/ST/STM32CubeIDE_1.16.1/STM32CubeIDE/plugins/com.st.stm32cube.ide.mcu.externaltools.gnu-tools-for-stm32.12.3.rel1.win32_1.0.200.202406191623/tools/bin/../lib/gcc/arm-none-eabi/12.3.1/thumb/v7-m/nofp\libgcc.a(_arm_cmpsf2.o)
 .ARM.attributes
                0x00000726       0x1d C:/ST/STM32CubeIDE_1.16.1/STM32CubeIDE/plugins/com.st.stm32cube.ide.mcu.externaltools.gnu-tools-for-stm32.12.3.rel1.win32_1.0.200.202406191623/tools/bin/../lib/gcc/arm-none-eabi/12.3.1/thumb/v7-m/nofp\libgcc.a(_arm_fixunssfsi.o)
 .ARM.attributes
                0x00000743       0x1d C:/ST/STM32CubeIDE_1.16.1/STM32CubeIDE/plugins/com.st.stm32cube.ide.mcu.externaltools.gnu-tools-for-stm32.12.3.rel1.win32_1.0.200.202406191623/tools/bin/../lib/gcc/arm-none-eabi/12.3.1/thumb/v7-m/nofp/crtn.o
OUTPUT(Main ECU.elf elf32-littlearm)
LOAD linker stubs
LOAD C:/ST/STM32CubeIDE_1.16.1/STM32CubeIDE/plugins/com.st.stm32cube.ide.mcu.externaltools.gnu-tools-for-stm32.12.3.rel1.win32_1.0.200.202406191623/tools/bin/../lib/gcc/arm-none-eabi/12.3.1/../../../../arm-none-eabi/lib/thumb/v7-m/nofp\libc.a
LOAD C:/ST/STM32CubeIDE_1.16.1/STM32CubeIDE/plugins/com.st.stm32cube.ide.mcu.externaltools.gnu-tools-for-stm32.12.3.rel1.win32_1.0.200.202406191623/tools/bin/../lib/gcc/arm-none-eabi/12.3.1/../../../../arm-none-eabi/lib/thumb/v7-m/nofp\libm.a
LOAD C:/ST/STM32CubeIDE_1.16.1/STM32CubeIDE/plugins/com.st.stm32cube.ide.mcu.externaltools.gnu-tools-for-stm32.12.3.rel1.win32_1.0.200.202406191623/tools/bin/../lib/gcc/arm-none-eabi/12.3.1/thumb/v7-m/nofp\libgcc.a

.debug_info     0x00000000    0x1f9c4
 .debug_info    0x00000000     0x18ce ./Core/Src/main.o
 .debug_info    0x000018ce     0x11a9 ./Core/Src/stm32f1xx_hal_msp.o
 .debug_info    0x00002a77      0xa24 ./Core/Src/stm32f1xx_hal_timebase_tim.o
 .debug_info    0x0000349b      0xd16 ./Core/Src/stm32f1xx_it.o
 .debug_info    0x000041b1      0x3fc ./Core/Src/system_stm32f1xx.o
 .debug_info    0x000045ad       0x30 ./Core/Startup/startup_stm32f103c8tx.o
 .debug_info    0x000045dd      0x59d ./Diagnostics/Src/DTC.o
 .debug_info    0x00004b7a      0x4f3 ./Diagnostics/Src/RTC.o
 .debug_info    0x0000506d      0x74f ./Diagnostics/Src/UDS.o
 .debug_info    0x000057bc      0x7dc ./Drivers/STM32F1xx_HAL_Driver/Src/stm32f1xx_hal.o
 .debug_info    0x00005f98     0x112e ./Drivers/STM32F1xx_HAL_Driver/Src/stm32f1xx_hal_can.o
 .debug_info    0x000070c6      0xced ./Drivers/STM32F1xx_HAL_Driver/Src/stm32f1xx_hal_cortex.o
 .debug_info    0x00007db3      0x7e2 ./Drivers/STM32F1xx_HAL_Driver/Src/stm32f1xx_hal_dma.o
 .debug_info    0x00008595      0x669 ./Drivers/STM32F1xx_HAL_Driver/Src/stm32f1xx_hal_flash.o
 .debug_info    0x00008bfe      0xba4 ./Drivers/STM32F1xx_HAL_Driver/Src/stm32f1xx_hal_flash_ex.o
 .debug_info    0x000097a2      0x604 ./Drivers/STM32F1xx_HAL_Driver/Src/stm32f1xx_hal_gpio.o
 .debug_info    0x00009da6      0x66d ./Drivers/STM32F1xx_HAL_Driver/Src/stm32f1xx_hal_pwr.o
 .debug_info    0x0000a413      0x9fb ./Drivers/STM32F1xx_HAL_Driver/Src/stm32f1xx_hal_rcc.o
 .debug_info    0x0000ae0e      0x420 ./Drivers/STM32F1xx_HAL_Driver/Src/stm32f1xx_hal_rcc_ex.o
 .debug_info    0x0000b22e     0x12a2 ./Drivers/STM32F1xx_HAL_Driver/Src/stm32f1xx_hal_rtc.o
 .debug_info    0x0000c4d0     0x40ce ./Drivers/STM32F1xx_HAL_Driver/Src/stm32f1xx_hal_tim.o
 .debug_info    0x0001059e     0x18a9 ./Drivers/STM32F1xx_HAL_Driver/Src/stm32f1xx_hal_tim_ex.o
 .debug_info    0x00011e47     0x401c ./Drivers/STM32F1xx_HAL_Driver/Src/stm32f1xx_hal_uart.o
 .debug_info    0x00015e63      0x8ac ./Tasks/Src/CANReceiveTask.o
 .debug_info    0x0001670f      0x7bd ./Tasks/Src/CANTransmitTask.o
 .debug_info    0x00016ecc      0x4ba ./Tasks/Src/ControlTask.o
 .debug_info    0x00017386      0x3e6 ./Tasks/Src/DiagnosticsTask.o
 .debug_info    0x0001776c      0x824 ./Tasks/Src/OTAManagerTask.o
 .debug_info    0x00017f90      0x106 ./Tasks/Src/TaskHandle.o
 .debug_info    0x00018096      0x2c3 ./ThridParty/FreeRTOS/list.o
 .debug_info    0x00018359     0x23fb ./ThridParty/FreeRTOS/queue.o
 .debug_info    0x0001a754     0x3316 ./ThridParty/FreeRTOS/tasks.o
 .debug_info    0x0001da6a     0x13b4 ./ThridParty/FreeRTOS/timers.o
 .debug_info    0x0001ee1e      0x530 ./ThridParty/FreeRTOS/portable/GCC/ARM_CM3/port.o
 .debug_info    0x0001f34e      0x676 ./ThridParty/FreeRTOS/portable/MemMang/heap_4.o

.debug_abbrev   0x00000000     0x571e
 .debug_abbrev  0x00000000      0x3be ./Core/Src/main.o
 .debug_abbrev  0x000003be      0x2a9 ./Core/Src/stm32f1xx_hal_msp.o
 .debug_abbrev  0x00000667      0x232 ./Core/Src/stm32f1xx_hal_timebase_tim.o
 .debug_abbrev  0x00000899      0x1fe ./Core/Src/stm32f1xx_it.o
 .debug_abbrev  0x00000a97      0x143 ./Core/Src/system_stm32f1xx.o
 .debug_abbrev  0x00000bda       0x24 ./Core/Startup/startup_stm32f103c8tx.o
 .debug_abbrev  0x00000bfe      0x207 ./Diagnostics/Src/DTC.o
 .debug_abbrev  0x00000e05      0x1a8 ./Diagnostics/Src/RTC.o
 .debug_abbrev  0x00000fad      0x20d ./Diagnostics/Src/UDS.o
 .debug_abbrev  0x000011ba      0x272 ./Drivers/STM32F1xx_HAL_Driver/Src/stm32f1xx_hal.o
 .debug_abbrev  0x0000142c      0x295 ./Drivers/STM32F1xx_HAL_Driver/Src/stm32f1xx_hal_can.o
 .debug_abbrev  0x000016c1      0x36b ./Drivers/STM32F1xx_HAL_Driver/Src/stm32f1xx_hal_cortex.o
 .debug_abbrev  0x00001a2c      0x260 ./Drivers/STM32F1xx_HAL_Driver/Src/stm32f1xx_hal_dma.o
 .debug_abbrev  0x00001c8c      0x30e ./Drivers/STM32F1xx_HAL_Driver/Src/stm32f1xx_hal_flash.o
 .debug_abbrev  0x00001f9a      0x304 ./Drivers/STM32F1xx_HAL_Driver/Src/stm32f1xx_hal_flash_ex.o
 .debug_abbrev  0x0000229e      0x1f7 ./Drivers/STM32F1xx_HAL_Driver/Src/stm32f1xx_hal_gpio.o
 .debug_abbrev  0x00002495      0x1eb ./Drivers/STM32F1xx_HAL_Driver/Src/stm32f1xx_hal_pwr.o
 .debug_abbrev  0x00002680      0x2ff ./Drivers/STM32F1xx_HAL_Driver/Src/stm32f1xx_hal_rcc.o
 .debug_abbrev  0x0000297f      0x1d8 ./Drivers/STM32F1xx_HAL_Driver/Src/stm32f1xx_hal_rcc_ex.o
 .debug_abbrev  0x00002b57      0x316 ./Drivers/STM32F1xx_HAL_Driver/Src/stm32f1xx_hal_rtc.o
 .debug_abbrev  0x00002e6d      0x380 ./Drivers/STM32F1xx_HAL_Driver/Src/stm32f1xx_hal_tim.o
 .debug_abbrev  0x000031ed      0x2ea ./Drivers/STM32F1xx_HAL_Driver/Src/stm32f1xx_hal_tim_ex.o
 .debug_abbrev  0x000034d7      0x3f7 ./Drivers/STM32F1xx_HAL_Driver/Src/stm32f1xx_hal_uart.o
 .debug_abbrev  0x000038ce      0x1ff ./Tasks/Src/CANReceiveTask.o
 .debug_abbrev  0x00003acd      0x1ec ./Tasks/Src/CANTransmitTask.o
 .debug_abbrev  0x00003cb9      0x1c6 ./Tasks/Src/ControlTask.o
 .debug_abbrev  0x00003e7f      0x16e ./Tasks/Src/DiagnosticsTask.o
 .debug_abbrev  0x00003fed      0x2ee ./Tasks/Src/OTAManagerTask.o
 .debug_abbrev  0x000042db       0x9d ./Tasks/Src/TaskHandle.o
 .debug_abbrev  0x00004378      0x10c ./ThridParty/FreeRTOS/list.o
 .debug_abbrev  0x00004484      0x42b ./ThridParty/FreeRTOS/queue.o
 .debug_abbrev  0x000048af      0x4d8 ./ThridParty/FreeRTOS/tasks.o
 .debug_abbrev  0x00004d87      0x3f1 ./ThridParty/FreeRTOS/timers.o
 .debug_abbrev  0x00005178      0x2b1 ./ThridParty/FreeRTOS/portable/GCC/ARM_CM3/port.o
 .debug_abbrev  0x00005429      0x2f5 ./ThridParty/FreeRTOS/portable/MemMang/heap_4.o

.debug_loclists
                0x00000000     0xbf89
 .debug_loclists
                0x00000000       0x2a ./Core/Src/main.o
 .debug_loclists
                0x0000002a       0xaa ./Core/Src/stm32f1xx_hal_msp.o
 .debug_loclists
                0x000000d4       0x90 ./Core/Src/stm32f1xx_hal_timebase_tim.o
 .debug_loclists
                0x00000164       0xac ./Core/Src/system_stm32f1xx.o
 .debug_loclists
                0x00000210      0x155 ./Diagnostics/Src/DTC.o
 .debug_loclists
                0x00000365      0x19e ./Diagnostics/Src/RTC.o
 .debug_loclists
                0x00000503      0x2f8 ./Diagnostics/Src/UDS.o
 .debug_loclists
                0x000007fb       0xba ./Drivers/STM32F1xx_HAL_Driver/Src/stm32f1xx_hal.o
 .debug_loclists
                0x000008b5      0x709 ./Drivers/STM32F1xx_HAL_Driver/Src/stm32f1xx_hal_can.o
 .debug_loclists
                0x00000fbe      0x347 ./Drivers/STM32F1xx_HAL_Driver/Src/stm32f1xx_hal_cortex.o
 .debug_loclists
                0x00001305      0x485 ./Drivers/STM32F1xx_HAL_Driver/Src/stm32f1xx_hal_dma.o
 .debug_loclists
                0x0000178a      0x233 ./Drivers/STM32F1xx_HAL_Driver/Src/stm32f1xx_hal_flash.o
 .debug_loclists
                0x000019bd      0x536 ./Drivers/STM32F1xx_HAL_Driver/Src/stm32f1xx_hal_flash_ex.o
 .debug_loclists
                0x00001ef3      0x2bb ./Drivers/STM32F1xx_HAL_Driver/Src/stm32f1xx_hal_gpio.o
 .debug_loclists
                0x000021ae       0x97 ./Drivers/STM32F1xx_HAL_Driver/Src/stm32f1xx_hal_pwr.o
 .debug_loclists
                0x00002245      0x3e1 ./Drivers/STM32F1xx_HAL_Driver/Src/stm32f1xx_hal_rcc.o
 .debug_loclists
                0x00002626      0x24c ./Drivers/STM32F1xx_HAL_Driver/Src/stm32f1xx_hal_rcc_ex.o
 .debug_loclists
                0x00002872      0xb44 ./Drivers/STM32F1xx_HAL_Driver/Src/stm32f1xx_hal_rtc.o
 .debug_loclists
                0x000033b6     0x298b ./Drivers/STM32F1xx_HAL_Driver/Src/stm32f1xx_hal_tim.o
 .debug_loclists
                0x00005d41      0xbce ./Drivers/STM32F1xx_HAL_Driver/Src/stm32f1xx_hal_tim_ex.o
 .debug_loclists
                0x0000690f     0x272b ./Drivers/STM32F1xx_HAL_Driver/Src/stm32f1xx_hal_uart.o
 .debug_loclists
                0x0000903a       0x3a ./Tasks/Src/CANReceiveTask.o
 .debug_loclists
                0x00009074       0x23 ./Tasks/Src/CANTransmitTask.o
 .debug_loclists
                0x00009097       0x77 ./Tasks/Src/ControlTask.o
 .debug_loclists
                0x0000910e       0x99 ./Tasks/Src/DiagnosticsTask.o
 .debug_loclists
                0x000091a7       0x23 ./Tasks/Src/OTAManagerTask.o
 .debug_loclists
                0x000091ca       0x71 ./ThridParty/FreeRTOS/list.o
 .debug_loclists
                0x0000923b      0xcc6 ./ThridParty/FreeRTOS/queue.o
 .debug_loclists
                0x00009f01     0x15a8 ./ThridParty/FreeRTOS/tasks.o
 .debug_loclists
                0x0000b4a9      0x70e ./ThridParty/FreeRTOS/timers.o
 .debug_loclists
                0x0000bbb7       0x92 ./ThridParty/FreeRTOS/portable/GCC/ARM_CM3/port.o
 .debug_loclists
                0x0000bc49      0x340 ./ThridParty/FreeRTOS/portable/MemMang/heap_4.o

.debug_aranges  0x00000000     0x1580
 .debug_aranges
                0x00000000       0x40 ./Core/Src/main.o
 .debug_aranges
                0x00000040       0x50 ./Core/Src/stm32f1xx_hal_msp.o
 .debug_aranges
                0x00000090       0x30 ./Core/Src/stm32f1xx_hal_timebase_tim.o
 .debug_aranges
                0x000000c0       0x68 ./Core/Src/stm32f1xx_it.o
 .debug_aranges
                0x00000128       0x28 ./Core/Src/system_stm32f1xx.o
 .debug_aranges
                0x00000150       0x28 ./Core/Startup/startup_stm32f103c8tx.o
 .debug_aranges
                0x00000178       0x30 ./Diagnostics/Src/DTC.o
 .debug_aranges
                0x000001a8       0x38 ./Diagnostics/Src/RTC.o
 .debug_aranges
                0x000001e0       0x60 ./Diagnostics/Src/UDS.o
 .debug_aranges
                0x00000240       0xe0 ./Drivers/STM32F1xx_HAL_Driver/Src/stm32f1xx_hal.o
 .debug_aranges
                0x00000320      0x138 ./Drivers/STM32F1xx_HAL_Driver/Src/stm32f1xx_hal_can.o
 .debug_aranges
                0x00000458       0x90 ./Drivers/STM32F1xx_HAL_Driver/Src/stm32f1xx_hal_cortex.o
 .debug_aranges
                0x000004e8       0x78 ./Drivers/STM32F1xx_HAL_Driver/Src/stm32f1xx_hal_dma.o
 .debug_aranges
                0x00000560       0x80 ./Drivers/STM32F1xx_HAL_Driver/Src/stm32f1xx_hal_flash.o
 .debug_aranges
                0x000005e0       0x58 ./Drivers/STM32F1xx_HAL_Driver/Src/stm32f1xx_hal_flash_ex.o
 .debug_aranges
                0x00000638       0x58 ./Drivers/STM32F1xx_HAL_Driver/Src/stm32f1xx_hal_gpio.o
 .debug_aranges
                0x00000690       0xa8 ./Drivers/STM32F1xx_HAL_Driver/Src/stm32f1xx_hal_pwr.o
 .debug_aranges
                0x00000738       0x88 ./Drivers/STM32F1xx_HAL_Driver/Src/stm32f1xx_hal_rcc.o
 .debug_aranges
                0x000007c0       0x30 ./Drivers/STM32F1xx_HAL_Driver/Src/stm32f1xx_hal_rcc_ex.o
 .debug_aranges
                0x000007f0       0xe8 ./Drivers/STM32F1xx_HAL_Driver/Src/stm32f1xx_hal_rtc.o
 .debug_aranges
                0x000008d8      0x3a0 ./Drivers/STM32F1xx_HAL_Driver/Src/stm32f1xx_hal_tim.o
 .debug_aranges
                0x00000c78      0x168 ./Drivers/STM32F1xx_HAL_Driver/Src/stm32f1xx_hal_tim_ex.o
 .debug_aranges
                0x00000de0      0x1f0 ./Drivers/STM32F1xx_HAL_Driver/Src/stm32f1xx_hal_uart.o
 .debug_aranges
                0x00000fd0       0x30 ./Tasks/Src/CANReceiveTask.o
 .debug_aranges
                0x00001000       0x28 ./Tasks/Src/CANTransmitTask.o
 .debug_aranges
                0x00001028       0x28 ./Tasks/Src/ControlTask.o
 .debug_aranges
                0x00001050       0x28 ./Tasks/Src/DiagnosticsTask.o
 .debug_aranges
                0x00001078       0x38 ./Tasks/Src/OTAManagerTask.o
 .debug_aranges
                0x000010b0       0x28 ./Tasks/Src/TaskHandle.o
 .debug_aranges
                0x000010d8       0x40 ./ThridParty/FreeRTOS/list.o
 .debug_aranges
                0x00001118      0x110 ./ThridParty/FreeRTOS/queue.o
 .debug_aranges
                0x00001228      0x1c8 ./ThridParty/FreeRTOS/tasks.o
 .debug_aranges
                0x000013f0       0xc0 ./ThridParty/FreeRTOS/timers.o
 .debug_aranges
                0x000014b0       0x78 ./ThridParty/FreeRTOS/portable/GCC/ARM_CM3/port.o
 .debug_aranges
                0x00001528       0x58 ./ThridParty/FreeRTOS/portable/MemMang/heap_4.o

.debug_rnglists
                0x00000000     0x1552
 .debug_rnglists
                0x00000000       0x41 ./Core/Src/main.o
 .debug_rnglists
                0x00000041       0x96 ./Core/Src/stm32f1xx_hal_msp.o
 .debug_rnglists
                0x000000d7       0x35 ./Core/Src/stm32f1xx_hal_timebase_tim.o
 .debug_rnglists
                0x0000010c       0x49 ./Core/Src/stm32f1xx_it.o
 .debug_rnglists
                0x00000155       0x19 ./Core/Src/system_stm32f1xx.o
 .debug_rnglists
                0x0000016e       0x19 ./Core/Startup/startup_stm32f103c8tx.o
 .debug_rnglists
                0x00000187       0x20 ./Diagnostics/Src/DTC.o
 .debug_rnglists
                0x000001a7       0x25 ./Diagnostics/Src/RTC.o
 .debug_rnglists
                0x000001cc       0x74 ./Diagnostics/Src/UDS.o
 .debug_rnglists
                0x00000240       0xa3 ./Drivers/STM32F1xx_HAL_Driver/Src/stm32f1xx_hal.o
 .debug_rnglists
                0x000002e3       0xea ./Drivers/STM32F1xx_HAL_Driver/Src/stm32f1xx_hal_can.o
 .debug_rnglists
                0x000003cd       0xd3 ./Drivers/STM32F1xx_HAL_Driver/Src/stm32f1xx_hal_cortex.o
 .debug_rnglists
                0x000004a0       0x70 ./Drivers/STM32F1xx_HAL_Driver/Src/stm32f1xx_hal_dma.o
 .debug_rnglists
                0x00000510       0x8a ./Drivers/STM32F1xx_HAL_Driver/Src/stm32f1xx_hal_flash.o
 .debug_rnglists
                0x0000059a       0xa6 ./Drivers/STM32F1xx_HAL_Driver/Src/stm32f1xx_hal_flash_ex.o
 .debug_rnglists
                0x00000640       0x52 ./Drivers/STM32F1xx_HAL_Driver/Src/stm32f1xx_hal_gpio.o
 .debug_rnglists
                0x00000692       0x79 ./Drivers/STM32F1xx_HAL_Driver/Src/stm32f1xx_hal_pwr.o
 .debug_rnglists
                0x0000070b       0x85 ./Drivers/STM32F1xx_HAL_Driver/Src/stm32f1xx_hal_rcc.o
 .debug_rnglists
                0x00000790       0x3f ./Drivers/STM32F1xx_HAL_Driver/Src/stm32f1xx_hal_rcc_ex.o
 .debug_rnglists
                0x000007cf       0xd7 ./Drivers/STM32F1xx_HAL_Driver/Src/stm32f1xx_hal_rtc.o
 .debug_rnglists
                0x000008a6      0x339 ./Drivers/STM32F1xx_HAL_Driver/Src/stm32f1xx_hal_tim.o
 .debug_rnglists
                0x00000bdf      0x112 ./Drivers/STM32F1xx_HAL_Driver/Src/stm32f1xx_hal_tim_ex.o
 .debug_rnglists
                0x00000cf1      0x1bd ./Drivers/STM32F1xx_HAL_Driver/Src/stm32f1xx_hal_uart.o
 .debug_rnglists
                0x00000eae       0x1f ./Tasks/Src/CANReceiveTask.o
 .debug_rnglists
                0x00000ecd       0x19 ./Tasks/Src/CANTransmitTask.o
 .debug_rnglists
                0x00000ee6       0x26 ./Tasks/Src/ControlTask.o
 .debug_rnglists
                0x00000f0c       0x19 ./Tasks/Src/DiagnosticsTask.o
 .debug_rnglists
                0x00000f25       0x31 ./Tasks/Src/OTAManagerTask.o
 .debug_rnglists
                0x00000f56       0x19 ./Tasks/Src/TaskHandle.o
 .debug_rnglists
                0x00000f6f       0x2b ./ThridParty/FreeRTOS/list.o
 .debug_rnglists
                0x00000f9a      0x171 ./ThridParty/FreeRTOS/queue.o
 .debug_rnglists
                0x0000110b      0x2d9 ./ThridParty/FreeRTOS/tasks.o
 .debug_rnglists
                0x000013e4       0xc1 ./ThridParty/FreeRTOS/timers.o
 .debug_rnglists
                0x000014a5       0x6e ./ThridParty/FreeRTOS/portable/GCC/ARM_CM3/port.o
 .debug_rnglists
                0x00001513       0x3f ./ThridParty/FreeRTOS/portable/MemMang/heap_4.o

.debug_macro    0x00000000    0x1b481
 .debug_macro   0x00000000      0x25a ./Core/Src/main.o
 .debug_macro   0x0000025a      0xaae ./Core/Src/main.o
 .debug_macro   0x00000d08      0x227 ./Core/Src/main.o
 .debug_macro   0x00000f2f       0x2e ./Core/Src/main.o
 .debug_macro   0x00000f5d       0x22 ./Core/Src/main.o
 .debug_macro   0x00000f7f       0x22 ./Core/Src/main.o
 .debug_macro   0x00000fa1       0x8e ./Core/Src/main.o
 .debug_macro   0x0000102f       0x51 ./Core/Src/main.o
 .debug_macro   0x00001080      0x103 ./Core/Src/main.o
 .debug_macro   0x00001183       0x6a ./Core/Src/main.o
 .debug_macro   0x000011ed      0x1df ./Core/Src/main.o
 .debug_macro   0x000013cc       0x1c ./Core/Src/main.o
 .debug_macro   0x000013e8       0x22 ./Core/Src/main.o
 .debug_macro   0x0000140a       0xbd ./Core/Src/main.o
 .debug_macro   0x000014c7      0xd23 ./Core/Src/main.o
 .debug_macro   0x000021ea     0xe09e ./Core/Src/main.o
 .debug_macro   0x00010288       0x6d ./Core/Src/main.o
 .debug_macro   0x000102f5     0x34a2 ./Core/Src/main.o
 .debug_macro   0x00013797      0x189 ./Core/Src/main.o
 .debug_macro   0x00013920       0x5c ./Core/Src/main.o
 .debug_macro   0x0001397c      0x5bc ./Core/Src/main.o
 .debug_macro   0x00013f38      0x289 ./Core/Src/main.o
 .debug_macro   0x000141c1      0x1cb ./Core/Src/main.o
 .debug_macro   0x0001438c      0x114 ./Core/Src/main.o
 .debug_macro   0x000144a0      0x1b2 ./Core/Src/main.o
 .debug_macro   0x00014652       0x27 ./Core/Src/main.o
 .debug_macro   0x00014679      0x136 ./Core/Src/main.o
 .debug_macro   0x000147af      0x1bc ./Core/Src/main.o
 .debug_macro   0x0001496b       0x34 ./Core/Src/main.o
 .debug_macro   0x0001499f       0x3c ./Core/Src/main.o
 .debug_macro   0x000149db      0x408 ./Core/Src/main.o
 .debug_macro   0x00014de3       0x57 ./Core/Src/main.o
 .debug_macro   0x00014e3a       0x87 ./Core/Src/main.o
 .debug_macro   0x00014ec1      0x240 ./Core/Src/main.o
 .debug_macro   0x00015101      0x140 ./Core/Src/main.o
 .debug_macro   0x00015241      0x1ef ./Core/Src/main.o
 .debug_macro   0x00015430       0xeb ./Core/Src/main.o
 .debug_macro   0x0001551b      0x8ed ./Core/Src/main.o
 .debug_macro   0x00015e08      0x28e ./Core/Src/main.o
 .debug_macro   0x00016096       0x83 ./Core/Src/main.o
 .debug_macro   0x00016119       0xfa ./Core/Src/main.o
 .debug_macro   0x00016213      0x15a ./Core/Src/main.o
 .debug_macro   0x0001636d       0xea ./Core/Src/main.o
 .debug_macro   0x00016457       0x28 ./Core/Src/main.o
 .debug_macro   0x0001647f       0x1f ./Core/Src/main.o
 .debug_macro   0x0001649e       0x12 ./Core/Src/main.o
 .debug_macro   0x000164b0      0x52d ./Core/Src/main.o
 .debug_macro   0x000169dd       0xc3 ./Core/Src/main.o
 .debug_macro   0x00016aa0      0x120 ./Core/Src/main.o
 .debug_macro   0x00016bc0       0x80 ./Core/Src/main.o
 .debug_macro   0x00016c40       0x2e ./Core/Src/main.o
 .debug_macro   0x00016c6e      0x1cb ./Core/Src/stm32f1xx_hal_msp.o
 .debug_macro   0x00016e39      0x1c1 ./Core/Src/stm32f1xx_hal_timebase_tim.o
 .debug_macro   0x00016ffa      0x1d5 ./Core/Src/stm32f1xx_it.o
 .debug_macro   0x000171cf      0x1d3 ./Core/Src/system_stm32f1xx.o
 .debug_macro   0x000173a2      0x346 ./Diagnostics/Src/DTC.o
 .debug_macro   0x000176e8       0x61 ./Diagnostics/Src/DTC.o
 .debug_macro   0x00017749       0x10 ./Diagnostics/Src/DTC.o
 .debug_macro   0x00017759       0x20 ./Diagnostics/Src/DTC.o
 .debug_macro   0x00017779       0x40 ./Diagnostics/Src/DTC.o
 .debug_macro   0x000177b9       0x10 ./Diagnostics/Src/DTC.o
 .debug_macro   0x000177c9      0x1c1 ./Diagnostics/Src/RTC.o
 .debug_macro   0x0001798a      0x34f ./Diagnostics/Src/UDS.o
 .debug_macro   0x00017cd9       0x58 ./Diagnostics/Src/UDS.o
 .debug_macro   0x00017d31      0x1e5 ./Drivers/STM32F1xx_HAL_Driver/Src/stm32f1xx_hal.o
 .debug_macro   0x00017f16      0x1d0 ./Drivers/STM32F1xx_HAL_Driver/Src/stm32f1xx_hal_can.o
 .debug_macro   0x000180e6      0x1c1 ./Drivers/STM32F1xx_HAL_Driver/Src/stm32f1xx_hal_cortex.o
 .debug_macro   0x000182a7      0x1c1 ./Drivers/STM32F1xx_HAL_Driver/Src/stm32f1xx_hal_dma.o
 .debug_macro   0x00018468      0x1c1 ./Drivers/STM32F1xx_HAL_Driver/Src/stm32f1xx_hal_flash.o
 .debug_macro   0x00018629      0x1d3 ./Drivers/STM32F1xx_HAL_Driver/Src/stm32f1xx_hal_flash_ex.o
 .debug_macro   0x000187fc      0x22c ./Drivers/STM32F1xx_HAL_Driver/Src/stm32f1xx_hal_gpio.o
 .debug_macro   0x00018a28      0x221 ./Drivers/STM32F1xx_HAL_Driver/Src/stm32f1xx_hal_pwr.o
 .debug_macro   0x00018c49      0x1d3 ./Drivers/STM32F1xx_HAL_Driver/Src/stm32f1xx_hal_rcc.o
 .debug_macro   0x00018e1c      0x1c1 ./Drivers/STM32F1xx_HAL_Driver/Src/stm32f1xx_hal_rcc_ex.o
 .debug_macro   0x00018fdd      0x1d0 ./Drivers/STM32F1xx_HAL_Driver/Src/stm32f1xx_hal_rtc.o
 .debug_macro   0x000191ad      0x1c2 ./Drivers/STM32F1xx_HAL_Driver/Src/stm32f1xx_hal_tim.o
 .debug_macro   0x0001936f      0x1c1 ./Drivers/STM32F1xx_HAL_Driver/Src/stm32f1xx_hal_tim_ex.o
 .debug_macro   0x00019530      0x1c2 ./Drivers/STM32F1xx_HAL_Driver/Src/stm32f1xx_hal_uart.o
 .debug_macro   0x000196f2      0x25a ./Tasks/Src/CANReceiveTask.o
 .debug_macro   0x0001994c      0x25a ./Tasks/Src/CANTransmitTask.o
 .debug_macro   0x00019ba6      0x34b ./Tasks/Src/ControlTask.o
 .debug_macro   0x00019ef1       0x2e ./Tasks/Src/ControlTask.o
 .debug_macro   0x00019f1f      0x359 ./Tasks/Src/DiagnosticsTask.o
 .debug_macro   0x0001a278      0x32d ./Tasks/Src/OTAManagerTask.o
 .debug_macro   0x0001a5a5      0x250 ./Tasks/Src/TaskHandle.o
 .debug_macro   0x0001a7f5      0x198 ./ThridParty/FreeRTOS/list.o
 .debug_macro   0x0001a98d      0x22f ./ThridParty/FreeRTOS/queue.o
 .debug_macro   0x0001abbc       0x16 ./ThridParty/FreeRTOS/queue.o
 .debug_macro   0x0001abd2      0x27e ./ThridParty/FreeRTOS/tasks.o
 .debug_macro   0x0001ae50       0x17 ./ThridParty/FreeRTOS/tasks.o
 .debug_macro   0x0001ae67      0x1e7 ./ThridParty/FreeRTOS/timers.o
 .debug_macro   0x0001b04e       0x97 ./ThridParty/FreeRTOS/timers.o
 .debug_macro   0x0001b0e5      0x183 ./ThridParty/FreeRTOS/portable/GCC/ARM_CM3/port.o
 .debug_macro   0x0001b268      0x219 ./ThridParty/FreeRTOS/portable/MemMang/heap_4.o

.debug_line     0x00000000    0x256eb
 .debug_line    0x00000000      0xd57 ./Core/Src/main.o
 .debug_line    0x00000d57      0x928 ./Core/Src/stm32f1xx_hal_msp.o
 .debug_line    0x0000167f      0x847 ./Core/Src/stm32f1xx_hal_timebase_tim.o
 .debug_line    0x00001ec6      0x860 ./Core/Src/stm32f1xx_it.o
 .debug_line    0x00002726      0x7dc ./Core/Src/system_stm32f1xx.o
 .debug_line    0x00002f02       0x78 ./Core/Startup/startup_stm32f103c8tx.o
 .debug_line    0x00002f7a      0xca9 ./Diagnostics/Src/DTC.o
 .debug_line    0x00003c23      0x802 ./Diagnostics/Src/RTC.o
 .debug_line    0x00004425      0xe30 ./Diagnostics/Src/UDS.o
 .debug_line    0x00005255      0xa88 ./Drivers/STM32F1xx_HAL_Driver/Src/stm32f1xx_hal.o
 .debug_line    0x00005cdd     0x15a2 ./Drivers/STM32F1xx_HAL_Driver/Src/stm32f1xx_hal_can.o
 .debug_line    0x0000727f      0xc21 ./Drivers/STM32F1xx_HAL_Driver/Src/stm32f1xx_hal_cortex.o
 .debug_line    0x00007ea0      0xfe0 ./Drivers/STM32F1xx_HAL_Driver/Src/stm32f1xx_hal_dma.o
 .debug_line    0x00008e80      0xce9 ./Drivers/STM32F1xx_HAL_Driver/Src/stm32f1xx_hal_flash.o
 .debug_line    0x00009b69      0xe47 ./Drivers/STM32F1xx_HAL_Driver/Src/stm32f1xx_hal_flash_ex.o
 .debug_line    0x0000a9b0      0xb14 ./Drivers/STM32F1xx_HAL_Driver/Src/stm32f1xx_hal_gpio.o
 .debug_line    0x0000b4c4      0x9d2 ./Drivers/STM32F1xx_HAL_Driver/Src/stm32f1xx_hal_pwr.o
 .debug_line    0x0000be96     0x1103 ./Drivers/STM32F1xx_HAL_Driver/Src/stm32f1xx_hal_rcc.o
 .debug_line    0x0000cf99      0x9f0 ./Drivers/STM32F1xx_HAL_Driver/Src/stm32f1xx_hal_rcc_ex.o
 .debug_line    0x0000d989     0x15c2 ./Drivers/STM32F1xx_HAL_Driver/Src/stm32f1xx_hal_rtc.o
 .debug_line    0x0000ef4b     0x4816 ./Drivers/STM32F1xx_HAL_Driver/Src/stm32f1xx_hal_tim.o
 .debug_line    0x00013761     0x1a6f ./Drivers/STM32F1xx_HAL_Driver/Src/stm32f1xx_hal_tim_ex.o
 .debug_line    0x000151d0     0x45db ./Drivers/STM32F1xx_HAL_Driver/Src/stm32f1xx_hal_uart.o
 .debug_line    0x000197ab      0x9c9 ./Tasks/Src/CANReceiveTask.o
 .debug_line    0x0001a174      0x98d ./Tasks/Src/CANTransmitTask.o
 .debug_line    0x0001ab01      0xbf1 ./Tasks/Src/ControlTask.o
 .debug_line    0x0001b6f2      0xb66 ./Tasks/Src/DiagnosticsTask.o
 .debug_line    0x0001c258      0xba3 ./Tasks/Src/OTAManagerTask.o
 .debug_line    0x0001cdfb      0x928 ./Tasks/Src/TaskHandle.o
 .debug_line    0x0001d723      0x887 ./ThridParty/FreeRTOS/list.o
 .debug_line    0x0001dfaa     0x2017 ./ThridParty/FreeRTOS/queue.o
 .debug_line    0x0001ffc1     0x30d9 ./ThridParty/FreeRTOS/tasks.o
 .debug_line    0x0002309a     0x1036 ./ThridParty/FreeRTOS/timers.o
 .debug_line    0x000240d0      0xa13 ./ThridParty/FreeRTOS/portable/GCC/ARM_CM3/port.o
 .debug_line    0x00024ae3      0xc08 ./ThridParty/FreeRTOS/portable/MemMang/heap_4.o

.debug_str      0x00000000    0x98ad3
 .debug_str     0x00000000    0x8d4b9 ./Core/Src/main.o
                              0x8d909 (size before relaxing)
 .debug_str     0x0008d4b9      0x391 ./Core/Src/stm32f1xx_hal_msp.o
                              0x87e29 (size before relaxing)
 .debug_str     0x0008d84a       0xf7 ./Core/Src/stm32f1xx_hal_timebase_tim.o
                              0x87b7c (size before relaxing)
 .debug_str     0x0008d941       0xde ./Core/Src/stm32f1xx_it.o
                              0x87c61 (size before relaxing)
 .debug_str     0x0008da1f      0x122 ./Core/Src/system_stm32f1xx.o
                              0x87372 (size before relaxing)
 .debug_str     0x0008db41       0x44 ./Core/Startup/startup_stm32f103c8tx.o
                                 0x79 (size before relaxing)
 .debug_str     0x0008db85     0x3455 ./Diagnostics/Src/DTC.o
                              0x8fef4 (size before relaxing)
 .debug_str     0x00090fda       0xbe ./Diagnostics/Src/RTC.o
                              0x874b8 (size before relaxing)
 .debug_str     0x00091098      0x2dd ./Diagnostics/Src/UDS.o
                              0x90077 (size before relaxing)
 .debug_str     0x00091375      0x34a ./Drivers/STM32F1xx_HAL_Driver/Src/stm32f1xx_hal.o
                              0x879f7 (size before relaxing)
 .debug_str     0x000916bf      0x483 ./Drivers/STM32F1xx_HAL_Driver/Src/stm32f1xx_hal_can.o
                              0x87acc (size before relaxing)
 .debug_str     0x00091b42      0x218 ./Drivers/STM32F1xx_HAL_Driver/Src/stm32f1xx_hal_cortex.o
                              0x87943 (size before relaxing)
 .debug_str     0x00091d5a      0x235 ./Drivers/STM32F1xx_HAL_Driver/Src/stm32f1xx_hal_dma.o
                              0x8766d (size before relaxing)
 .debug_str     0x00091f8f      0x259 ./Drivers/STM32F1xx_HAL_Driver/Src/stm32f1xx_hal_flash.o
                              0x8759f (size before relaxing)
 .debug_str     0x000921e8      0x304 ./Drivers/STM32F1xx_HAL_Driver/Src/stm32f1xx_hal_flash_ex.o
                              0x8774d (size before relaxing)
 .debug_str     0x000924ec      0x2e1 ./Drivers/STM32F1xx_HAL_Driver/Src/stm32f1xx_hal_gpio.o
                              0x8764a (size before relaxing)
 .debug_str     0x000927cd      0x4e7 ./Drivers/STM32F1xx_HAL_Driver/Src/stm32f1xx_hal_pwr.o
                              0x877fb (size before relaxing)
 .debug_str     0x00092cb4      0x1e7 ./Drivers/STM32F1xx_HAL_Driver/Src/stm32f1xx_hal_rcc.o
                              0x876f3 (size before relaxing)
 .debug_str     0x00092e9b       0x9f ./Drivers/STM32F1xx_HAL_Driver/Src/stm32f1xx_hal_rcc_ex.o
                              0x87443 (size before relaxing)
 .debug_str     0x00092f3a      0x2f2 ./Drivers/STM32F1xx_HAL_Driver/Src/stm32f1xx_hal_rtc.o
                              0x877cf (size before relaxing)
 .debug_str     0x0009322c      0xe4c ./Drivers/STM32F1xx_HAL_Driver/Src/stm32f1xx_hal_tim.o
                              0x886f5 (size before relaxing)
 .debug_str     0x00094078      0x503 ./Drivers/STM32F1xx_HAL_Driver/Src/stm32f1xx_hal_tim_ex.o
                              0x87f01 (size before relaxing)
 .debug_str     0x0009457b      0x5fc ./Drivers/STM32F1xx_HAL_Driver/Src/stm32f1xx_hal_uart.o
                              0x87d64 (size before relaxing)
 .debug_str     0x00094b77      0x111 ./Tasks/Src/CANReceiveTask.o
                              0x8ce65 (size before relaxing)
 .debug_str     0x00094c88       0x73 ./Tasks/Src/CANTransmitTask.o
                              0x8cde4 (size before relaxing)
 .debug_str     0x00094cfb      0x156 ./Tasks/Src/ControlTask.o
                              0x8ffa0 (size before relaxing)
 .debug_str     0x00094e51       0x60 ./Tasks/Src/DiagnosticsTask.o
                              0x8ffdc (size before relaxing)
 .debug_str     0x00094eb1       0xad ./Tasks/Src/OTAManagerTask.o
                              0x8ffa5 (size before relaxing)
 .debug_str     0x00094f5e       0x2e ./Tasks/Src/TaskHandle.o
                              0x8ca0b (size before relaxing)
 .debug_str     0x00094f8c      0x265 ./ThridParty/FreeRTOS/list.o
                               0xb0f0 (size before relaxing)
 .debug_str     0x000951f1      0xc69 ./ThridParty/FreeRTOS/queue.o
                               0xd800 (size before relaxing)
 .debug_str     0x00095e5a     0x1aa5 ./ThridParty/FreeRTOS/tasks.o
                               0xe212 (size before relaxing)
 .debug_str     0x000978ff      0x53b ./ThridParty/FreeRTOS/timers.o
                               0xd96f (size before relaxing)
 .debug_str     0x00097e3a      0x6c2 ./ThridParty/FreeRTOS/portable/GCC/ARM_CM3/port.o
                               0x9838 (size before relaxing)
 .debug_str     0x000984fc      0x5d7 ./ThridParty/FreeRTOS/portable/MemMang/heap_4.o
                               0xc92b (size before relaxing)

.comment        0x00000000       0x43
 .comment       0x00000000       0x43 ./Core/Src/main.o
                                 0x44 (size before relaxing)
 .comment       0x00000043       0x44 ./Core/Src/stm32f1xx_hal_msp.o
 .comment       0x00000043       0x44 ./Core/Src/stm32f1xx_hal_timebase_tim.o
 .comment       0x00000043       0x44 ./Core/Src/stm32f1xx_it.o
 .comment       0x00000043       0x44 ./Core/Src/system_stm32f1xx.o
 .comment       0x00000043       0x44 ./Diagnostics/Src/DTC.o
 .comment       0x00000043       0x44 ./Diagnostics/Src/RTC.o
 .comment       0x00000043       0x44 ./Diagnostics/Src/UDS.o
 .comment       0x00000043       0x44 ./Drivers/STM32F1xx_HAL_Driver/Src/stm32f1xx_hal.o
 .comment       0x00000043       0x44 ./Drivers/STM32F1xx_HAL_Driver/Src/stm32f1xx_hal_can.o
 .comment       0x00000043       0x44 ./Drivers/STM32F1xx_HAL_Driver/Src/stm32f1xx_hal_cortex.o
 .comment       0x00000043       0x44 ./Drivers/STM32F1xx_HAL_Driver/Src/stm32f1xx_hal_dma.o
 .comment       0x00000043       0x44 ./Drivers/STM32F1xx_HAL_Driver/Src/stm32f1xx_hal_flash.o