Archive member included to satisfy reference by file (symbol)

C:/ST/STM32CubeIDE_1.16.1/STM32CubeIDE/plugins/com.st.stm32cube.ide.mcu.externaltools.gnu-tools-for-stm32.12.3.rel1.win32_1.0.200.202406191623/tools/bin/../lib/gcc/arm-none-eabi/12.3.1/../../../../arm-none-eabi/lib/thumb/v7-m/nofp\libc_nano.a(libc_a-exit.o)
                              C:/ST/STM32CubeIDE_1.16.1/STM32CubeIDE/plugins/com.st.stm32cube.ide.mcu.externaltools.gnu-tools-for-stm32.12.3.rel1.win32_1.0.200.202406191623/tools/bin/../lib/gcc/arm-none-eabi/12.3.1/../../../../arm-none-eabi/lib/thumb/v7-m/nofp/crt0.o (exit)
C:/ST/STM32CubeIDE_1.16.1/STM32CubeIDE/plugins/com.st.stm32cube.ide.mcu.externaltools.gnu-tools-for-stm32.12.3.rel1.win32_1.0.200.202406191623/tools/bin/../lib/gcc/arm-none-eabi/12.3.1/../../../../arm-none-eabi/lib/thumb/v7-m/nofp\libc_nano.a(libc_a-findfp.o)
                              C:/ST/STM32CubeIDE_1.16.1/STM32CubeIDE/plugins/com.st.stm32cube.ide.mcu.externaltools.gnu-tools-for-stm32.12.3.rel1.win32_1.0.200.202406191623/tools/bin/../lib/gcc/arm-none-eabi/12.3.1/../../../../arm-none-eabi/lib/thumb/v7-m/nofp\libc_nano.a(libc_a-exit.o) (__stdio_exit_handler)
C:/ST/STM32CubeIDE_1.16.1/STM32CubeIDE/plugins/com.st.stm32cube.ide.mcu.externaltools.gnu-tools-for-stm32.12.3.rel1.win32_1.0.200.202406191623/tools/bin/../lib/gcc/arm-none-eabi/12.3.1/../../../../arm-none-eabi/lib/thumb/v7-m/nofp\libc_nano.a(libc_a-fwalk.o)
                              C:/ST/STM32CubeIDE_1.16.1/STM32CubeIDE/plugins/com.st.stm32cube.ide.mcu.externaltools.gnu-tools-for-stm32.12.3.rel1.win32_1.0.200.202406191623/tools/bin/../lib/gcc/arm-none-eabi/12.3.1/../../../../arm-none-eabi/lib/thumb/v7-m/nofp\libc_nano.a(libc_a-findfp.o) (_fwalk_sglue)
C:/ST/STM32CubeIDE_1.16.1/STM32CubeIDE/plugins/com.st.stm32cube.ide.mcu.externaltools.gnu-tools-for-stm32.12.3.rel1.win32_1.0.200.202406191623/tools/bin/../lib/gcc/arm-none-eabi/12.3.1/../../../../arm-none-eabi/lib/thumb/v7-m/nofp\libc_nano.a(libc_a-stdio.o)
                              C:/ST/STM32CubeIDE_1.16.1/STM32CubeIDE/plugins/com.st.stm32cube.ide.mcu.externaltools.gnu-tools-for-stm32.12.3.rel1.win32_1.0.200.202406191623/tools/bin/../lib/gcc/arm-none-eabi/12.3.1/../../../../arm-none-eabi/lib/thumb/v7-m/nofp\libc_nano.a(libc_a-findfp.o) (__sread)
C:/ST/STM32CubeIDE_1.16.1/STM32CubeIDE/plugins/com.st.stm32cube.ide.mcu.externaltools.gnu-tools-for-stm32.12.3.rel1.win32_1.0.200.202406191623/tools/bin/../lib/gcc/arm-none-eabi/12.3.1/../../../../arm-none-eabi/lib/thumb/v7-m/nofp\libc_nano.a(libc_a-memset.o)
                              C:/ST/STM32CubeIDE_1.16.1/STM32CubeIDE/plugins/com.st.stm32cube.ide.mcu.externaltools.gnu-tools-for-stm32.12.3.rel1.win32_1.0.200.202406191623/tools/bin/../lib/gcc/arm-none-eabi/12.3.1/../../../../arm-none-eabi/lib/thumb/v7-m/nofp/crt0.o (memset)
C:/ST/STM32CubeIDE_1.16.1/STM32CubeIDE/plugins/com.st.stm32cube.ide.mcu.externaltools.gnu-tools-for-stm32.12.3.rel1.win32_1.0.200.202406191623/tools/bin/../lib/gcc/arm-none-eabi/12.3.1/../../../../arm-none-eabi/lib/thumb/v7-m/nofp\libc_nano.a(libc_a-closer.o)
                              C:/ST/STM32CubeIDE_1.16.1/STM32CubeIDE/plugins/com.st.stm32cube.ide.mcu.externaltools.gnu-tools-for-stm32.12.3.rel1.win32_1.0.200.202406191623/tools/bin/../lib/gcc/arm-none-eabi/12.3.1/../../../../arm-none-eabi/lib/thumb/v7-m/nofp\libc_nano.a(libc_a-stdio.o) (_close_r)
C:/ST/STM32CubeIDE_1.16.1/STM32CubeIDE/plugins/com.st.stm32cube.ide.mcu.externaltools.gnu-tools-for-stm32.12.3.rel1.win32_1.0.200.202406191623/tools/bin/../lib/gcc/arm-none-eabi/12.3.1/../../../../arm-none-eabi/lib/thumb/v7-m/nofp\libc_nano.a(libc_a-reent.o)
                              C:/ST/STM32CubeIDE_1.16.1/STM32CubeIDE/plugins/com.st.stm32cube.ide.mcu.externaltools.gnu-tools-for-stm32.12.3.rel1.win32_1.0.200.202406191623/tools/bin/../lib/gcc/arm-none-eabi/12.3.1/../../../../arm-none-eabi/lib/thumb/v7-m/nofp\libc_nano.a(libc_a-closer.o) (errno)
C:/ST/STM32CubeIDE_1.16.1/STM32CubeIDE/plugins/com.st.stm32cube.ide.mcu.externaltools.gnu-tools-for-stm32.12.3.rel1.win32_1.0.200.202406191623/tools/bin/../lib/gcc/arm-none-eabi/12.3.1/../../../../arm-none-eabi/lib/thumb/v7-m/nofp\libc_nano.a(libc_a-impure.o)
                              C:/ST/STM32CubeIDE_1.16.1/STM32CubeIDE/plugins/com.st.stm32cube.ide.mcu.externaltools.gnu-tools-for-stm32.12.3.rel1.win32_1.0.200.202406191623/tools/bin/../lib/gcc/arm-none-eabi/12.3.1/../../../../arm-none-eabi/lib/thumb/v7-m/nofp\libc_nano.a(libc_a-reent.o) (_impure_ptr)
C:/ST/STM32CubeIDE_1.16.1/STM32CubeIDE/plugins/com.st.stm32cube.ide.mcu.externaltools.gnu-tools-for-stm32.12.3.rel1.win32_1.0.200.202406191623/tools/bin/../lib/gcc/arm-none-eabi/12.3.1/../../../../arm-none-eabi/lib/thumb/v7-m/nofp\libc_nano.a(libc_a-lseekr.o)
[...]
Memory Configuration

Name             Origin             Length             Attributes
RAM              0x20000000         0x00005000         xrw
FLASH            0x08000000         0x0000e000         xr
*default*        0x00000000         0xffffffff

Linker script and memory map

LOAD C:/ST/STM32CubeIDE_1.16.1/STM32CubeIDE/plugins/com.st.stm32cube.ide.mcu.externaltools.gnu-tools-for-stm32.12.3.rel1.win32_1.0.200.202406191623/tools/bin/../lib/gcc/arm-none-eabi/12.3.1/thumb/v7-m/nofp/crti.o
LOAD C:/ST/STM32CubeIDE_1.16.1/STM32CubeIDE/plugins/com.st.stm32cube.ide.mcu.externaltools.gnu-tools-for-stm32.12.3.rel1.win32_1.0.200.202406191623/tools/bin/../lib/gcc/arm-none-eabi/12.3.1/thumb/v7-m/nofp/crtbegin.o
LOAD C:/ST/STM32CubeIDE_1.16.1/STM32CubeIDE/plugins/com.st.stm32cube.ide.mcu.externaltools.gnu-tools-for-stm32.12.3.rel1.win32_1.0.200.202406191623/tools/bin/../lib/gcc/arm-none-eabi/12.3.1/../../../../arm-none-eabi/lib/thumb/v7-m/nofp/crt0.o
LOAD ./Core/Src/main.o
LOAD ./Core/Src/stm32f1xx_hal_msp.o
LOAD ./Core/Src/stm32f1xx_hal_timebase_tim.o
LOAD ./Core/Src/stm32f1xx_it.o
LOAD ./Core/Src/syscalls.o
LOAD ./Core/Src/sysmem.o
LOAD ./Core/Src/system_stm32f1xx.o
LOAD ./Core/Startup/startup_stm32f103c8tx.o
LOAD ./Diagnostics/Src/DTC.o
LOAD ./Diagnostics/Src/RTC.o
LOAD ./Diagnostics/Src/UDS.o
LOAD ./Drivers/STM32F1xx_HAL_Driver/Src/stm32f1xx_hal.o
LOAD ./Drivers/STM32F1xx_HAL_Driver/Src/stm32f1xx_hal_can.o
LOAD ./Drivers/STM32F1xx_HAL_Driver/Src/stm32f1xx_hal_cortex.o
LOAD ./Drivers/STM32F1xx_HAL_Driver/Src/stm32f1xx_hal_dma.o
LOAD ./Drivers/STM32F1xx_HAL_Driver/Src/stm32f1xx_hal_exti.o
LOAD ./Drivers/STM32F1xx_HAL_Driver/Src/stm32f1xx_hal_flash.o
LOAD ./Drivers/STM32F1xx_HAL_Driver/Src/stm32f1xx_hal_flash_ex.o
LOAD ./Drivers/STM32F1xx_HAL_Driver/Src/stm32f1xx_hal_gpio.o
LOAD ./Drivers/STM32F1xx_HAL_Driver/Src/stm32f1xx_hal_gpio_ex.o
LOAD ./Drivers/STM32F1xx_HAL_Driver/Src/stm32f1xx_hal_pwr.o
LOAD ./Drivers/STM32F1xx_HAL_Driver/Src/stm32f1xx_hal_rcc.o
LOAD ./Drivers/STM32F1xx_HAL_Driver/Src/stm32f1xx_hal_rcc_ex.o
LOAD ./Drivers/STM32F1xx_HAL_Driver/Src/stm32f1xx_hal_rtc.o
LOAD ./Drivers/STM32F1xx_HAL_Driver/Src/stm32f1xx_hal_rtc_ex.o
LOAD ./Drivers/STM32F1xx_HAL_Driver/Src/stm32f1xx_hal_tim.o
LOAD ./Drivers/STM32F1xx_HAL_Driver/Src/stm32f1xx_hal_tim_ex.o
LOAD ./Drivers/STM32F1xx_HAL_Driver/Src/stm32f1xx_hal_uart.o
LOAD ./Tasks/Src/CANReceiveTask.o
LOAD ./Tasks/Src/CANTransmitTask.o
LOAD ./Tasks/Src/ControlTask.o
LOAD ./Tasks/Src/DiagnosticsTask.o
LOAD ./Tasks/Src/OTAManagerTask.o
LOAD ./Tasks/Src/TaskHandle.o
LOAD ./Tasks/Src/UARTReceiveTask.o
LOAD ./ThridParty/FreeRTOS/croutine.o
LOAD ./ThridParty/FreeRTOS/event_groups.o
LOAD ./ThridParty/FreeRTOS/list.o
LOAD ./ThridParty/FreeRTOS/queue.o
LOAD ./ThridParty/FreeRTOS/stream_buffer.o
LOAD ./ThridParty/FreeRTOS/tasks.o
LOAD ./ThridParty/FreeRTOS/timers.o
LOAD ./ThridParty/FreeRTOS/portable/GCC/ARM_CM3/port.o
LOAD ./ThridParty/FreeRTOS/portable/MemMang/heap_4.o
START GROUP
LOAD C:/ST/STM32CubeIDE_1.16.1/STM32CubeIDE/plugins/com.st.stm32cube.ide.mcu.externaltools.gnu-tools-for-stm32.12.3.rel1.win32_1.0.200.202406191623/tools/bin/../lib/gcc/arm-none-eabi/12.3.1/../../../../arm-none-eabi/lib/thumb/v7-m/nofp\libc_nano.a
LOAD C:/ST/STM32CubeIDE_1.16.1/STM32CubeIDE/plugins/com.st.stm32cube.ide.mcu.externaltools.gnu-tools-for-stm32.12.3.rel1.win32_1.0.200.202406191623/tools/bin/../lib/gcc/arm-none-eabi/12.3.1/../../../../arm-none-eabi/lib/thumb/v7-m/nofp\libm.a
END GROUP
START GROUP
LOAD C:/ST/STM32CubeIDE_1.16.1/STM32CubeIDE/plugins/com.st.stm32cube.ide.mcu.externaltools.gnu-tools-for-stm32.12.3.rel1.win32_1.0.200.202406191623/tools/bin/../lib/gcc/arm-none-eabi/12.3.1/thumb/v7-m/nofp\libgcc.a
LOAD C:/ST/STM32CubeIDE_1.16.1/STM32CubeIDE/plugins/com.st.stm32cube.ide.mcu.externaltools.gnu-tools-for-stm32.12.3.rel1.win32_1.0.200.202406191623/tools/bin/../lib/gcc/arm-none-eabi/12.3.1/../../../../arm-none-eabi/lib/thumb/v7-m/nofp\libc_nano.a
END GROUP
START GROUP
LOAD C:/ST/STM32CubeIDE_1.16.1/STM32CubeIDE/plugins/com.st.stm32cube.ide.mcu.externaltools.gnu-tools-for-stm32.12.3.rel1.win32_1.0.200.202406191623/tools/bin/../lib/gcc/arm-none-eabi/12.3.1/thumb/v7-m/nofp\libgcc.a
LOAD C:/ST/STM32CubeIDE_1.16.1/STM32CubeIDE/plugins/com.st.stm32cube.ide.mcu.externaltools.gnu-tools-for-stm32.12.3.rel1.win32_1.0.200.202406191623/tools/bin/../lib/gcc/arm-none-eabi/12.3.1/../../../../arm-none-eabi/lib/thumb/v7-m/nofp\libc_nano.a
LOAD C:/ST/STM32CubeIDE_1.16.1/STM32CubeIDE/plugins/com.st.stm32cube.ide.mcu.externaltools.gnu-tools-for-stm32.12.3.rel1.win32_1.0.200.202406191623/tools/bin/../lib/gcc/arm-none-eabi/12.3.1/../../../../arm-none-eabi/lib/thumb/v7-m/nofp\libnosys.a
END GROUP
START GROUP
LOAD C:/ST/STM32CubeIDE_1.16.1/STM32CubeIDE/plugins/com.st.stm32cube.ide.mcu.externaltools.gnu-tools-for-stm32.12.3.rel1.win32_1.0.200.202406191623/tools/bin/../lib/gcc/arm-none-eabi/12.3.1/thumb/v7-m/nofp\libgcc.a
LOAD C:/ST/STM32CubeIDE_1.16.1/STM32CubeIDE/plugins/com.st.stm32cube.ide.mcu.externaltools.gnu-tools-for-stm32.12.3.rel1.win32_1.0.200.202406191623/tools/bin/../lib/gcc/arm-none-eabi/12.3.1/../../../../arm-none-eabi/lib/thumb/v7-m/nofp\libc_nano.a
LOAD C:/ST/STM32CubeIDE_1.16.1/STM32CubeIDE/plugins/com.st.stm32cube.ide.mcu.externaltools.gnu-tools-for-stm32.12.3.rel1.win32_1.0.200.202406191623/tools/bin/../lib/gcc/arm-none-eabi/12.3.1/../../../../arm-none-eabi/lib/thumb/v7-m/nofp\libnosys.a
END GROUP
LOAD C:/ST/STM32CubeIDE_1.16.1/STM32CubeIDE/plugins/com.st.stm32cube.ide.mcu.externaltools.gnu-tools-for-stm32.12.3.rel1.win32_1.0.200.202406191623/tools/bin/../lib/gcc/arm-none-eabi/12.3.1/thumb/v7-m/nofp/crtend.o
LOAD C:/ST/STM32CubeIDE_1.16.1/STM32CubeIDE/plugins/com.st.stm32cube.ide.mcu.externaltools.gnu-tools-for-stm32.12.3.rel1.win32_1.0.200.202406191623/tools/bin/../lib/gcc/arm-none-eabi/12.3.1/thumb/v7-m/nofp/crtn.o
                0x20005000                        _estack = (ORIGIN (RAM) + LENGTH (RAM))
                0x00000200                        _Min_Heap_Size = 0x200
                0x00000400                        _Min_Stack_Size = 0x400

.isr_vector     0x08000000      0x10c
                0x08000000                        . = ALIGN (0x4)
 *(.isr_vector)
 .isr_vector    0x08000000      0x10c ./Core/Startup/startup_stm32f103c8tx.o
                0x08000000                g_pfnVectors
                0x0800010c                        . = ALIGN (0x4)

.text           0x08000110     0x8318
                0x08000110                        . = ALIGN (0x4)
 *(.text)
 .text          0x08000110       0x40 C:/ST/STM32CubeIDE_1.16.1/STM32CubeIDE/plugins/com.st.stm32cube.ide.mcu.externaltools.gnu-tools-for-stm32.12.3.rel1.win32_1.0.200.202406191623/tools/bin/../lib/gcc/arm-none-eabi/12.3.1/thumb/v7-m/nofp/crtbegin.o
 .text          0x08000150      0x21c C:/ST/STM32CubeIDE_1.16.1/STM32CubeIDE/plugins/com.st.stm32cube.ide.mcu.externaltools.gnu-tools-for-stm32.12.3.rel1.win32_1.0.200.202406191623/tools/bin/../lib/gcc/arm-none-eabi/12.3.1/thumb/v7-m/nofp\libgcc.a(_arm_addsubsf3.o)
                0x08000150                __aeabi_frsub
                0x08000158                __subsf3
                0x08000158                __aeabi_fsub
                0x0800015c                __aeabi_fadd
                0x0800015c                __addsf3
                0x080002bc                __aeabi_ui2f
                0x080002bc                __floatunsisf
                0x080002c4                __aeabi_i2f
                0x080002c4                __floatsisf
                0x080002e0                __aeabi_ul2f
                0x080002e0                __floatundisf
                0x080002f0                __aeabi_l2f
                0x080002f0                __floatdisf
 .text          0x0800036c       0xec C:/ST/STM32CubeIDE_1.16.1/STM32CubeIDE/plugins/com.st.stm32cube.ide.mcu.externaltools.gnu-tools-for-stm32.12.3.rel1.win32_1.0.200.202406191623/tools/bin/../lib/gcc/arm-none-eabi/12.3.1/thumb/v7-m/nofp\libgcc.a(_arm_cmpsf2.o)
                0x0800036c                __gesf2
                0x0800036c                __gtsf2
                0x08000374                __lesf2
                0x08000374                __ltsf2
                0x0800037c                __nesf2
                0x0800037c                __eqsf2
                0x0800037c                __cmpsf2
                0x080003dc                __aeabi_cfrcmple
                0x080003e4                __aeabi_cfcmpeq
                0x080003e4                __aeabi_cfcmple
                0x080003f4                __aeabi_fcmpeq
                0x08000408                __aeabi_fcmplt
                0x0800041c                __aeabi_fcmple
                0x08000430                __aeabi_fcmpge
                0x08000444                __aeabi_fcmpgt
 .text          0x08000458       0x40 C:/ST/STM32CubeIDE_1.16.1/STM32CubeIDE/plugins/com.st.stm32cube.ide.mcu.externaltools.gnu-tools-for-stm32.12.3.rel1.win32_1.0.200.202406191623/tools/bin/../lib/gcc/arm-none-eabi/12.3.1/thumb/v7-m/nofp\libgcc.a(_arm_fixunssfsi.o)
                0x08000458                __fixunssfsi
                0x08000458                __aeabi_f2uiz
 *(.text*)
 .text.main     0x08000498       0x40 ./Core/Src/main.o
                0x08000498                main
 .text.SystemClock_Config
                0x080004d8       0xb2 ./Core/Src/main.o
                0x080004d8                SystemClock_Config
 *fill*         0x0800058a        0x2 
 .text.MX_CAN_Init
                0x0800058c       0x6c ./Core/Src/main.o
 .text.MX_RTC_Init
                0x080005f8       0x94 ./Core/Src/main.o
 .text.MX_USART2_UART_Init
                0x0800068c       0x54 ./Core/Src/main.o
 .text.MX_GPIO_Init
                0x080006e0       0x7c ./Core/Src/main.o
 .text.CAN_Filter_Config
                0x0800075c       0x78 ./Core/Src/main.o
                0x0800075c                CAN_Filter_Config
 .text.HAL_TIM_PeriodElapsedCallback
                0x080007d4       0x24 ./Core/Src/main.o
                0x080007d4                HAL_TIM_PeriodElapsedCallback
 .text.Error_Handler
                0x080007f8        0xc ./Core/Src/main.o
                0x080007f8                Error_Handler
 .text.HAL_MspInit
                0x08000804       0x64 ./Core/Src/stm32f1xx_hal_msp.o
                0x08000804                HAL_MspInit
 .text.HAL_CAN_MspInit
                0x08000868       0xb8 ./Core/Src/stm32f1xx_hal_msp.o
                0x08000868                HAL_CAN_MspInit
 .text.HAL_RTC_MspInit
                0x08000920       0x48 ./Core/Src/stm32f1xx_hal_msp.o
                0x08000920                HAL_RTC_MspInit
 .text.HAL_UART_MspInit
                0x08000968       0xa4 ./Core/Src/stm32f1xx_hal_msp.o
                0x08000968                HAL_UART_MspInit
 .text.HAL_InitTick
                0x08000a0c       0xe4 ./Core/Src/stm32f1xx_hal_timebase_tim.o
                0x08000a0c                HAL_InitTick
 .text.NMI_Handler
                0x08000af0        0x8 ./Core/Src/stm32f1xx_it.o
                0x08000af0                NMI_Handler
 .text.HardFault_Handler
                0x08000af8        0x8 ./Core/Src/stm32f1xx_it.o
                0x08000af8                HardFault_Handler
 .text.MemManage_Handler
                0x08000b00        0x8 ./Core/Src/stm32f1xx_it.o
                0x08000b00                MemManage_Handler
 .text.BusFault_Handler
                0x08000b08        0x8 ./Core/Src/stm32f1xx_it.o
                0x08000b08                BusFault_Handler
 .text.UsageFault_Handler
                0x08000b10        0x8 ./Core/Src/stm32f1xx_it.o
                0x08000b10                UsageFault_Handler
 .text.DebugMon_Handler
                0x08000b18        0xc ./Core/Src/stm32f1xx_it.o
                0x08000b18                DebugMon_Handler
 .text.USB_HP_CAN1_TX_IRQHandler
                0x08000b24       0x14 ./Core/Src/stm32f1xx_it.o
                0x08000b24                USB_HP_CAN1_TX_IRQHandler
 .text.USB_LP_CAN1_RX0_IRQHandler
                0x08000b38       0x14 ./Core/Src/stm32f1xx_it.o
                0x08000b38                USB_LP_CAN1_RX0_IRQHandler
 .text.TIM1_UP_IRQHandler
                0x08000b4c       0x14 ./Core/Src/stm32f1xx_it.o
                0x08000b4c                TIM1_UP_IRQHandler
 .text.USART2_IRQHandler
                0x08000b60       0x14 ./Core/Src/stm32f1xx_it.o
                0x08000b60                USART2_IRQHandler
 .text.SystemInit
                0x08000b74        0xc ./Core/Src/system_stm32f1xx.o
                0x08000b74                SystemInit
 .text.Reset_Handler
                0x08000b80       0x48 ./Core/Startup/startup_stm32f103c8tx.o
                0x08000b80                Reset_Handler
 .text.Default_Handler
                0x08000bc8        0x2 ./Core/Startup/startup_stm32f103c8tx.o
                0x08000bc8                RTC_Alarm_IRQHandler
                0x08000bc8                EXTI2_IRQHandler
                0x08000bc8                TIM1_CC_IRQHandler
                0x08000bc8                PVD_IRQHandler
                0x08000bc8                EXTI3_IRQHandler
                0x08000bc8                EXTI0_IRQHandler
                0x08000bc8                I2C2_EV_IRQHandler
                0x08000bc8                ADC1_2_IRQHandler
                0x08000bc8                SPI1_IRQHandler
                0x08000bc8                TAMPER_IRQHandler
                0x08000bc8                DMA1_Channel4_IRQHandler
                0x08000bc8                USART3_IRQHandler
                0x08000bc8                RTC_IRQHandler
                0x08000bc8                DMA1_Channel7_IRQHandler
                0x08000bc8                CAN1_RX1_IRQHandler
                0x08000bc8                TIM4_IRQHandler
                0x08000bc8                I2C1_EV_IRQHandler
                0x08000bc8                DMA1_Channel6_IRQHandler
                0x08000bc8                TIM3_IRQHandler
                0x08000bc8                RCC_IRQHandler
                0x08000bc8                TIM1_TRG_COM_IRQHandler
                0x08000bc8                DMA1_Channel1_IRQHandler
                0x08000bc8                Default_Handler
                0x08000bc8                EXTI15_10_IRQHandler
                0x08000bc8                EXTI9_5_IRQHandler
                0x08000bc8                SPI2_IRQHandler
                0x08000bc8                DMA1_Channel5_IRQHandler
                0x08000bc8                EXTI4_IRQHandler
                0x08000bc8                DMA1_Channel3_IRQHandler
                0x08000bc8                WWDG_IRQHandler
                0x08000bc8                TIM2_IRQHandler
                0x08000bc8                TIM1_BRK_IRQHandler
                0x08000bc8                EXTI1_IRQHandler
                0x08000bc8                I2C2_ER_IRQHandler
                0x08000bc8                DMA1_Channel2_IRQHandler
                0x08000bc8                CAN1_SCE_IRQHandler
                0x08000bc8                FLASH_IRQHandler
                0x08000bc8                USART1_IRQHandler
                0x08000bc8                I2C1_ER_IRQHandler
                0x08000bc8                USBWakeUp_IRQHandler
 *fill*         0x08000bca        0x2 
 .text.ReadDTCListFromFlash
                0x08000bcc       0xa0 ./Diagnostics/Src/DTC.o
                0x08000bcc                ReadDTCListFromFlash
 .text.ClearDTCListFlash
                0x08000c6c       0x54 ./Diagnostics/Src/DTC.o
                0x08000c6c                ClearDTCListFlash
 .text.WriteDTCListToFlash
                0x08000cc0      0x1b0 ./Diagnostics/Src/DTC.o
                0x08000cc0                WriteDTCListToFlash
 .text.RTC_GetTime
                0x08000e70       0x44 ./Diagnostics/Src/RTC.o
                0x08000e70                RTC_GetTime
 .text.RTC_GetDate
                0x08000eb4       0x50 ./Diagnostics/Src/RTC.o
                0x08000eb4                RTC_GetDate
 .text.SendResponse
                0x08000f04       0x78 ./Diagnostics/Src/UDS.o
                0x08000f04                SendResponse
 .text.SendNegative
                0x08000f7c       0x30 ./Diagnostics/Src/UDS.o
                0x08000f7c                SendNegative
 .text.SendPositive
                0x08000fac       0x30 ./Diagnostics/Src/UDS.o
                0x08000fac                SendPositive
 .text.ProcessSessionControl
                0x08000fdc       0x6c ./Diagnostics/Src/UDS.o
                0x08000fdc                ProcessSessionControl
 .text.ProcessSecurityAccess
                0x08001048       0x70 ./Diagnostics/Src/UDS.o
                0x08001048                ProcessSecurityAccess
 .text.ProcessReadDataById
                0x080010b8       0xd0 ./Diagnostics/Src/UDS.o
                0x080010b8                ProcessReadDataById
 .text.ProcessReadDTC
                0x08001188      0x218 ./Diagnostics/Src/UDS.o
                0x08001188                ProcessReadDTC
 .text.ProcessClearDTC
                0x080013a0       0x44 ./Diagnostics/Src/UDS.o
                0x080013a0                ProcessClearDTC
 .text.ProcessRequestDownload
                0x080013e4       0x4c ./Diagnostics/Src/UDS.o
                0x080013e4                ProcessRequestDownload
 .text.HAL_Init
                0x08001430       0x2c ./Drivers/STM32F1xx_HAL_Driver/Src/stm32f1xx_hal.o
                0x08001430                HAL_Init
 .text.HAL_IncTick
                0x0800145c       0x24 ./Drivers/STM32F1xx_HAL_Driver/Src/stm32f1xx_hal.o
                0x0800145c                HAL_IncTick
 .text.HAL_GetTick
                0x08001480       0x14 ./Drivers/STM32F1xx_HAL_Driver/Src/stm32f1xx_hal.o
                0x08001480                HAL_GetTick
 .text.HAL_CAN_Init
                0x08001494      0x1f6 ./Drivers/STM32F1xx_HAL_Driver/Src/stm32f1xx_hal_can.o
                0x08001494                HAL_CAN_Init
 .text.HAL_CAN_ConfigFilter
                0x0800168a      0x192 ./Drivers/STM32F1xx_HAL_Driver/Src/stm32f1xx_hal_can.o
                0x0800168a                HAL_CAN_ConfigFilter
 .text.HAL_CAN_Start
                0x0800181c       0x88 ./Drivers/STM32F1xx_HAL_Driver/Src/stm32f1xx_hal_can.o
                0x0800181c                HAL_CAN_Start
 .text.HAL_CAN_AddTxMessage
                0x080018a4      0x19e ./Drivers/STM32F1xx_HAL_Driver/Src/stm32f1xx_hal_can.o
                0x080018a4                HAL_CAN_AddTxMessage
 .text.HAL_CAN_GetRxMessage
                0x08001a42      0x242 ./Drivers/STM32F1xx_HAL_Driver/Src/stm32f1xx_hal_can.o
                0x08001a42                HAL_CAN_GetRxMessage
 .text.HAL_CAN_ActivateNotification
                0x08001c84       0x4a ./Drivers/STM32F1xx_HAL_Driver/Src/stm32f1xx_hal_can.o
                0x08001c84                HAL_CAN_ActivateNotification
 .text.HAL_CAN_IRQHandler
                0x08001cce      0x36e ./Drivers/STM32F1xx_HAL_Driver/Src/stm32f1xx_hal_can.o
                0x08001cce                HAL_CAN_IRQHandler
 .text.HAL_CAN_TxMailbox0CompleteCallback
                0x0800203c       0x12 ./Drivers/STM32F1xx_HAL_Driver/Src/stm32f1xx_hal_can.o
                0x0800203c                HAL_CAN_TxMailbox0CompleteCallback
 .text.HAL_CAN_TxMailbox1CompleteCallback
                0x0800204e       0x12 ./Drivers/STM32F1xx_HAL_Driver/Src/stm32f1xx_hal_can.o
                0x0800204e                HAL_CAN_TxMailbox1CompleteCallback
 .text.HAL_CAN_TxMailbox2CompleteCallback
                0x08002060       0x12 ./Drivers/STM32F1xx_HAL_Driver/Src/stm32f1xx_hal_can.o
                0x08002060                HAL_CAN_TxMailbox2CompleteCallback
 .text.HAL_CAN_TxMailbox0AbortCallback
                0x08002072       0x12 ./Drivers/STM32F1xx_HAL_Driver/Src/stm32f1xx_hal_can.o
                0x08002072                HAL_CAN_TxMailbox0AbortCallback
 .text.HAL_CAN_TxMailbox1AbortCallback
                0x08002084       0x12 ./Drivers/STM32F1xx_HAL_Driver/Src/stm32f1xx_hal_can.o
                0x08002084                HAL_CAN_TxMailbox1AbortCallback
 .text.HAL_CAN_TxMailbox2AbortCallback
                0x08002096       0x12 ./Drivers/STM32F1xx_HAL_Driver/Src/stm32f1xx_hal_can.o
                0x08002096                HAL_CAN_TxMailbox2AbortCallback
 .text.HAL_CAN_RxFifo0FullCallback
                0x080020a8       0x12 ./Drivers/STM32F1xx_HAL_Driver/Src/stm32f1xx_hal_can.o
                0x080020a8                HAL_CAN_RxFifo0FullCallback
 .text.HAL_CAN_RxFifo1MsgPendingCallback
                0x080020ba       0x12 ./Drivers/STM32F1xx_HAL_Driver/Src/stm32f1xx_hal_can.o
                0x080020ba                HAL_CAN_RxFifo1MsgPendingCallback
 .text.HAL_CAN_RxFifo1FullCallback
                0x080020cc       0x12 ./Drivers/STM32F1xx_HAL_Driver/Src/stm32f1xx_hal_can.o
                0x080020cc                HAL_CAN_RxFifo1FullCallback
 .text.HAL_CAN_SleepCallback
                0x080020de       0x12 ./Drivers/STM32F1xx_HAL_Driver/Src/stm32f1xx_hal_can.o
                0x080020de                HAL_CAN_SleepCallback
 .text.HAL_CAN_WakeUpFromRxMsgCallback
                0x080020f0       0x12 ./Drivers/STM32F1xx_HAL_Driver/Src/stm32f1xx_hal_can.o
                0x080020f0                HAL_CAN_WakeUpFromRxMsgCallback
 .text.HAL_CAN_ErrorCallback
                0x08002102       0x12 ./Drivers/STM32F1xx_HAL_Driver/Src/stm32f1xx_hal_can.o
                0x08002102                HAL_CAN_ErrorCallback
 .text.__NVIC_SetPriorityGrouping
                0x08002114       0x48 ./Drivers/STM32F1xx_HAL_Driver/Src/stm32f1xx_hal_cortex.o
 .text.__NVIC_GetPriorityGrouping
                0x0800215c       0x1c ./Drivers/STM32F1xx_HAL_Driver/Src/stm32f1xx_hal_cortex.o
 .text.__NVIC_EnableIRQ
                0x08002178       0x38 ./Drivers/STM32F1xx_HAL_Driver/Src/stm32f1xx_hal_cortex.o
 .text.__NVIC_SetPriority
                0x080021b0       0x54 ./Drivers/STM32F1xx_HAL_Driver/Src/stm32f1xx_hal_cortex.o
 .text.NVIC_EncodePriority
                0x08002204       0x64 ./Drivers/STM32F1xx_HAL_Driver/Src/stm32f1xx_hal_cortex.o
 .text.HAL_NVIC_SetPriorityGrouping
                0x08002268       0x16 ./Drivers/STM32F1xx_HAL_Driver/Src/stm32f1xx_hal_cortex.o
                0x08002268                HAL_NVIC_SetPriorityGrouping
 .text.HAL_NVIC_SetPriority
                0x0800227e       0x38 ./Drivers/STM32F1xx_HAL_Driver/Src/stm32f1xx_hal_cortex.o
                0x0800227e                HAL_NVIC_SetPriority
 .text.HAL_NVIC_EnableIRQ
                0x080022b6       0x1c ./Drivers/STM32F1xx_HAL_Driver/Src/stm32f1xx_hal_cortex.o
                0x080022b6                HAL_NVIC_EnableIRQ
 .text.HAL_DMA_Abort
                0x080022d2       0x76 ./Drivers/STM32F1xx_HAL_Driver/Src/stm32f1xx_hal_dma.o
                0x080022d2                HAL_DMA_Abort
 .text.HAL_DMA_Abort_IT
                0x08002348       0xf0 ./Drivers/STM32F1xx_HAL_Driver/Src/stm32f1xx_hal_dma.o
                0x08002348                HAL_DMA_Abort_IT
 .text.HAL_FLASH_Program
                0x08002438       0xe0 ./Drivers/STM32F1xx_HAL_Driver/Src/stm32f1xx_hal_flash.o
                0x08002438                HAL_FLASH_Program
 .text.HAL_FLASH_Unlock
                0x08002518       0x4c ./Drivers/STM32F1xx_HAL_Driver/Src/stm32f1xx_hal_flash.o
                0x08002518                HAL_FLASH_Unlock
 .text.HAL_FLASH_Lock
                0x08002564       0x20 ./Drivers/STM32F1xx_HAL_Driver/Src/stm32f1xx_hal_flash.o
                0x08002564                HAL_FLASH_Lock
 .text.FLASH_Program_HalfWord
                0x08002584       0x38 ./Drivers/STM32F1xx_HAL_Driver/Src/stm32f1xx_hal_flash.o
 .text.FLASH_WaitForLastOperation
                0x080025bc       0x8c ./Drivers/STM32F1xx_HAL_Driver/Src/stm32f1xx_hal_flash.o
                0x080025bc                FLASH_WaitForLastOperation
 .text.FLASH_SetErrorCode
                0x08002648       0xa0 ./Drivers/STM32F1xx_HAL_Driver/Src/stm32f1xx_hal_flash.o
 .text.HAL_FLASHEx_Erase
                0x080026e8       0xd8 ./Drivers/STM32F1xx_HAL_Driver/Src/stm32f1xx_hal_flash_ex.o
                0x080026e8                HAL_FLASHEx_Erase
 .text.FLASH_MassErase
                0x080027c0       0x38 ./Drivers/STM32F1xx_HAL_Driver/Src/stm32f1xx_hal_flash_ex.o
 .text.FLASH_PageErase
                0x080027f8       0x40 ./Drivers/STM32F1xx_HAL_Driver/Src/stm32f1xx_hal_flash_ex.o
                0x080027f8                FLASH_PageErase
 .text.HAL_GPIO_Init
                0x08002838      0x308 ./Drivers/STM32F1xx_HAL_Driver/Src/stm32f1xx_hal_gpio.o
                0x08002838                HAL_GPIO_Init
 .text.HAL_GPIO_WritePin
                0x08002b40       0x30 ./Drivers/STM32F1xx_HAL_Driver/Src/stm32f1xx_hal_gpio.o
                0x08002b40                HAL_GPIO_WritePin
 .text.HAL_GPIO_TogglePin
                0x08002b70       0x32 ./Drivers/STM32F1xx_HAL_Driver/Src/stm32f1xx_hal_gpio.o
                0x08002b70                HAL_GPIO_TogglePin
 *fill*         0x08002ba2        0x2 
 .text.HAL_PWR_EnableBkUpAccess
                0x08002ba4       0x18 ./Drivers/STM32F1xx_HAL_Driver/Src/stm32f1xx_hal_pwr.o
                0x08002ba4                HAL_PWR_EnableBkUpAccess
 .text.HAL_RCC_OscConfig
                0x08002bbc      0x504 ./Drivers/STM32F1xx_HAL_Driver/Src/stm32f1xx_hal_rcc.o
                0x08002bbc                HAL_RCC_OscConfig
 .text.HAL_RCC_ClockConfig
                0x080030c0      0x1d4 ./Drivers/STM32F1xx_HAL_Driver/Src/stm32f1xx_hal_rcc.o
                0x080030c0                HAL_RCC_ClockConfig
 .text.HAL_RCC_GetSysClockFreq
                0x08003294       0xa8 ./Drivers/STM32F1xx_HAL_Driver/Src/stm32f1xx_hal_rcc.o
                0x08003294                HAL_RCC_GetSysClockFreq
 .text.HAL_RCC_GetHCLKFreq
                0x0800333c       0x14 ./Drivers/STM32F1xx_HAL_Driver/Src/stm32f1xx_hal_rcc.o
                0x0800333c                HAL_RCC_GetHCLKFreq
 .text.HAL_RCC_GetPCLK1Freq
                0x08003350       0x28 ./Drivers/STM32F1xx_HAL_Driver/Src/stm32f1xx_hal_rcc.o
                0x08003350                HAL_RCC_GetPCLK1Freq
 .text.HAL_RCC_GetPCLK2Freq
                0x08003378       0x28 ./Drivers/STM32F1xx_HAL_Driver/Src/stm32f1xx_hal_rcc.o
                0x08003378                HAL_RCC_GetPCLK2Freq
 .text.HAL_RCC_GetClockConfig
                0x080033a0       0x60 ./Drivers/STM32F1xx_HAL_Driver/Src/stm32f1xx_hal_rcc.o
                0x080033a0                HAL_RCC_GetClockConfig
 .text.RCC_Delay
                0x08003400       0x3c ./Drivers/STM32F1xx_HAL_Driver/Src/stm32f1xx_hal_rcc.o
 .text.HAL_RCCEx_PeriphCLKConfig
                0x0800343c      0x16c ./Drivers/STM32F1xx_HAL_Driver/Src/stm32f1xx_hal_rcc_ex.o
                0x0800343c                HAL_RCCEx_PeriphCLKConfig
 .text.HAL_RCCEx_GetPeriphCLKFreq
                0x080035a8      0x16c ./Drivers/STM32F1xx_HAL_Driver/Src/stm32f1xx_hal_rcc_ex.o
                0x080035a8                HAL_RCCEx_GetPeriphCLKFreq
 .text.HAL_RTC_Init
                0x08003714      0x118 ./Drivers/STM32F1xx_HAL_Driver/Src/stm32f1xx_hal_rtc.o
                0x08003714                HAL_RTC_Init
 .text.HAL_RTC_SetTime
                0x0800382c      0x12e ./Drivers/STM32F1xx_HAL_Driver/Src/stm32f1xx_hal_rtc.o
                0x0800382c                HAL_RTC_SetTime
 *fill*         0x0800395a        0x2 
 .text.HAL_RTC_GetTime
                0x0800395c      0x1b0 ./Drivers/STM32F1xx_HAL_Driver/Src/stm32f1xx_hal_rtc.o
                0x0800395c                HAL_RTC_GetTime
 .text.HAL_RTC_SetDate
                0x08003b0c      0x16c ./Drivers/STM32F1xx_HAL_Driver/Src/stm32f1xx_hal_rtc.o
                0x08003b0c                HAL_RTC_SetDate
 .text.HAL_RTC_GetDate
                0x08003c78       0xa8 ./Drivers/STM32F1xx_HAL_Driver/Src/stm32f1xx_hal_rtc.o
                0x08003c78                HAL_RTC_GetDate
 .text.HAL_RTC_WaitForSynchro
                0x08003d20       0x5a ./Drivers/STM32F1xx_HAL_Driver/Src/stm32f1xx_hal_rtc.o
                0x08003d20                HAL_RTC_WaitForSynchro
 .text.RTC_ReadTimeCounter
                0x08003d7a       0x60 ./Drivers/STM32F1xx_HAL_Driver/Src/stm32f1xx_hal_rtc.o
 .text.RTC_WriteTimeCounter
                0x08003dda       0x4e ./Drivers/STM32F1xx_HAL_Driver/Src/stm32f1xx_hal_rtc.o
 .text.RTC_ReadAlarmCounter
                0x08003e28       0x32 ./Drivers/STM32F1xx_HAL_Driver/Src/stm32f1xx_hal_rtc.o
 .text.RTC_WriteAlarmCounter
                0x08003e5a       0x4e ./Drivers/STM32F1xx_HAL_Driver/Src/stm32f1xx_hal_rtc.o
 .text.RTC_EnterInitMode
                0x08003ea8       0x50 ./Drivers/STM32F1xx_HAL_Driver/Src/stm32f1xx_hal_rtc.o
 .text.RTC_ExitInitMode
                0x08003ef8       0x50 ./Drivers/STM32F1xx_HAL_Driver/Src/stm32f1xx_hal_rtc.o
 .text.RTC_ByteToBcd2
                0x08003f48       0x3a ./Drivers/STM32F1xx_HAL_Driver/Src/stm32f1xx_hal_rtc.o
 .text.RTC_Bcd2ToByte
                0x08003f82       0x3a ./Drivers/STM32F1xx_HAL_Driver/Src/stm32f1xx_hal_rtc.o
 .text.RTC_DateUpdate
                0x08003fbc      0x152 ./Drivers/STM32F1xx_HAL_Driver/Src/stm32f1xx_hal_rtc.o
 *fill*         0x0800410e        0x2 
 .text.RTC_IsLeapYear
                0x08004110       0x64 ./Drivers/STM32F1xx_HAL_Driver/Src/stm32f1xx_hal_rtc.o
 .text.RTC_WeekDayNum
                0x08004174       0xf0 ./Drivers/STM32F1xx_HAL_Driver/Src/stm32f1xx_hal_rtc.o
 .text.HAL_TIM_Base_Init
                0x08004264       0x9e ./Drivers/STM32F1xx_HAL_Driver/Src/stm32f1xx_hal_tim.o
                0x08004264                HAL_TIM_Base_Init
 .text.HAL_TIM_Base_MspInit
                0x08004302       0x12 ./Drivers/STM32F1xx_HAL_Driver/Src/stm32f1xx_hal_tim.o
                0x08004302                HAL_TIM_Base_MspInit
 .text.HAL_TIM_Base_Start_IT
                0x08004314       0xa4 ./Drivers/STM32F1xx_HAL_Driver/Src/stm32f1xx_hal_tim.o
                0x08004314                HAL_TIM_Base_Start_IT
 .text.HAL_TIM_IRQHandler
                0x080043b8      0x1e0 ./Drivers/STM32F1xx_HAL_Driver/Src/stm32f1xx_hal_tim.o
                0x080043b8                HAL_TIM_IRQHandler
 .text.HAL_TIM_OC_DelayElapsedCallback
                0x08004598       0x12 ./Drivers/STM32F1xx_HAL_Driver/Src/stm32f1xx_hal_tim.o
                0x08004598                HAL_TIM_OC_DelayElapsedCallback
 .text.HAL_TIM_IC_CaptureCallback
                0x080045aa       0x12 ./Drivers/STM32F1xx_HAL_Driver/Src/stm32f1xx_hal_tim.o
                0x080045aa                HAL_TIM_IC_CaptureCallback
 .text.HAL_TIM_PWM_PulseFinishedCallback
                0x080045bc       0x12 ./Drivers/STM32F1xx_HAL_Driver/Src/stm32f1xx_hal_tim.o
                0x080045bc                HAL_TIM_PWM_PulseFinishedCallback
 .text.HAL_TIM_TriggerCallback
                0x080045ce       0x12 ./Drivers/STM32F1xx_HAL_Driver/Src/stm32f1xx_hal_tim.o
                0x080045ce                HAL_TIM_TriggerCallback
 .text.TIM_Base_SetConfig
                0x080045e0       0xdc ./Drivers/STM32F1xx_HAL_Driver/Src/stm32f1xx_hal_tim.o
                0x080045e0                TIM_Base_SetConfig
 .text.HAL_TIMEx_CommutCallback
                0x080046bc       0x12 ./Drivers/STM32F1xx_HAL_Driver/Src/stm32f1xx_hal_tim_ex.o
                0x080046bc                HAL_TIMEx_CommutCallback
 .text.HAL_TIMEx_BreakCallback
                0x080046ce       0x12 ./Drivers/STM32F1xx_HAL_Driver/Src/stm32f1xx_hal_tim_ex.o
                0x080046ce                HAL_TIMEx_BreakCallback
 .text.HAL_UART_Init
                0x080046e0       0xa0 ./Drivers/STM32F1xx_HAL_Driver/Src/stm32f1xx_hal_uart.o
                0x080046e0                HAL_UART_Init
 .text.HAL_UART_Transmit_IT
                0x08004780       0x6a ./Drivers/STM32F1xx_HAL_Driver/Src/stm32f1xx_hal_uart.o
                0x08004780                HAL_UART_Transmit_IT
 .text.HAL_UART_Receive_IT
                0x080047ea       0x4a ./Drivers/STM32F1xx_HAL_Driver/Src/stm32f1xx_hal_uart.o
                0x080047ea                HAL_UART_Receive_IT
 .text.HAL_UART_IRQHandler
                0x08004834      0x524 ./Drivers/STM32F1xx_HAL_Driver/Src/stm32f1xx_hal_uart.o
                0x08004834                HAL_UART_IRQHandler
 .text.HAL_UART_TxCpltCallback
                0x08004d58       0x12 ./Drivers/STM32F1xx_HAL_Driver/Src/stm32f1xx_hal_uart.o
                0x08004d58                HAL_UART_TxCpltCallback
 .text.HAL_UART_ErrorCallback
                0x08004d6a       0x12 ./Drivers/STM32F1xx_HAL_Driver/Src/stm32f1xx_hal_uart.o
                0x08004d6a                HAL_UART_ErrorCallback
 .text.HAL_UARTEx_RxEventCallback
                0x08004d7c       0x16 ./Drivers/STM32F1xx_HAL_Driver/Src/stm32f1xx_hal_uart.o
                0x08004d7c                HAL_UARTEx_RxEventCallback
 .text.UART_Start_Receive_IT
                0x08004d92       0x72 ./Drivers/STM32F1xx_HAL_Driver/Src/stm32f1xx_hal_uart.o
                0x08004d92                UART_Start_Receive_IT
 .text.UART_EndRxTransfer
                0x08004e04       0xc4 ./Drivers/STM32F1xx_HAL_Driver/Src/stm32f1xx_hal_uart.o
 .text.UART_DMAAbortOnError
                0x08004ec8       0x28 ./Drivers/STM32F1xx_HAL_Driver/Src/stm32f1xx_hal_uart.o
 .text.UART_Transmit_IT
                0x08004ef0       0x9e ./Drivers/STM32F1xx_HAL_Driver/Src/stm32f1xx_hal_uart.o
 .text.UART_EndTransmit_IT
                0x08004f8e       0x30 ./Drivers/STM32F1xx_HAL_Driver/Src/stm32f1xx_hal_uart.o
 .text.UART_Receive_IT
                0x08004fbe      0x17c ./Drivers/STM32F1xx_HAL_Driver/Src/stm32f1xx_hal_uart.o
 *fill*         0x0800513a        0x2 
 .text.UART_SetConfig
                0x0800513c      0x11c ./Drivers/STM32F1xx_HAL_Driver/Src/stm32f1xx_hal_uart.o
 .text.StartCANReceiveTask
                0x08005258       0x70 ./Tasks/Src/CANReceiveTask.o
 .text.InitCANReceiveTask
                0x080052c8       0x4c ./Tasks/Src/CANReceiveTask.o
                0x080052c8                InitCANReceiveTask
 .text.HAL_CAN_RxFifo0MsgPendingCallback
                0x08005314       0x58 ./Tasks/Src/CANReceiveTask.o
                0x08005314                HAL_CAN_RxFifo0MsgPendingCallback
 .text.StartCANTransmitTask
                0x0800536c       0x54 ./Tasks/Src/CANTransmitTask.o
 .text.InitCANTransmitTask
                0x080053c0       0x3c ./Tasks/Src/CANTransmitTask.o
                0x080053c0                InitCANTransmitTask
 .text.StartControlTask
                0x080053fc      0x148 ./Tasks/Src/ControlTask.o
 .text.InitControlTask
                0x08005544       0x40 ./Tasks/Src/ControlTask.o
                0x08005544                InitControlTask
 .text.StartDiagnosticsTask
                0x08005584      0x138 ./Tasks/Src/DiagnosticsTask.o
 .text.InitDiagnosticsTask
                0x080056bc       0x40 ./Tasks/Src/DiagnosticsTask.o
                0x080056bc                InitDiagnosticsTask
 .text.__NVIC_SystemReset
                0x080056fc       0x2c ./Tasks/Src/OTAManagerTask.o
 .text.StartOTAManagerTask
                0x08005728       0x40 ./Tasks/Src/OTAManagerTask.o
 .text.InitOTAManagerTask
                0x08005768       0x3c ./Tasks/Src/OTAManagerTask.o
                0x08005768                InitOTAManagerTask
 .text.ReadMetadata
                0x080057a4       0x50 ./Tasks/Src/OTAManagerTask.o
                0x080057a4                ReadMetadata
 .text.WriteMetadata
                0x080057f4       0xa4 ./Tasks/Src/OTAManagerTask.o
                0x080057f4                WriteMetadata
 .text.FreeRTOS_Init
                0x08005898       0x20 ./Tasks/Src/TaskHandle.o
                0x08005898                FreeRTOS_Init
 .text.Start_Scheduler
                0x080058b8        0xc ./Tasks/Src/TaskHandle.o
                0x080058b8                Start_Scheduler
 .text.StartUARTReceiveTask
                0x080058c4      0x16c ./Tasks/Src/UARTReceiveTask.o
 .text.InitUARTReceiveTask
                0x08005a30       0x50 ./Tasks/Src/UARTReceiveTask.o
                0x08005a30                InitUARTReceiveTask
 .text.HAL_UART_RxCpltCallback
                0x08005a80       0x70 ./Tasks/Src/UARTReceiveTask.o
                0x08005a80                HAL_UART_RxCpltCallback
 .text.vListInitialise
                0x08005af0       0x3e ./ThridParty/FreeRTOS/list.o
                0x08005af0                vListInitialise
 .text.vListInitialiseItem
                0x08005b2e       0x18 ./ThridParty/FreeRTOS/list.o
                0x08005b2e                vListInitialiseItem
 .text.vListInsert
                0x08005b46       0x70 ./ThridParty/FreeRTOS/list.o
                0x08005b46                vListInsert
 .text.uxListRemove
                0x08005bb6       0x52 ./ThridParty/FreeRTOS/list.o
                0x08005bb6                uxListRemove
 .text.xQueueGenericReset
                0x08005c08      0x124 ./ThridParty/FreeRTOS/queue.o
                0x08005c08                xQueueGenericReset
 .text.xQueueGenericCreate
                0x08005d2c       0x9e ./ThridParty/FreeRTOS/queue.o
                0x08005d2c                xQueueGenericCreate
 .text.prvInitialiseNewQueue
                0x08005dca       0x46 ./ThridParty/FreeRTOS/queue.o
 .text.xQueueGenericSend
                0x08005e10      0x204 ./ThridParty/FreeRTOS/queue.o
                0x08005e10                xQueueGenericSend
 .text.xQueueGenericSendFromISR
                0x08006014      0x16c ./ThridParty/FreeRTOS/queue.o
                0x08006014                xQueueGenericSendFromISR
 .text.xQueueReceive
                0x08006180      0x1c4 ./ThridParty/FreeRTOS/queue.o
                0x08006180                xQueueReceive
 .text.prvCopyDataToQueue
                0x08006344       0xd4 ./ThridParty/FreeRTOS/queue.o
 .text.prvCopyDataFromQueue
                0x08006418       0x4c ./ThridParty/FreeRTOS/queue.o
 .text.prvUnlockQueue
                0x08006464       0xa4 ./ThridParty/FreeRTOS/queue.o
 .text.prvIsQueueEmpty
                0x08006508       0x2c ./ThridParty/FreeRTOS/queue.o
 .text.prvIsQueueFull
                0x08006534       0x30 ./ThridParty/FreeRTOS/queue.o
 .text.vQueueAddToRegistry
                0x08006564       0x9c ./ThridParty/FreeRTOS/queue.o
                0x08006564                vQueueAddToRegistry
 .text.vQueueWaitForMessageRestricted
                0x08006600       0x68 ./ThridParty/FreeRTOS/queue.o
                0x08006600                vQueueWaitForMessageRestricted
 .text.xTaskCreate
                0x08006668       0x8c ./ThridParty/FreeRTOS/tasks.o
                0x08006668                xTaskCreate
 .text.prvInitialiseNewTask
                0x080066f4      0x120 ./ThridParty/FreeRTOS/tasks.o
 .text.prvAddNewTaskToReadyList
                0x08006814      0x12c ./ThridParty/FreeRTOS/tasks.o
 .text.vTaskDelay
                0x08006940       0x6c ./ThridParty/FreeRTOS/tasks.o
                0x08006940                vTaskDelay
 .text.vTaskStartScheduler
                0x080069ac       0xa4 ./ThridParty/FreeRTOS/tasks.o
                0x080069ac                vTaskStartScheduler
 .text.vTaskSuspendAll
                0x08006a50       0x1c ./ThridParty/FreeRTOS/tasks.o
                0x08006a50                vTaskSuspendAll
 .text.xTaskResumeAll
                0x08006a6c      0x1f8 ./ThridParty/FreeRTOS/tasks.o
                0x08006a6c                xTaskResumeAll
 .text.xTaskGetTickCount
                0x08006c64       0x1c ./ThridParty/FreeRTOS/tasks.o
                0x08006c64                xTaskGetTickCount
 .text.uxTaskGetNumberOfTasks
                0x08006c80       0x14 ./ThridParty/FreeRTOS/tasks.o
                0x08006c80                uxTaskGetNumberOfTasks
 .text.xTaskIncrementTick
                0x08006c94      0x230 ./ThridParty/FreeRTOS/tasks.o
                0x08006c94                xTaskIncrementTick
 .text.vTaskSwitchContext
                0x08006ec4       0xb8 ./ThridParty/FreeRTOS/tasks.o
                0x08006ec4                vTaskSwitchContext
 .text.vTaskPlaceOnEventList
                0x08006f7c       0x4c ./ThridParty/FreeRTOS/tasks.o
                0x08006f7c                vTaskPlaceOnEventList
 .text.vTaskPlaceOnEventListRestricted
                0x08006fc8       0x8c ./ThridParty/FreeRTOS/tasks.o
                0x08006fc8                vTaskPlaceOnEventListRestricted
 .text.xTaskRemoveFromEventList
                0x08007054      0x1ac ./ThridParty/FreeRTOS/tasks.o
                0x08007054                xTaskRemoveFromEventList
 .text.vTaskInternalSetTimeOutState
                0x08007200       0x2c ./ThridParty/FreeRTOS/tasks.o
                0x08007200                vTaskInternalSetTimeOutState
 .text.xTaskCheckForTimeOut
                0x0800722c       0xd0 ./ThridParty/FreeRTOS/tasks.o
                0x0800722c                xTaskCheckForTimeOut
 .text.vTaskMissedYield
                0x080072fc       0x18 ./ThridParty/FreeRTOS/tasks.o
                0x080072fc                vTaskMissedYield
 .text.prvIdleTask
                0x08007314       0x30 ./ThridParty/FreeRTOS/tasks.o
 .text.prvInitialiseTaskLists
                0x08007344       0x80 ./ThridParty/FreeRTOS/tasks.o
 .text.prvCheckTasksWaitingTermination
                0x080073c4       0x5c ./ThridParty/FreeRTOS/tasks.o
 .text.prvDeleteTCB
                0x08007420       0x20 ./ThridParty/FreeRTOS/tasks.o
 .text.prvResetNextTaskUnblockTime
                0x08007440       0x34 ./ThridParty/FreeRTOS/tasks.o
 .text.xTaskGetSchedulerState
                0x08007474       0x3c ./ThridParty/FreeRTOS/tasks.o
                0x08007474                xTaskGetSchedulerState
 .text.xTaskPriorityDisinherit
                0x080074b0      0x14c ./ThridParty/FreeRTOS/tasks.o
                0x080074b0                xTaskPriorityDisinherit
 .text.prvAddCurrentTaskToDelayedList
                0x080075fc      0x100 ./ThridParty/FreeRTOS/tasks.o
 .text.xTimerCreateTimerTask
                0x080076fc       0x64 ./ThridParty/FreeRTOS/timers.o
                0x080076fc                xTimerCreateTimerTask
 .text.prvReloadTimer
                0x08007760       0x42 ./ThridParty/FreeRTOS/timers.o
 *fill*         0x080077a2        0x2 
 .text.prvProcessExpiredTimer
                0x080077a4       0x60 ./ThridParty/FreeRTOS/timers.o
 .text.prvTimerTask
                0x08007804       0x26 ./ThridParty/FreeRTOS/timers.o
 *fill*         0x0800782a        0x2 
 .text.prvProcessTimerOrBlockTask
                0x0800782c       0x9c ./ThridParty/FreeRTOS/timers.o
 .text.prvGetNextExpireTime
                0x080078c8       0x44 ./ThridParty/FreeRTOS/timers.o
 .text.prvSampleTimeNow
                0x0800790c       0x40 ./ThridParty/FreeRTOS/timers.o
 .text.prvInsertTimerInActiveList
                0x0800794c       0x84 ./ThridParty/FreeRTOS/timers.o
 .text.prvProcessReceivedCommands
                0x080079d0      0x184 ./ThridParty/FreeRTOS/timers.o
 .text.prvSwitchTimerLists
                0x08007b54       0x4c ./ThridParty/FreeRTOS/timers.o
 .text.prvCheckForValidListAndQueue
                0x08007ba0       0x6c ./ThridParty/FreeRTOS/timers.o
 .text.pxPortInitialiseStack
                0x08007c0c       0x58 ./ThridParty/FreeRTOS/portable/GCC/ARM_CM3/port.o
                0x08007c0c                pxPortInitialiseStack
 .text.prvTaskExitError
                0x08007c64       0x58 ./ThridParty/FreeRTOS/portable/GCC/ARM_CM3/port.o
 *fill*         0x08007cbc        0x4 
 .text.SVC_Handler
                0x08007cc0       0x28 ./ThridParty/FreeRTOS/portable/GCC/ARM_CM3/port.o
                0x08007cc0                SVC_Handler
 .text.prvPortStartFirstTask
                0x08007ce8       0x24 ./ThridParty/FreeRTOS/portable/GCC/ARM_CM3/port.o
 .text.xPortStartScheduler
                0x08007d0c       0xe4 ./ThridParty/FreeRTOS/portable/GCC/ARM_CM3/port.o
                0x08007d0c                xPortStartScheduler
 .text.vPortEnterCritical
                0x08007df0       0x60 ./ThridParty/FreeRTOS/portable/GCC/ARM_CM3/port.o
                0x08007df0                vPortEnterCritical
 .text.vPortExitCritical
                0x08007e50       0x54 ./ThridParty/FreeRTOS/portable/GCC/ARM_CM3/port.o
                0x08007e50                vPortExitCritical
 *fill*         0x08007ea4        0xc 
 .text.PendSV_Handler
                0x08007eb0       0x48 ./ThridParty/FreeRTOS/portable/GCC/ARM_CM3/port.o
                0x08007eb0                PendSV_Handler
 .text.SysTick_Handler
                0x08007ef8       0x44 ./ThridParty/FreeRTOS/portable/GCC/ARM_CM3/port.o
                0x08007ef8                SysTick_Handler
 .text.vPortSetupTimerInterrupt
                0x08007f3c       0x44 ./ThridParty/FreeRTOS/portable/GCC/ARM_CM3/port.o
                0x08007f3c                vPortSetupTimerInterrupt
 .text.vPortValidateInterruptPriority
                0x08007f80       0x80 ./ThridParty/FreeRTOS/portable/GCC/ARM_CM3/port.o
                0x08007f80                vPortValidateInterruptPriority
 .text.pvPortMalloc
                0x08008000      0x178 ./ThridParty/FreeRTOS/portable/MemMang/heap_4.o
                0x08008000                pvPortMalloc
 .text.vPortFree
                0x08008178       0xbc ./ThridParty/FreeRTOS/portable/MemMang/heap_4.o
                0x08008178                vPortFree
 .text.prvHeapInit
                0x08008234       0xb8 ./ThridParty/FreeRTOS/portable/MemMang/heap_4.o
 .text.prvInsertBlockIntoFreeList
                0x080082ec       0xb0 ./ThridParty/FreeRTOS/portable/MemMang/heap_4.o
 .text.memset   0x0800839c       0x10 C:/ST/STM32CubeIDE_1.16.1/STM32CubeIDE/plugins/com.st.stm32cube.ide.mcu.externaltools.gnu-tools-for-stm32.12.3.rel1.win32_1.0.200.202406191623/tools/bin/../lib/gcc/arm-none-eabi/12.3.1/../../../../arm-none-eabi/lib/thumb/v7-m/nofp\libc_nano.a(libc_a-memset.o)
                0x0800839c                memset
 .text.__libc_init_array
                0x080083ac       0x48 C:/ST/STM32CubeIDE_1.16.1/STM32CubeIDE/plugins/com.st.stm32cube.ide.mcu.externaltools.gnu-tools-for-stm32.12.3.rel1.win32_1.0.200.202406191623/tools/bin/../lib/gcc/arm-none-eabi/12.3.1/../../../../arm-none-eabi/lib/thumb/v7-m/nofp\libc_nano.a(libc_a-init.o)
                0x080083ac                __libc_init_array
 .text.memcpy   0x080083f4       0x1c C:/ST/STM32CubeIDE_1.16.1/STM32CubeIDE/plugins/com.st.stm32cube.ide.mcu.externaltools.gnu-tools-for-stm32.12.3.rel1.win32_1.0.200.202406191623/tools/bin/../lib/gcc/arm-none-eabi/12.3.1/../../../../arm-none-eabi/lib/thumb/v7-m/nofp\libc_nano.a(libc_a-memcpy-stub.o)
                0x080083f4                memcpy
 *(.glue_7)
 .glue_7        0x08008410        0x0 linker stubs
 *(.glue_7t)
 .glue_7t       0x08008410        0x0 linker stubs
 *(.eh_frame)
 .eh_frame      0x08008410        0x0 C:/ST/STM32CubeIDE_1.16.1/STM32CubeIDE/plugins/com.st.stm32cube.ide.mcu.externaltools.gnu-tools-for-stm32.12.3.rel1.win32_1.0.200.202406191623/tools/bin/../lib/gcc/arm-none-eabi/12.3.1/thumb/v7-m/nofp/crtbegin.o
 *(.init)
 .init          0x08008410        0x4 C:/ST/STM32CubeIDE_1.16.1/STM32CubeIDE/plugins/com.st.stm32cube.ide.mcu.externaltools.gnu-tools-for-stm32.12.3.rel1.win32_1.0.200.202406191623/tools/bin/../lib/gcc/arm-none-eabi/12.3.1/thumb/v7-m/nofp/crti.o
                0x08008410                _init
 .init          0x08008414        0x8 C:/ST/STM32CubeIDE_1.16.1/STM32CubeIDE/plugins/com.st.stm32cube.ide.mcu.externaltools.gnu-tools-for-stm32.12.3.rel1.win32_1.0.200.202406191623/tools/bin/../lib/gcc/arm-none-eabi/12.3.1/thumb/v7-m/nofp/crtn.o
 *(.fini)
 .fini          0x0800841c        0x4 C:/ST/STM32CubeIDE_1.16.1/STM32CubeIDE/plugins/com.st.stm32cube.ide.mcu.externaltools.gnu-tools-for-stm32.12.3.rel1.win32_1.0.200.202406191623/tools/bin/../lib/gcc/arm-none-eabi/12.3.1/thumb/v7-m/nofp/crti.o
                0x0800841c                _fini
 .fini          0x08008420        0x8 C:/ST/STM32CubeIDE_1.16.1/STM32CubeIDE/plugins/com.st.stm32cube.ide.mcu.externaltools.gnu-tools-for-stm32.12.3.rel1.win32_1.0.200.202406191623/tools/bin/../lib/gcc/arm-none-eabi/12.3.1/thumb/v7-m/nofp/crtn.o
                0x08008428                        . = ALIGN (0x4)
                0x08008428                        _etext = .

.vfp11_veneer   0x08008428        0x0
 .vfp11_veneer  0x08008428        0x0 linker stubs

.v4_bx          0x08008428        0x0
 .v4_bx         0x08008428        0x0 linker stubs

.iplt           0x08008428        0x0
 .iplt          0x08008428        0x0 C:/ST/STM32CubeIDE_1.16.1/STM32CubeIDE/plugins/com.st.stm32cube.ide.mcu.externaltools.gnu-tools-for-stm32.12.3.rel1.win32_1.0.200.202406191623/tools/bin/../lib/gcc/arm-none-eabi/12.3.1/thumb/v7-m/nofp/crtbegin.o

.rodata         0x08008428       0x94
                0x08008428                        . = ALIGN (0x4)
 *(.rodata)
 .rodata        0x08008428        0xb ./Tasks/Src/CANReceiveTask.o
 *fill*         0x08008433        0x1 
 .rodata        0x08008434        0x6 ./Tasks/Src/CANTransmitTask.o
 *fill*         0x0800843a        0x2 
 .rodata        0x0800843c        0x8 ./Tasks/Src/ControlTask.o
 .rodata        0x08008444        0xc ./Tasks/Src/DiagnosticsTask.o
 .rodata        0x08008450        0x7 ./Tasks/Src/OTAManagerTask.o
 *fill*         0x08008457        0x1 
 .rodata        0x08008458        0xc ./Tasks/Src/UARTReceiveTask.o
 .rodata        0x08008464        0x5 ./ThridParty/FreeRTOS/tasks.o
 *fill*         0x08008469        0x3 
 .rodata        0x0800846c        0xd ./ThridParty/FreeRTOS/timers.o
 *(.rodata*)
 *fill*         0x08008479        0x3 
 .rodata.AHBPrescTable
                0x0800847c       0x10 ./Core/Src/system_stm32f1xx.o
                0x0800847c                AHBPrescTable
 .rodata.APBPrescTable
                0x0800848c        0x8 ./Core/Src/system_stm32f1xx.o
                0x0800848c                APBPrescTable
 .rodata.aPLLMULFactorTable.1
                0x08008494       0x10 ./Drivers/STM32F1xx_HAL_Driver/Src/stm32f1xx_hal_rcc.o
 .rodata.aPredivFactorTable.0
                0x080084a4        0x2 ./Drivers/STM32F1xx_HAL_Driver/Src/stm32f1xx_hal_rcc.o
 *fill*         0x080084a6        0x2 
 .rodata.aPLLMULFactorTable.1
                0x080084a8       0x10 ./Drivers/STM32F1xx_HAL_Driver/Src/stm32f1xx_hal_rcc_ex.o
 .rodata.aPredivFactorTable.0
                0x080084b8        0x2 ./Drivers/STM32F1xx_HAL_Driver/Src/stm32f1xx_hal_rcc_ex.o
                0x080084bc                        . = ALIGN (0x4)
 *fill*         0x080084ba        0x2 

.ARM.extab      0x080084bc        0x0
                0x080084bc                        . = ALIGN (0x4)
 *(.ARM.extab* .gnu.linkonce.armextab.*)
                0x080084bc                        . = ALIGN (0x4)

.ARM            0x080084bc        0x0
                0x080084bc                        . = ALIGN (0x4)
                0x080084bc                        __exidx_start = .
 *(.ARM.exidx*)
                0x080084bc                        __exidx_end = .
                0x080084bc                        . = ALIGN (0x4)

.preinit_array  0x080084bc        0x0
                0x080084bc                        . = ALIGN (0x4)
                0x080084bc                        PROVIDE (__preinit_array_start = .)
 *(.preinit_array*)
                0x080084bc                        PROVIDE (__preinit_array_end = .)
                0x080084bc                        . = ALIGN (0x4)

.init_array     0x080084bc        0x4
                0x080084bc                        . = ALIGN (0x4)
                0x080084bc                        PROVIDE (__init_array_start = .)
 *(SORT_BY_NAME(.init_array.*))
 *(.init_array*)
 .init_array    0x080084bc        0x4 C:/ST/STM32CubeIDE_1.16.1/STM32CubeIDE/plugins/com.st.stm32cube.ide.mcu.externaltools.gnu-tools-for-stm32.12.3.rel1.win32_1.0.200.202406191623/tools/bin/../lib/gcc/arm-none-eabi/12.3.1/thumb/v7-m/nofp/crtbegin.o
                0x080084c0                        PROVIDE (__init_array_end = .)
                0x080084c0                        . = ALIGN (0x4)

.fini_array     0x080084c0        0x4
                0x080084c0                        . = ALIGN (0x4)
                [!provide]                        PROVIDE (__fini_array_start = .)
 *(SORT_BY_NAME(.fini_array.*))
 *(.fini_array*)
 .fini_array    0x080084c0        0x4 C:/ST/STM32CubeIDE_1.16.1/STM32CubeIDE/plugins/com.st.stm32cube.ide.mcu.externaltools.gnu-tools-for-stm32.12.3.rel1.win32_1.0.200.202406191623/tools/bin/../lib/gcc/arm-none-eabi/12.3.1/thumb/v7-m/nofp/crtbegin.o
                [!provide]                        PROVIDE (__fini_array_end = .)
                0x080084c4                        . = ALIGN (0x4)
                0x080084c4                        _sidata = LOADADDR (.data)

.rel.dyn        0x080084c4        0x0
 .rel.iplt      0x080084c4        0x0 C:/ST/STM32CubeIDE_1.16.1/STM32CubeIDE/plugins/com.st.stm32cube.ide.mcu.externaltools.gnu-tools-for-stm32.12.3.rel1.win32_1.0.200.202406191623/tools/bin/../lib/gcc/arm-none-eabi/12.3.1/thumb/v7-m/nofp/crtbegin.o

.data           0x20000000       0x14 load address 0x080084c4
                0x20000000                        . = ALIGN (0x4)
                0x20000000                        _sdata = .
 *(.data)
 *(.data*)
 .data.SystemCoreClock
                0x20000000        0x4 ./Core/Src/system_stm32f1xx.o
                0x20000000                SystemCoreClock
 .data.uwTickPrio
                0x20000004        0x4 ./Drivers/STM32F1xx_HAL_Driver/Src/stm32f1xx_hal.o
                0x20000004                uwTickPrio
 .data.uwTickFreq
                0x20000008        0x1 ./Drivers/STM32F1xx_HAL_Driver/Src/stm32f1xx_hal.o
                0x20000008                uwTickFreq
 *fill*         0x20000009        0x3 
 .data.uxTopUsedPriority
                0x2000000c        0x4 ./ThridParty/FreeRTOS/tasks.o
                0x2000000c                uxTopUsedPriority
 .data.uxCriticalNesting
                0x20000010        0x4 ./ThridParty/FreeRTOS/portable/GCC/ARM_CM3/port.o
 *(.RamFunc)
 *(.RamFunc*)
                0x20000014                        . = ALIGN (0x4)
                0x20000014                        _edata = .

.igot.plt       0x20000014        0x0 load address 0x080084d8
 .igot.plt      0x20000014        0x0 C:/ST/STM32CubeIDE_1.16.1/STM32CubeIDE/plugins/com.st.stm32cube.ide.mcu.externaltools.gnu-tools-for-stm32.12.3.rel1.win32_1.0.200.202406191623/tools/bin/../lib/gcc/arm-none-eabi/12.3.1/thumb/v7-m/nofp/crtbegin.o
                0x20000014                        . = ALIGN (0x4)

.bss            0x20000018     0x2adc load address 0x080084d8
                0x20000018                        _sbss = .
                0x20000018                        __bss_start__ = _sbss
 *(.bss)
 .bss           0x20000018       0x1c C:/ST/STM32CubeIDE_1.16.1/STM32CubeIDE/plugins/com.st.stm32cube.ide.mcu.externaltools.gnu-tools-for-stm32.12.3.rel1.win32_1.0.200.202406191623/tools/bin/../lib/gcc/arm-none-eabi/12.3.1/thumb/v7-m/nofp/crtbegin.o
 *(.bss*)
 .bss.hcan      0x20000034       0x28 ./Core/Src/main.o
                0x20000034                hcan
 .bss.hrtc      0x2000005c       0x14 ./Core/Src/main.o
                0x2000005c                hrtc
 .bss.huart2    0x20000070       0x48 ./Core/Src/main.o
                0x20000070                huart2
 .bss.htim1     0x200000b8       0x48 ./Core/Src/stm32f1xx_hal_timebase_tim.o
                0x200000b8                htim1
 .bss.CurrentSession
                0x20000100        0x1 ./Diagnostics/Src/UDS.o
 .bss.SecurityUnlocked
                0x20000101        0x1 ./Diagnostics/Src/UDS.o
 *fill*         0x20000102        0x2 
 .bss.uwTick    0x20000104        0x4 ./Drivers/STM32F1xx_HAL_Driver/Src/stm32f1xx_hal.o
                0x20000104                uwTick
 .bss.pFlash    0x20000108       0x20 ./Drivers/STM32F1xx_HAL_Driver/Src/stm32f1xx_hal_flash.o
                0x20000108                pFlash
 .bss.xCanRxQueue
                0x20000128        0x4 ./Tasks/Src/CANReceiveTask.o
                0x20000128                xCanRxQueue
 .bss.xCanTxQueue
                0x2000012c        0x4 ./Tasks/Src/CANTransmitTask.o
                0x2000012c                xCanTxQueue
 .bss.xSensorQueue
                0x20000130        0x4 ./Tasks/Src/ControlTask.o
                0x20000130                xSensorQueue
 .bss.LatestTemp
                0x20000134        0x4 ./Tasks/Src/ControlTask.o
                0x20000134                LatestTemp
 .bss.LatestDist
                0x20000138        0x4 ./Tasks/Src/ControlTask.o
                0x20000138                LatestDist
 .bss.xDiagQueue
                0x2000013c        0x4 ./Tasks/Src/DiagnosticsTask.o
                0x2000013c                xDiagQueue
 .bss.MetaData  0x20000140       0x10 ./Tasks/Src/OTAManagerTask.o
 .bss.xOtaQueue
                0x20000150        0x4 ./Tasks/Src/OTAManagerTask.o
                0x20000150                xOtaQueue
 .bss.xUartQueue
                0x20000154        0x4 ./Tasks/Src/UARTReceiveTask.o
                0x20000154                xUartQueue
 .bss.RXMsg     0x20000158        0x4 ./Tasks/Src/UARTReceiveTask.o
                0x20000158                RXMsg
 .bss.xQueueRegistry
                0x2000015c       0x20 ./ThridParty/FreeRTOS/queue.o
                0x2000015c                xQueueRegistry
 .bss.pxCurrentTCB
                0x2000017c        0x4 ./ThridParty/FreeRTOS/tasks.o
                0x2000017c                pxCurrentTCB
 .bss.pxReadyTasksLists
                0x20000180       0x78 ./ThridParty/FreeRTOS/tasks.o
 .bss.xDelayedTaskList1
                0x200001f8       0x14 ./ThridParty/FreeRTOS/tasks.o
 .bss.xDelayedTaskList2
                0x2000020c       0x14 ./ThridParty/FreeRTOS/tasks.o
 .bss.pxDelayedTaskList
                0x20000220        0x4 ./ThridParty/FreeRTOS/tasks.o
 .bss.pxOverflowDelayedTaskList
                0x20000224        0x4 ./ThridParty/FreeRTOS/tasks.o
 .bss.xPendingReadyList
                0x20000228       0x14 ./ThridParty/FreeRTOS/tasks.o
 .bss.xTasksWaitingTermination
                0x2000023c       0x14 ./ThridParty/FreeRTOS/tasks.o
 .bss.uxDeletedTasksWaitingCleanUp
                0x20000250        0x4 ./ThridParty/FreeRTOS/tasks.o
 .bss.xSuspendedTaskList
                0x20000254       0x14 ./ThridParty/FreeRTOS/tasks.o
 .bss.uxCurrentNumberOfTasks
                0x20000268        0x4 ./ThridParty/FreeRTOS/tasks.o
 .bss.xTickCount
                0x2000026c        0x4 ./ThridParty/FreeRTOS/tasks.o
 .bss.uxTopReadyPriority
                0x20000270        0x4 ./ThridParty/FreeRTOS/tasks.o
 .bss.xSchedulerRunning
                0x20000274        0x4 ./ThridParty/FreeRTOS/tasks.o
 .bss.xPendedTicks
                0x20000278        0x4 ./ThridParty/FreeRTOS/tasks.o
 .bss.xYieldPending
                0x2000027c        0x4 ./ThridParty/FreeRTOS/tasks.o
 .bss.xNumOfOverflows
                0x20000280        0x4 ./ThridParty/FreeRTOS/tasks.o
 .bss.uxTaskNumber
                0x20000284        0x4 ./ThridParty/FreeRTOS/tasks.o
 .bss.xNextTaskUnblockTime
                0x20000288        0x4 ./ThridParty/FreeRTOS/tasks.o
 .bss.xIdleTaskHandle
                0x2000028c        0x4 ./ThridParty/FreeRTOS/tasks.o
 .bss.uxSchedulerSuspended
                0x20000290        0x4 ./ThridParty/FreeRTOS/tasks.o
 .bss.xActiveTimerList1
                0x20000294       0x14 ./ThridParty/FreeRTOS/timers.o
 .bss.xActiveTimerList2
                0x200002a8       0x14 ./ThridParty/FreeRTOS/timers.o
 .bss.pxCurrentTimerList
                0x200002bc        0x4 ./ThridParty/FreeRTOS/timers.o
 .bss.pxOverflowTimerList
                0x200002c0        0x4 ./ThridParty/FreeRTOS/timers.o
 .bss.xTimerQueue
                0x200002c4        0x4 ./ThridParty/FreeRTOS/timers.o
 .bss.xTimerTaskHandle
                0x200002c8        0x4 ./ThridParty/FreeRTOS/timers.o
 .bss.xLastTime.0
                0x200002cc        0x4 ./ThridParty/FreeRTOS/timers.o
 .bss.ucMaxSysCallPriority
                0x200002d0        0x1 ./ThridParty/FreeRTOS/portable/GCC/ARM_CM3/port.o
 *fill*         0x200002d1        0x3 
 .bss.ulMaxPRIGROUPValue
                0x200002d4        0x4 ./ThridParty/FreeRTOS/portable/GCC/ARM_CM3/port.o
 .bss.ucHeap    0x200002d8     0x2800 ./ThridParty/FreeRTOS/portable/MemMang/heap_4.o
 .bss.xStart    0x20002ad8        0x8 ./ThridParty/FreeRTOS/portable/MemMang/heap_4.o
 .bss.pxEnd     0x20002ae0        0x4 ./ThridParty/FreeRTOS/portable/MemMang/heap_4.o
 .bss.xFreeBytesRemaining
                0x20002ae4        0x4 ./ThridParty/FreeRTOS/portable/MemMang/heap_4.o
 .bss.xMinimumEverFreeBytesRemaining
                0x20002ae8        0x4 ./ThridParty/FreeRTOS/portable/MemMang/heap_4.o
 .bss.xNumberOfSuccessfulAllocations
                0x20002aec        0x4 ./ThridParty/FreeRTOS/portable/MemMang/heap_4.o
 .bss.xNumberOfSuccessfulFrees
                0x20002af0        0x4 ./ThridParty/FreeRTOS/portable/MemMang/heap_4.o
 *(COMMON)
                0x20002af4                        . = ALIGN (0x4)
                0x20002af4                        _ebss = .
                0x20002af4                        __bss_end__ = _ebss

._user_heap_stack
                0x20002af4      0x604 load address 0x080084d8
                0x20002af8                        . = ALIGN (0x8)
 *fill*         0x20002af4        0x4 
                [!provide]                        PROVIDE (end = .)
                0x20002af8                        PROVIDE (_end = .)
                0x20002cf8                        . = (. + _Min_Heap_Size)
 *fill*         0x20002af8      0x200 
                0x200030f8                        . = (. + _Min_Stack_Size)
 *fill*         0x20002cf8      0x400 
                0x200030f8                        . = ALIGN (0x8)

/DISCARD/
 libc.a(*)
 libm.a(*)
 libgcc.a(*)

.ARM.attributes
                0x00000000       0x29
 *(.ARM.attributes)
 .ARM.attributes
                0x00000000       0x1d C:/ST/STM32CubeIDE_1.16.1/STM32CubeIDE/plugins/com.st.stm32cube.ide.mcu.externaltools.gnu-tools-for-stm32.12.3.rel1.win32_1.0.200.202406191623/tools/bin/../lib/gcc/arm-none-eabi/12.3.1/thumb/v7-m/nofp/crti.o
 .ARM.attributes
                0x0000001d       0x2d C:/ST/STM32CubeIDE_1.16.1/STM32CubeIDE/plugins/com.st.stm32cube.ide.mcu.externaltools.gnu-tools-for-stm32.12.3.rel1.win32_1.0.200.202406191623/tools/bin/../lib/gcc/arm-none-eabi/12.3.1/thumb/v7-m/nofp/crtbegin.o
 .ARM.attributes
                0x0000004a       0x2d ./Core/Src/main.o
 .ARM.attributes
                0x00000077       0x2d ./Core/Src/stm32f1xx_hal_msp.o
 .ARM.attributes
                0x000000a4       0x2d ./Core/Src/stm32f1xx_hal_timebase_tim.o
 .ARM.attributes
                0x000000d1       0x2d ./Core/Src/stm32f1xx_it.o
 .ARM.attributes
                0x000000fe       0x2d ./Core/Src/system_stm32f1xx.o
 .ARM.attributes
                0x0000012b       0x21 ./Core/Startup/startup_stm32f103c8tx.o
 .ARM.attributes
                0x0000014c       0x2d ./Diagnostics/Src/DTC.o
 .ARM.attributes
                0x00000179       0x2d ./Diagnostics/Src/RTC.o
 .ARM.attributes
                0x000001a6       0x2d ./Diagnostics/Src/UDS.o
 .ARM.attributes
                0x000001d3       0x2d ./Drivers/STM32F1xx_HAL_Driver/Src/stm32f1xx_hal.o
 .ARM.attributes
                0x00000200       0x2d ./Drivers/STM32F1xx_HAL_Driver/Src/stm32f1xx_hal_can.o
 .ARM.attributes
                0x0000022d       0x2d ./Drivers/STM32F1xx_HAL_Driver/Src/stm32f1xx_hal_cortex.o
 .ARM.attributes
                0x0000025a       0x2d ./Drivers/STM32F1xx_HAL_Driver/Src/stm32f1xx_hal_dma.o
 .ARM.attributes
                0x00000287       0x2d ./Drivers/STM32F1xx_HAL_Driver/Src/stm32f1xx_hal_flash.o
 .ARM.attributes
                0x000002b4       0x2d ./Drivers/STM32F1xx_HAL_Driver/Src/stm32f1xx_hal_flash_ex.o
 .ARM.attributes
                0x000002e1       0x2d ./Drivers/STM32F1xx_HAL_Driver/Src/stm32f1xx_hal_gpio.o
 .ARM.attributes
                0x0000030e       0x2d ./Drivers/STM32F1xx_HAL_Driver/Src/stm32f1xx_hal_pwr.o
 .ARM.attributes
                0x0000033b       0x2d ./Drivers/STM32F1xx_HAL_Driver/Src/stm32f1xx_hal_rcc.o
 .ARM.attributes
                0x00000368       0x2d ./Drivers/STM32F1xx_HAL_Driver/Src/stm32f1xx_hal_rcc_ex.o
 .ARM.attributes
                0x00000395       0x2d ./Drivers/STM32F1xx_HAL_Driver/Src/stm32f1xx_hal_rtc.o
 .ARM.attributes
                0x000003c2       0x2d ./Drivers/STM32F1xx_HAL_Driver/Src/stm32f1xx_hal_tim.o
 .ARM.attributes
                0x000003ef       0x2d ./Drivers/STM32F1xx_HAL_Driver/Src/stm32f1xx_hal_tim_ex.o
 .ARM.attributes
                0x0000041c       0x2d ./Drivers/STM32F1xx_HAL_Driver/Src/stm32f1xx_hal_uart.o
 .ARM.attributes
                0x00000449       0x2d ./Tasks/Src/CANReceiveTask.o
 .ARM.attributes
                0x00000476       0x2d ./Tasks/Src/CANTransmitTask.o
 .ARM.attributes
                0x000004a3       0x2d ./Tasks/Src/ControlTask.o
 .ARM.attributes
                0x000004d0       0x2d ./Tasks/Src/DiagnosticsTask.o
 .ARM.attributes
                0x000004fd       0x2d ./Tasks/Src/OTAManagerTask.o
 .ARM.attributes
                0x0000052a       0x2d ./Tasks/Src/TaskHandle.o
 .ARM.attributes
                0x00000557       0x2d ./Tasks/Src/UARTReceiveTask.o
 .ARM.attributes
                0x00000584       0x2d ./ThridParty/FreeRTOS/list.o
 .ARM.attributes
                0x000005b1       0x2d ./ThridParty/FreeRTOS/queue.o
 .ARM.attributes
                0x000005de       0x2d ./ThridParty/FreeRTOS/tasks.o
 .ARM.attributes
                0x0000060b       0x2d ./ThridParty/FreeRTOS/timers.o
 .ARM.attributes
                0x00000638       0x2d ./ThridParty/FreeRTOS/portable/GCC/ARM_CM3/port.o
 .ARM.attributes
                0x00000665       0x2d ./ThridParty/FreeRTOS/portable/MemMang/heap_4.o
 .ARM.attributes
                0x00000692       0x2d C:/ST/STM32CubeIDE_1.16.1/STM32CubeIDE/plugins/com.st.stm32cube.ide.mcu.externaltools.gnu-tools-for-stm32.12.3.rel1.win32_1.0.200.202406191623/tools/bin/../lib/gcc/arm-none-eabi/12.3.1/../../../../arm-none-eabi/lib/thumb/v7-m/nofp\libc_nano.a(libc_a-memset.o)
 .ARM.attributes
                0x000006bf       0x2d C:/ST/STM32CubeIDE_1.16.1/STM32CubeIDE/plugins/com.st.stm32cube.ide.mcu.externaltools.gnu-tools-for-stm32.12.3.rel1.win32_1.0.200.202406191623/tools/bin/../lib/gcc/arm-none-eabi/12.3.1/../../../../arm-none-eabi/lib/thumb/v7-m/nofp\libc_nano.a(libc_a-init.o)
 .ARM.attributes
                0x000006ec       0x2d C:/ST/STM32CubeIDE_1.16.1/STM32CubeIDE/plugins/com.st.stm32cube.ide.mcu.externaltools.gnu-tools-for-stm32.12.3.rel1.win32_1.0.200.202406191623/tools/bin/../lib/gcc/arm-none-eabi/12.3.1/../../../../arm-none-eabi/lib/thumb/v7-m/nofp\libc_nano.a(libc_a-memcpy-stub.o)
 .ARM.attributes
                0x00000719       0x1d C:/ST/STM32CubeIDE_1.16.1/STM32CubeIDE/plugins/com.st.stm32cube.ide.mcu.externaltools.gnu-tools-for-stm32.12.3.rel1.win32_1.0.200.202406191623/tools/bin/../lib/gcc/arm-none-eabi/12.3.1/thumb/v7-m/nofp\libgcc.a(_arm_addsubsf3.o)
 .ARM.attributes
                0x00000736       0x1d C:/ST/STM32CubeIDE_1.16.1/STM32CubeIDE/plugins/com.st.stm32cube.ide.mcu.externaltools.gnu-tools-for-stm32.12.3.rel1.win32_1.0.200.202406191623/tools/bin/../lib/gcc/arm-none-eabi/12.3.1/thumb/v7-m/nofp\libgcc.a(_arm_cmpsf2.o)
 .ARM.attributes
                0x00000753       0x1d C:/ST/STM32CubeIDE_1.16.1/STM32CubeIDE/plugins/com.st.stm32cube.ide.mcu.externaltools.gnu-tools-for-stm32.12.3.rel1.win32_1.0.200.202406191623/tools/bin/../lib/gcc/arm-none-eabi/12.3.1/thumb/v7-m/nofp\libgcc.a(_arm_fixunssfsi.o)
 .ARM.attributes
                0x00000770       0x1d C:/ST/STM32CubeIDE_1.16.1/STM32CubeIDE/plugins/com.st.stm32cube.ide.mcu.externaltools.gnu-tools-for-stm32.12.3.rel1.win32_1.0.200.202406191623/tools/bin/../lib/gcc/arm-none-eabi/12.3.1/thumb/v7-m/nofp/crtn.o
OUTPUT(Main ECU.elf elf32-littlearm)
LOAD linker stubs
LOAD C:/ST/STM32CubeIDE_1.16.1/STM32CubeIDE/plugins/com.st.stm32cube.ide.mcu.externaltools.gnu-tools-for-stm32.12.3.rel1.win32_1.0.200.202406191623/tools/bin/../lib/gcc/arm-none-eabi/12.3.1/../../../../arm-none-eabi/lib/thumb/v7-m/nofp\libc.a
LOAD C:/ST/STM32CubeIDE_1.16.1/STM32CubeIDE/plugins/com.st.stm32cube.ide.mcu.externaltools.gnu-tools-for-stm32.12.3.rel1.win32_1.0.200.202406191623/tools/bin/../lib/gcc/arm-none-eabi/12.3.1/../../../../arm-none-eabi/lib/thumb/v7-m/nofp\libm.a
LOAD C:/ST/STM32CubeIDE_1.16.1/STM32CubeIDE/plugins/com.st.stm32cube.ide.mcu.externaltools.gnu-tools-for-stm32.12.3.rel1.win32_1.0.200.202406191623/tools/bin/../lib/gcc/arm-none-eabi/12.3.1/thumb/v7-m/nofp\libgcc.a

.debug_info     0x00000000    0x18c7a
 .debug_info    0x00000000     0x14f7 ./Core/Src/main.o
 .debug_info    0x000014f7      0xfdf ./Core/Src/stm32f1xx_hal_msp.o
 .debug_info    0x000024d6      0x99a ./Core/Src/stm32f1xx_hal_timebase_tim.o
 .debug_info    0x00002e70      0xcf4 ./Core/Src/stm32f1xx_it.o
 .debug_info    0x00003b64      0x222 ./Core/Src/system_stm32f1xx.o
 .debug_info    0x00003d86       0x30 ./Core/Startup/startup_stm32f103c8tx.o
 .debug_info    0x00003db6      0x31c ./Diagnostics/Src/DTC.o
 .debug_info    0x000040d2      0x472 ./Diagnostics/Src/RTC.o
 .debug_info    0x00004544      0x580 ./Diagnostics/Src/UDS.o
 .debug_info    0x00004ac4      0x704 ./Drivers/STM32F1xx_HAL_Driver/Src/stm32f1xx_hal.o
 .debug_info    0x000051c8      0xf13 ./Drivers/STM32F1xx_HAL_Driver/Src/stm32f1xx_hal_can.o
 .debug_info    0x000060db      0xa87 ./Drivers/STM32F1xx_HAL_Driver/Src/stm32f1xx_hal_cortex.o
 .debug_info    0x00006b62      0x6d2 ./Drivers/STM32F1xx_HAL_Driver/Src/stm32f1xx_hal_dma.o
 .debug_info    0x00007234      0x4f8 ./Drivers/STM32F1xx_HAL_Driver/Src/stm32f1xx_hal_flash.o
 .debug_info    0x0000772c      0x777 ./Drivers/STM32F1xx_HAL_Driver/Src/stm32f1xx_hal_flash_ex.o
 .debug_info    0x00007ea3      0x5ab ./Drivers/STM32F1xx_HAL_Driver/Src/stm32f1xx_hal_gpio.o
 .debug_info    0x0000844e      0x628 ./Drivers/STM32F1xx_HAL_Driver/Src/stm32f1xx_hal_pwr.o
 .debug_info    0x00008a76      0x7d5 ./Drivers/STM32F1xx_HAL_Driver/Src/stm32f1xx_hal_rcc.o
 .debug_info    0x0000924b      0x3c0 ./Drivers/STM32F1xx_HAL_Driver/Src/stm32f1xx_hal_rcc_ex.o
 .debug_info    0x0000960b      0xc73 ./Drivers/STM32F1xx_HAL_Driver/Src/stm32f1xx_hal_rtc.o
 .debug_info    0x0000a27e     0x2959 ./Drivers/STM32F1xx_HAL_Driver/Src/stm32f1xx_hal_tim.o
 .debug_info    0x0000cbd7     0x149b ./Drivers/STM32F1xx_HAL_Driver/Src/stm32f1xx_hal_tim_ex.o
 .debug_info    0x0000e072     0x2eed ./Drivers/STM32F1xx_HAL_Driver/Src/stm32f1xx_hal_uart.o
 .debug_info    0x00010f5f      0x7d6 ./Tasks/Src/CANReceiveTask.o
 .debug_info    0x00011735      0x727 ./Tasks/Src/CANTransmitTask.o
 .debug_info    0x00011e5c      0x3c4 ./Tasks/Src/ControlTask.o
 .debug_info    0x00012220      0x2fb ./Tasks/Src/DiagnosticsTask.o
 .debug_info    0x0001251b      0x6a8 ./Tasks/Src/OTAManagerTask.o
 .debug_info    0x00012bc3       0xcc ./Tasks/Src/TaskHandle.o
 .debug_info    0x00012c8f      0x914 ./Tasks/Src/UARTReceiveTask.o
 .debug_info    0x000135a3      0x2af ./ThridParty/FreeRTOS/list.o
 .debug_info    0x00013852     0x184f ./ThridParty/FreeRTOS/queue.o
 .debug_info    0x000150a1     0x2401 ./ThridParty/FreeRTOS/tasks.o
 .debug_info    0x000174a2      0xe20 ./ThridParty/FreeRTOS/timers.o
 .debug_info    0x000182c2      0x497 ./ThridParty/FreeRTOS/portable/GCC/ARM_CM3/port.o
 .debug_info    0x00018759      0x521 ./ThridParty/FreeRTOS/portable/MemMang/heap_4.o

.debug_abbrev   0x00000000     0x493d
 .debug_abbrev  0x00000000      0x335 ./Core/Src/main.o
 .debug_abbrev  0x00000335      0x268 ./Core/Src/stm32f1xx_hal_msp.o
 .debug_abbrev  0x0000059d      0x1f3 ./Core/Src/stm32f1xx_hal_timebase_tim.o
 .debug_abbrev  0x00000790      0x1df ./Core/Src/stm32f1xx_it.o
 .debug_abbrev  0x0000096f      0x13f ./Core/Src/system_stm32f1xx.o
 .debug_abbrev  0x00000aae       0x24 ./Core/Startup/startup_stm32f103c8tx.o
 .debug_abbrev  0x00000ad2      0x147 ./Diagnostics/Src/DTC.o
 .debug_abbrev  0x00000c19      0x17e ./Diagnostics/Src/RTC.o
 .debug_abbrev  0x00000d97      0x194 ./Diagnostics/Src/UDS.o
 .debug_abbrev  0x00000f2b      0x201 ./Drivers/STM32F1xx_HAL_Driver/Src/stm32f1xx_hal.o
 .debug_abbrev  0x0000112c      0x21c ./Drivers/STM32F1xx_HAL_Driver/Src/stm32f1xx_hal_can.o
 .debug_abbrev  0x00001348      0x2f8 ./Drivers/STM32F1xx_HAL_Driver/Src/stm32f1xx_hal_cortex.o
 .debug_abbrev  0x00001640      0x20b ./Drivers/STM32F1xx_HAL_Driver/Src/stm32f1xx_hal_dma.o
 .debug_abbrev  0x0000184b      0x250 ./Drivers/STM32F1xx_HAL_Driver/Src/stm32f1xx_hal_flash.o
 .debug_abbrev  0x00001a9b      0x247 ./Drivers/STM32F1xx_HAL_Driver/Src/stm32f1xx_hal_flash_ex.o
 .debug_abbrev  0x00001ce2      0x1ca ./Drivers/STM32F1xx_HAL_Driver/Src/stm32f1xx_hal_gpio.o
 .debug_abbrev  0x00001eac      0x1f6 ./Drivers/STM32F1xx_HAL_Driver/Src/stm32f1xx_hal_pwr.o
 .debug_abbrev  0x000020a2      0x2b3 ./Drivers/STM32F1xx_HAL_Driver/Src/stm32f1xx_hal_rcc.o
 .debug_abbrev  0x00002355      0x188 ./Drivers/STM32F1xx_HAL_Driver/Src/stm32f1xx_hal_rcc_ex.o
 .debug_abbrev  0x000024dd      0x23a ./Drivers/STM32F1xx_HAL_Driver/Src/stm32f1xx_hal_rtc.o
 .debug_abbrev  0x00002717      0x277 ./Drivers/STM32F1xx_HAL_Driver/Src/stm32f1xx_hal_tim.o
 .debug_abbrev  0x0000298e      0x282 ./Drivers/STM32F1xx_HAL_Driver/Src/stm32f1xx_hal_tim_ex.o
 .debug_abbrev  0x00002c10      0x2f8 ./Drivers/STM32F1xx_HAL_Driver/Src/stm32f1xx_hal_uart.o
 .debug_abbrev  0x00002f08      0x1ed ./Tasks/Src/CANReceiveTask.o
 .debug_abbrev  0x000030f5      0x1ca ./Tasks/Src/CANTransmitTask.o
 .debug_abbrev  0x000032bf      0x175 ./Tasks/Src/ControlTask.o
 .debug_abbrev  0x00003434      0x12c ./Tasks/Src/DiagnosticsTask.o
 .debug_abbrev  0x00003560      0x24e ./Tasks/Src/OTAManagerTask.o
 .debug_abbrev  0x000037ae       0x6f ./Tasks/Src/TaskHandle.o
 .debug_abbrev  0x0000381d      0x213 ./Tasks/Src/UARTReceiveTask.o
 .debug_abbrev  0x00003a30       0xf5 ./ThridParty/FreeRTOS/list.o
 .debug_abbrev  0x00003b25      0x323 ./ThridParty/FreeRTOS/queue.o
 .debug_abbrev  0x00003e48      0x37e ./ThridParty/FreeRTOS/tasks.o
 .debug_abbrev  0x000041c6      0x2cb ./ThridParty/FreeRTOS/timers.o
 .debug_abbrev  0x00004491      0x256 ./ThridParty/FreeRTOS/portable/GCC/ARM_CM3/port.o
 .debug_abbrev  0x000046e7      0x256 ./ThridParty/FreeRTOS/portable/MemMang/heap_4.o

.debug_aranges  0x00000000     0x1778
 .debug_aranges
                0x00000000       0x60 ./Core/Src/main.o
 .debug_aranges
                0x00000060       0x50 ./Core/Src/stm32f1xx_hal_msp.o
 .debug_aranges
                0x000000b0       0x30 ./Core/Src/stm32f1xx_hal_timebase_tim.o
 .debug_aranges
                0x000000e0       0x68 ./Core/Src/stm32f1xx_it.o
 .debug_aranges
                0x00000148       0x28 ./Core/Src/system_stm32f1xx.o
 .debug_aranges
                0x00000170       0x28 ./Core/Startup/startup_stm32f103c8tx.o
 .debug_aranges
                0x00000198       0x30 ./Diagnostics/Src/DTC.o
 .debug_aranges
                0x000001c8       0x38 ./Diagnostics/Src/RTC.o
 .debug_aranges
                0x00000200       0x60 ./Diagnostics/Src/UDS.o
 .debug_aranges
                0x00000260       0xe0 ./Drivers/STM32F1xx_HAL_Driver/Src/stm32f1xx_hal.o
 .debug_aranges
                0x00000340      0x138 ./Drivers/STM32F1xx_HAL_Driver/Src/stm32f1xx_hal_can.o
 .debug_aranges
                0x00000478      0x100 ./Drivers/STM32F1xx_HAL_Driver/Src/stm32f1xx_hal_cortex.o
 .debug_aranges
                0x00000578       0x80 ./Drivers/STM32F1xx_HAL_Driver/Src/stm32f1xx_hal_dma.o
 .debug_aranges
                0x000005f8       0x88 ./Drivers/STM32F1xx_HAL_Driver/Src/stm32f1xx_hal_flash.o
 .debug_aranges
                0x00000680       0x98 ./Drivers/STM32F1xx_HAL_Driver/Src/stm32f1xx_hal_flash_ex.o
 .debug_aranges
                0x00000718       0x58 ./Drivers/STM32F1xx_HAL_Driver/Src/stm32f1xx_hal_gpio.o
 .debug_aranges
                0x00000770       0xa8 ./Drivers/STM32F1xx_HAL_Driver/Src/stm32f1xx_hal_pwr.o
 .debug_aranges
                0x00000818       0x90 ./Drivers/STM32F1xx_HAL_Driver/Src/stm32f1xx_hal_rcc.o
 .debug_aranges
                0x000008a8       0x30 ./Drivers/STM32F1xx_HAL_Driver/Src/stm32f1xx_hal_rcc_ex.o
 .debug_aranges
                0x000008d8       0xf8 ./Drivers/STM32F1xx_HAL_Driver/Src/stm32f1xx_hal_rtc.o
 .debug_aranges
                0x000009d0      0x3d0 ./Drivers/STM32F1xx_HAL_Driver/Src/stm32f1xx_hal_tim.o
 .debug_aranges
                0x00000da0      0x168 ./Drivers/STM32F1xx_HAL_Driver/Src/stm32f1xx_hal_tim_ex.o
 .debug_aranges
                0x00000f08      0x208 ./Drivers/STM32F1xx_HAL_Driver/Src/stm32f1xx_hal_uart.o
 .debug_aranges
                0x00001110       0x30 ./Tasks/Src/CANReceiveTask.o
 .debug_aranges
                0x00001140       0x28 ./Tasks/Src/CANTransmitTask.o
 .debug_aranges
                0x00001168       0x28 ./Tasks/Src/ControlTask.o
 .debug_aranges
                0x00001190       0x28 ./Tasks/Src/DiagnosticsTask.o
 .debug_aranges
                0x000011b8       0x40 ./Tasks/Src/OTAManagerTask.o
 .debug_aranges
                0x000011f8       0x28 ./Tasks/Src/TaskHandle.o
 .debug_aranges
                0x00001220       0x30 ./Tasks/Src/UARTReceiveTask.o
 .debug_aranges
                0x00001250       0x40 ./ThridParty/FreeRTOS/list.o
 .debug_aranges
                0x00001290      0x130 ./ThridParty/FreeRTOS/queue.o
 .debug_aranges
                0x000013c0      0x1f8 ./ThridParty/FreeRTOS/tasks.o
 .debug_aranges
                0x000015b8       0xe8 ./ThridParty/FreeRTOS/timers.o
 .debug_aranges
                0x000016a0       0x78 ./ThridParty/FreeRTOS/portable/GCC/ARM_CM3/port.o
 .debug_aranges
                0x00001718       0x60 ./ThridParty/FreeRTOS/portable/MemMang/heap_4.o

.debug_rnglists
                0x00000000     0x1216
 .debug_rnglists
                0x00000000       0x45 ./Core/Src/main.o
 .debug_rnglists
                0x00000045       0x39 ./Core/Src/stm32f1xx_hal_msp.o
 .debug_rnglists
                0x0000007e       0x20 ./Core/Src/stm32f1xx_hal_timebase_tim.o
 .debug_rnglists
                0x0000009e       0x49 ./Core/Src/stm32f1xx_it.o
 .debug_rnglists
                0x000000e7       0x1a ./Core/Src/system_stm32f1xx.o
 .debug_rnglists
                0x00000101       0x19 ./Core/Startup/startup_stm32f103c8tx.o
 .debug_rnglists
                0x0000011a       0x21 ./Diagnostics/Src/DTC.o
 .debug_rnglists
                0x0000013b       0x25 ./Diagnostics/Src/RTC.o
 .debug_rnglists
                0x00000160       0x63 ./Diagnostics/Src/UDS.o
 .debug_rnglists
                0x000001c3       0xa3 ./Drivers/STM32F1xx_HAL_Driver/Src/stm32f1xx_hal.o
 .debug_rnglists
                0x00000266       0xed ./Drivers/STM32F1xx_HAL_Driver/Src/stm32f1xx_hal_can.o
 .debug_rnglists
                0x00000353       0xbb ./Drivers/STM32F1xx_HAL_Driver/Src/stm32f1xx_hal_cortex.o
 .debug_rnglists
                0x0000040e       0x64 ./Drivers/STM32F1xx_HAL_Driver/Src/stm32f1xx_hal_dma.o
 .debug_rnglists
                0x00000472       0x66 ./Drivers/STM32F1xx_HAL_Driver/Src/stm32f1xx_hal_flash.o
 .debug_rnglists
                0x000004d8       0x73 ./Drivers/STM32F1xx_HAL_Driver/Src/stm32f1xx_hal_flash_ex.o
 .debug_rnglists
                0x0000054b       0x3f ./Drivers/STM32F1xx_HAL_Driver/Src/stm32f1xx_hal_gpio.o
 .debug_rnglists
                0x0000058a       0x7a ./Drivers/STM32F1xx_HAL_Driver/Src/stm32f1xx_hal_pwr.o
 .debug_rnglists
                0x00000604       0x6c ./Drivers/STM32F1xx_HAL_Driver/Src/stm32f1xx_hal_rcc.o
 .debug_rnglists
                0x00000670       0x21 ./Drivers/STM32F1xx_HAL_Driver/Src/stm32f1xx_hal_rcc_ex.o
 .debug_rnglists
                0x00000691       0xc1 ./Drivers/STM32F1xx_HAL_Driver/Src/stm32f1xx_hal_rtc.o
 .debug_rnglists
                0x00000752      0x31a ./Drivers/STM32F1xx_HAL_Driver/Src/stm32f1xx_hal_tim.o
 .debug_rnglists
                0x00000a6c      0x125 ./Drivers/STM32F1xx_HAL_Driver/Src/stm32f1xx_hal_tim_ex.o
 .debug_rnglists
                0x00000b91      0x1bc ./Drivers/STM32F1xx_HAL_Driver/Src/stm32f1xx_hal_uart.o
 .debug_rnglists
                0x00000d4d       0x1f ./Tasks/Src/CANReceiveTask.o
 .debug_rnglists
                0x00000d6c       0x19 ./Tasks/Src/CANTransmitTask.o
 .debug_rnglists
                0x00000d85       0x1a ./Tasks/Src/ControlTask.o
 .debug_rnglists
                0x00000d9f       0x1a ./Tasks/Src/DiagnosticsTask.o
 .debug_rnglists
                0x00000db9       0x2c ./Tasks/Src/OTAManagerTask.o
 .debug_rnglists
                0x00000de5       0x19 ./Tasks/Src/TaskHandle.o
 .debug_rnglists
                0x00000dfe       0x20 ./Tasks/Src/UARTReceiveTask.o
 .debug_rnglists
                0x00000e1e       0x2b ./ThridParty/FreeRTOS/list.o
 .debug_rnglists
                0x00000e49       0xec ./ThridParty/FreeRTOS/queue.o
 .debug_rnglists
                0x00000f35      0x195 ./ThridParty/FreeRTOS/tasks.o
 .debug_rnglists
                0x000010ca       0xad ./ThridParty/FreeRTOS/timers.o
 .debug_rnglists
                0x00001177       0x57 ./ThridParty/FreeRTOS/portable/GCC/ARM_CM3/port.o
 .debug_rnglists
                0x000011ce       0x48 ./ThridParty/FreeRTOS/portable/MemMang/heap_4.o

.debug_macro    0x00000000    0x1b7be
 .debug_macro   0x00000000      0x25a ./Core/Src/main.o
 .debug_macro   0x0000025a      0xaa8 ./Core/Src/main.o
 .debug_macro   0x00000d02      0x227 ./Core/Src/main.o
 .debug_macro   0x00000f29       0x2e ./Core/Src/main.o
 .debug_macro   0x00000f57       0x22 ./Core/Src/main.o
 .debug_macro   0x00000f79       0x22 ./Core/Src/main.o
 .debug_macro   0x00000f9b       0x8e ./Core/Src/main.o
 .debug_macro   0x00001029       0x51 ./Core/Src/main.o
 .debug_macro   0x0000107a      0x103 ./Core/Src/main.o
 .debug_macro   0x0000117d       0x6a ./Core/Src/main.o
 .debug_macro   0x000011e7      0x1df ./Core/Src/main.o
 .debug_macro   0x000013c6       0x1c ./Core/Src/main.o
 .debug_macro   0x000013e2       0x22 ./Core/Src/main.o
 .debug_macro   0x00001404       0xbd ./Core/Src/main.o
 .debug_macro   0x000014c1      0xd23 ./Core/Src/main.o
 .debug_macro   0x000021e4     0xe09e ./Core/Src/main.o
 .debug_macro   0x00010282       0x6d ./Core/Src/main.o
 .debug_macro   0x000102ef     0x34a2 ./Core/Src/main.o
 .debug_macro   0x00013791      0x189 ./Core/Src/main.o
 .debug_macro   0x0001391a       0x5c ./Core/Src/main.o
 .debug_macro   0x00013976      0x5bc ./Core/Src/main.o
 .debug_macro   0x00013f32      0x289 ./Core/Src/main.o
 .debug_macro   0x000141bb      0x1cb ./Core/Src/main.o
 .debug_macro   0x00014386      0x114 ./Core/Src/main.o
 .debug_macro   0x0001449a      0x1b2 ./Core/Src/main.o
 .debug_macro   0x0001464c       0x27 ./Core/Src/main.o
 .debug_macro   0x00014673      0x136 ./Core/Src/main.o
 .debug_macro   0x000147a9      0x1bc ./Core/Src/main.o
 .debug_macro   0x00014965       0x34 ./Core/Src/main.o
 .debug_macro   0x00014999       0x3c ./Core/Src/main.o
 .debug_macro   0x000149d5      0x408 ./Core/Src/main.o
 .debug_macro   0x00014ddd       0x57 ./Core/Src/main.o
 .debug_macro   0x00014e34       0x87 ./Core/Src/main.o
 .debug_macro   0x00014ebb      0x240 ./Core/Src/main.o
 .debug_macro   0x000150fb      0x140 ./Core/Src/main.o
 .debug_macro   0x0001523b      0x1ef ./Core/Src/main.o
 .debug_macro   0x0001542a       0xeb ./Core/Src/main.o
 .debug_macro   0x00015515      0x8ed ./Core/Src/main.o
 .debug_macro   0x00015e02      0x28e ./Core/Src/main.o
 .debug_macro   0x00016090       0x83 ./Core/Src/main.o
 .debug_macro   0x00016113       0xfa ./Core/Src/main.o
 .debug_macro   0x0001620d      0x15a ./Core/Src/main.o
 .debug_macro   0x00016367       0xea ./Core/Src/main.o
 .debug_macro   0x00016451       0x28 ./Core/Src/main.o
 .debug_macro   0x00016479       0x1f ./Core/Src/main.o
 .debug_macro   0x00016498       0x12 ./Core/Src/main.o
 .debug_macro   0x000164aa      0x52d ./Core/Src/main.o
 .debug_macro   0x000169d7       0xc3 ./Core/Src/main.o
 .debug_macro   0x00016a9a      0x120 ./Core/Src/main.o
 .debug_macro   0x00016bba       0x80 ./Core/Src/main.o
 .debug_macro   0x00016c3a       0x2e ./Core/Src/main.o
 .debug_macro   0x00016c68      0x1cb ./Core/Src/stm32f1xx_hal_msp.o
 .debug_macro   0x00016e33      0x1c1 ./Core/Src/stm32f1xx_hal_timebase_tim.o
 .debug_macro   0x00016ff4      0x1d5 ./Core/Src/stm32f1xx_it.o
 .debug_macro   0x000171c9      0x1c1 ./Core/Src/system_stm32f1xx.o
 .debug_macro   0x0001738a      0x346 ./Diagnostics/Src/DTC.o
 .debug_macro   0x000176d0       0x61 ./Diagnostics/Src/DTC.o
 .debug_macro   0x00017731       0x10 ./Diagnostics/Src/DTC.o
 .debug_macro   0x00017741       0x20 ./Diagnostics/Src/DTC.o
 .debug_macro   0x00017761       0x40 ./Diagnostics/Src/DTC.o
 .debug_macro   0x000177a1       0x10 ./Diagnostics/Src/DTC.o
 .debug_macro   0x000177b1      0x1c1 ./Diagnostics/Src/RTC.o
 .debug_macro   0x00017972      0x34f ./Diagnostics/Src/UDS.o
 .debug_macro   0x00017cc1       0x58 ./Diagnostics/Src/UDS.o
 .debug_macro   0x00017d19      0x1e5 ./Drivers/STM32F1xx_HAL_Driver/Src/stm32f1xx_hal.o
 .debug_macro   0x00017efe      0x1d0 ./Drivers/STM32F1xx_HAL_Driver/Src/stm32f1xx_hal_can.o
 .debug_macro   0x000180ce      0x1c1 ./Drivers/STM32F1xx_HAL_Driver/Src/stm32f1xx_hal_cortex.o
 .debug_macro   0x0001828f      0x1c1 ./Drivers/STM32F1xx_HAL_Driver/Src/stm32f1xx_hal_dma.o
 .debug_macro   0x00018450      0x1c1 ./Drivers/STM32F1xx_HAL_Driver/Src/stm32f1xx_hal_flash.o
 .debug_macro   0x00018611      0x1d3 ./Drivers/STM32F1xx_HAL_Driver/Src/stm32f1xx_hal_flash_ex.o
 .debug_macro   0x000187e4      0x22c ./Drivers/STM32F1xx_HAL_Driver/Src/stm32f1xx_hal_gpio.o
 .debug_macro   0x00018a10      0x221 ./Drivers/STM32F1xx_HAL_Driver/Src/stm32f1xx_hal_pwr.o
 .debug_macro   0x00018c31      0x1d3 ./Drivers/STM32F1xx_HAL_Driver/Src/stm32f1xx_hal_rcc.o
 .debug_macro   0x00018e04      0x1c1 ./Drivers/STM32F1xx_HAL_Driver/Src/stm32f1xx_hal_rcc_ex.o
 .debug_macro   0x00018fc5      0x1d0 ./Drivers/STM32F1xx_HAL_Driver/Src/stm32f1xx_hal_rtc.o
 .debug_macro   0x00019195      0x1c2 ./Drivers/STM32F1xx_HAL_Driver/Src/stm32f1xx_hal_tim.o
 .debug_macro   0x00019357      0x1c1 ./Drivers/STM32F1xx_HAL_Driver/Src/stm32f1xx_hal_tim_ex.o
 .debug_macro   0x00019518      0x1c2 ./Drivers/STM32F1xx_HAL_Driver/Src/stm32f1xx_hal_uart.o
 .debug_macro   0x000196da      0x25a ./Tasks/Src/CANReceiveTask.o
 .debug_macro   0x00019934      0x25a ./Tasks/Src/CANTransmitTask.o
 .debug_macro   0x00019b8e      0x34b ./Tasks/Src/ControlTask.o
 .debug_macro   0x00019ed9       0x2e ./Tasks/Src/ControlTask.o
 .debug_macro   0x00019f07      0x359 ./Tasks/Src/DiagnosticsTask.o
 .debug_macro   0x0001a260      0x32d ./Tasks/Src/OTAManagerTask.o
 .debug_macro   0x0001a58d      0x250 ./Tasks/Src/TaskHandle.o
 .debug_macro   0x0001a7dd      0x355 ./Tasks/Src/UARTReceiveTask.o
 .debug_macro   0x0001ab32      0x198 ./ThridParty/FreeRTOS/list.o
 .debug_macro   0x0001acca      0x22f ./ThridParty/FreeRTOS/queue.o
 .debug_macro   0x0001aef9       0x16 ./ThridParty/FreeRTOS/queue.o
 .debug_macro   0x0001af0f      0x27e ./ThridParty/FreeRTOS/tasks.o
 .debug_macro   0x0001b18d       0x17 ./ThridParty/FreeRTOS/tasks.o
 .debug_macro   0x0001b1a4      0x1e7 ./ThridParty/FreeRTOS/timers.o
 .debug_macro   0x0001b38b       0x97 ./ThridParty/FreeRTOS/timers.o
 .debug_macro   0x0001b422      0x183 ./ThridParty/FreeRTOS/portable/GCC/ARM_CM3/port.o
 .debug_macro   0x0001b5a5      0x219 ./ThridParty/FreeRTOS/portable/MemMang/heap_4.o

.debug_line     0x00000000    0x1f4d1
 .debug_line    0x00000000      0xaed ./Core/Src/main.o
 .debug_line    0x00000aed      0x837 ./Core/Src/stm32f1xx_hal_msp.o
 .debug_line    0x00001324      0x7bb ./Core/Src/stm32f1xx_hal_timebase_tim.o
 .debug_line    0x00001adf      0x831 ./Core/Src/stm32f1xx_it.o
 .debug_line    0x00002310      0x7cb ./Core/Src/system_stm32f1xx.o
 .debug_line    0x00002adb       0x78 ./Core/Startup/startup_stm32f103c8tx.o
 .debug_line    0x00002b53      0xc2d ./Diagnostics/Src/DTC.o
 .debug_line    0x00003780      0x7d9 ./Diagnostics/Src/RTC.o
 .debug_line    0x00003f59      0xe00 ./Diagnostics/Src/UDS.o
 .debug_line    0x00004d59      0x9f8 ./Drivers/STM32F1xx_HAL_Driver/Src/stm32f1xx_hal.o
 .debug_line    0x00005751     0x11da ./Drivers/STM32F1xx_HAL_Driver/Src/stm32f1xx_hal_can.o
 .debug_line    0x0000692b      0xbe4 ./Drivers/STM32F1xx_HAL_Driver/Src/stm32f1xx_hal_cortex.o
 .debug_line    0x0000750f      0xe51 ./Drivers/STM32F1xx_HAL_Driver/Src/stm32f1xx_hal_dma.o
 .debug_line    0x00008360      0xac3 ./Drivers/STM32F1xx_HAL_Driver/Src/stm32f1xx_hal_flash.o
 .debug_line    0x00008e23      0xbb1 ./Drivers/STM32F1xx_HAL_Driver/Src/stm32f1xx_hal_flash_ex.o
 .debug_line    0x000099d4      0xa91 ./Drivers/STM32F1xx_HAL_Driver/Src/stm32f1xx_hal_gpio.o
 .debug_line    0x0000a465      0x97a ./Drivers/STM32F1xx_HAL_Driver/Src/stm32f1xx_hal_pwr.o
 .debug_line    0x0000addf      0xe01 ./Drivers/STM32F1xx_HAL_Driver/Src/stm32f1xx_hal_rcc.o
 .debug_line    0x0000bbe0      0x942 ./Drivers/STM32F1xx_HAL_Driver/Src/stm32f1xx_hal_rcc_ex.o
 .debug_line    0x0000c522     0x116a ./Drivers/STM32F1xx_HAL_Driver/Src/stm32f1xx_hal_rtc.o
 .debug_line    0x0000d68c     0x351d ./Drivers/STM32F1xx_HAL_Driver/Src/stm32f1xx_hal_tim.o
 .debug_line    0x00010ba9     0x1947 ./Drivers/STM32F1xx_HAL_Driver/Src/stm32f1xx_hal_tim_ex.o
 .debug_line    0x000124f0     0x28d7 ./Drivers/STM32F1xx_HAL_Driver/Src/stm32f1xx_hal_uart.o
 .debug_line    0x00014dc7      0x97a ./Tasks/Src/CANReceiveTask.o
 .debug_line    0x00015741      0x951 ./Tasks/Src/CANTransmitTask.o
 .debug_line    0x00016092      0xb8a ./Tasks/Src/ControlTask.o
 .debug_line    0x00016c1c      0xb24 ./Tasks/Src/DiagnosticsTask.o
 .debug_line    0x00017740      0xb61 ./Tasks/Src/OTAManagerTask.o
 .debug_line    0x000182a1      0x920 ./Tasks/Src/TaskHandle.o
 .debug_line    0x00018bc1      0xbce ./Tasks/Src/UARTReceiveTask.o
 .debug_line    0x0001978f      0x7ee ./ThridParty/FreeRTOS/list.o
 .debug_line    0x00019f7d     0x16fa ./ThridParty/FreeRTOS/queue.o
 .debug_line    0x0001b677     0x1e43 ./ThridParty/FreeRTOS/tasks.o
 .debug_line    0x0001d4ba      0xd35 ./ThridParty/FreeRTOS/timers.o
 .debug_line    0x0001e1ef      0x873 ./ThridParty/FreeRTOS/portable/GCC/ARM_CM3/port.o
 .debug_line    0x0001ea62      0xa6f ./ThridParty/FreeRTOS/portable/MemMang/heap_4.o

.debug_str      0x00000000    0x98abe
 .debug_str     0x00000000    0x8d495 ./Core/Src/main.o
                              0x8d8de (size before relaxing)
 .debug_str     0x0008d495      0x391 ./Core/Src/stm32f1xx_hal_msp.o
                              0x87dfe (size before relaxing)
 .debug_str     0x0008d826       0xf7 ./Core/Src/stm32f1xx_hal_timebase_tim.o
                              0x87b69 (size before relaxing)
 .debug_str     0x0008d91d       0xde ./Core/Src/stm32f1xx_it.o
                              0x87c4e (size before relaxing)
 .debug_str     0x0008d9fb       0x7e ./Core/Src/system_stm32f1xx.o
                              0x872b1 (size before relaxing)
 .debug_str     0x0008da79       0x44 ./Core/Startup/startup_stm32f103c8tx.o
                                 0x79 (size before relaxing)
 .debug_str     0x0008dabd     0x3455 ./Diagnostics/Src/DTC.o
                              0x8fe62 (size before relaxing)
 .debug_str     0x00090f12       0xbe ./Diagnostics/Src/RTC.o
                              0x874a5 (size before relaxing)
 .debug_str     0x00090fd0      0x2cc ./Diagnostics/Src/UDS.o
                              0x9003f (size before relaxing)
 .debug_str     0x0009129c      0x34a ./Drivers/STM32F1xx_HAL_Driver/Src/stm32f1xx_hal.o
                              0x879e4 (size before relaxing)
 .debug_str     0x000915e6      0x483 ./Drivers/STM32F1xx_HAL_Driver/Src/stm32f1xx_hal_can.o
                              0x87ab9 (size before relaxing)
 .debug_str     0x00091a69      0x26c ./Drivers/STM32F1xx_HAL_Driver/Src/stm32f1xx_hal_cortex.o
                              0x87930 (size before relaxing)
 .debug_str     0x00091cd5      0x235 ./Drivers/STM32F1xx_HAL_Driver/Src/stm32f1xx_hal_dma.o
                              0x8765a (size before relaxing)
 .debug_str     0x00091f0a      0x259 ./Drivers/STM32F1xx_HAL_Driver/Src/stm32f1xx_hal_flash.o
                              0x8758c (size before relaxing)
 .debug_str     0x00092163      0x304 ./Drivers/STM32F1xx_HAL_Driver/Src/stm32f1xx_hal_flash_ex.o
                              0x8773a (size before relaxing)
 .debug_str     0x00092467      0x2e1 ./Drivers/STM32F1xx_HAL_Driver/Src/stm32f1xx_hal_gpio.o
                              0x87637 (size before relaxing)
 .debug_str     0x00092748      0x4e7 ./Drivers/STM32F1xx_HAL_Driver/Src/stm32f1xx_hal_pwr.o
                              0x877e8 (size before relaxing)
 .debug_str     0x00092c2f      0x1e7 ./Drivers/STM32F1xx_HAL_Driver/Src/stm32f1xx_hal_rcc.o
                              0x876e0 (size before relaxing)
 .debug_str     0x00092e16       0x9f ./Drivers/STM32F1xx_HAL_Driver/Src/stm32f1xx_hal_rcc_ex.o
                              0x87430 (size before relaxing)
 .debug_str     0x00092eb5      0x2f2 ./Drivers/STM32F1xx_HAL_Driver/Src/stm32f1xx_hal_rtc.o
                              0x877bc (size before relaxing)
 .debug_str     0x000931a7      0xe4c ./Drivers/STM32F1xx_HAL_Driver/Src/stm32f1xx_hal_tim.o
                              0x886e2 (size before relaxing)
 .debug_str     0x00093ff3      0x503 ./Drivers/STM32F1xx_HAL_Driver/Src/stm32f1xx_hal_tim_ex.o
                              0x87eee (size before relaxing)
 .debug_str     0x000944f6      0x5fc ./Drivers/STM32F1xx_HAL_Driver/Src/stm32f1xx_hal_uart.o
                              0x87d51 (size before relaxing)
 .debug_str     0x00094af2      0x111 ./Tasks/Src/CANReceiveTask.o
                              0x8ce52 (size before relaxing)
 .debug_str     0x00094c03       0x73 ./Tasks/Src/CANTransmitTask.o
                              0x8cdd1 (size before relaxing)
 .debug_str     0x00094c76      0x11f ./Tasks/Src/ControlTask.o
                              0x8ff56 (size before relaxing)
 .debug_str     0x00094d95       0x60 ./Tasks/Src/DiagnosticsTask.o
                              0x8ffc9 (size before relaxing)
 .debug_str     0x00094df5       0xb4 ./Tasks/Src/OTAManagerTask.o
                              0x8ff92 (size before relaxing)
 .debug_str     0x00094ea9       0x42 ./Tasks/Src/TaskHandle.o
                              0x8ca0c (size before relaxing)
 .debug_str     0x00094eeb       0x85 ./Tasks/Src/UARTReceiveTask.o
                              0x903f2 (size before relaxing)