Archive member included to satisfy reference by file (symbol)

C:/ST/STM32CubeIDE_1.16.1/STM32CubeIDE/plugins/com.st.stm32cube.ide.mcu.externaltools.gnu-tools-for-stm32.12.3.rel1.win32_1.0.200.202406191623/tools/bin/../lib/gcc/arm-none-eabi/12.3.1/../../../../arm-none-eabi/lib/thumb/v7-m/nofp\libc_nano.a(libc_a-exit.o)
                              C:/ST/STM32CubeIDE_1.16.1/STM32CubeIDE/plugins/com.st.stm32cube.ide.mcu.externaltools.gnu-tools-for-stm32.12.3.rel1.win32_1.0.200.202406191623/tools/bin/../lib/gcc/arm-none-eabi/12.3.1/../../../../arm-none-eabi/lib/thumb/v7-m/nofp/crt0.o (exit)
C:/ST/STM32CubeIDE_1.16.1/STM32CubeIDE/plugins/com.st.stm32cube.ide.mcu.externaltools.gnu-tools-for-stm32.12.3.rel1.win32_1.0.200.202406191623/tools/bin/../lib/gcc/arm-none-eabi/12.3.1/../../../../arm-none-eabi/lib/thumb/v7-m/nofp\libc_nano.a(libc_a-findfp.o)
                              C:/ST/STM32CubeIDE_1.16.1/STM32CubeIDE/plugins/com.st.stm32cube.ide.mcu.externaltools.gnu-tools-for-stm32.12.3.rel1.win32_1.0.200.202406191623/tools/bin/../lib/gcc/arm-none-eabi/12.3.1/../../../../arm-none-eabi/lib/thumb/v7-m/nofp\libc_nano.a(libc_a-exit.o) (__stdio_exit_handler)
C:/ST/STM32CubeIDE_1.16.1/STM32CubeIDE/plugins/com.st.stm32cube.ide.mcu.externaltools.gnu-tools-for-stm32.12.3.rel1.win32_1.0.200.202406191623/tools/bin/../lib/gcc/arm-none-eabi/12.3.1/../../../../arm-none-eabi/lib/thumb/v7-m/nofp\libc_nano.a(libc_a-fwalk.o)
                              C:/ST/STM32CubeIDE_1.16.1/STM32CubeIDE/plugins/com.st.stm32cube.ide.mcu.externaltools.gnu-tools-for-stm32.12.3.rel1.win32_1.0.200.202406191623/tools/bin/../lib/gcc/arm-none-eabi/12.3.1/../../../../arm-none-eabi/lib/thumb/v7-m/nofp\libc_nano.a(libc_a-findfp.o) (_fwalk_sglue)
C:/ST/STM32CubeIDE_1.16.1/STM32CubeIDE/plugins/com.st.stm32cube.ide.mcu.externaltools.gnu-tools-for-stm32.12.3.rel1.win32_1.0.200.202406191623/tools/bin/../lib/gcc/arm-none-eabi/12.3.1/../../../../arm-none-eabi/lib/thumb/v7-m/nofp\libc_nano.a(libc_a-stdio.o)
                              C:/ST/STM32CubeIDE_1.16.1/STM32CubeIDE/plugins/com.st.stm32cube.ide.mcu.externaltools.gnu-tools-for-stm32.12.3.rel1.win32_1.0.200.202406191623/tools/bin/../lib/gcc/arm-none-eabi/12.3.1/../../../../arm-none-eabi/lib/thumb/v7-m/nofp\libc_nano.a(libc_a-findfp.o) (__sread)
C:/ST/STM32CubeIDE_1.16.1/STM32CubeIDE/plugins/com.st.stm32cube.ide.mcu.externaltools.gnu-tools-for-stm32.12.3.rel1.win32_1.0.200.202406191623/tools/bin/../lib/gcc/arm-none-eabi/12.3.1/../../../../arm-none-eabi/lib/thumb/v7-m/nofp\libc_nano.a(libc_a-memset.o)
                              C:/ST/STM32CubeIDE_1.16.1/STM32CubeIDE/plugins/com.st.stm32cube.ide.mcu.externaltools.gnu-tools-for-stm32.12.3.rel1.win32_1.0.200.202406191623/tools/bin/../lib/gcc/arm-none-eabi/12.3.1/../../../../arm-none-eabi/lib/thumb/v7-m/nofp/crt0.o (memset)
C:/ST/STM32CubeIDE_1.16.1/STM32CubeIDE/plugins/com.st.stm32cube.ide.mcu.externaltools.gnu-tools-for-stm32.12.3.rel1.win32_1.0.200.202406191623/tools/bin/../lib/gcc/arm-none-eabi/12.3.1/../../../../arm-none-eabi/lib/thumb/v7-m/nofp\libc_nano.a(libc_a-closer.o)
                              C:/ST/STM32CubeIDE_1.16.1/STM32CubeIDE/plugins/com.st.stm32cube.ide.mcu.externaltools.gnu-tools-for-stm32.12.3.rel1.win32_1.0.200.202406191623/tools/bin/../lib/gcc/arm-none-eabi/12.3.1/../../../../arm-none-eabi/lib/thumb/v7-m/nofp\libc_nano.a(libc_a-stdio.o) (_close_r)
C:/ST/STM32CubeIDE_1.16.1/STM32CubeIDE/plugins/com.st.stm32cube.ide.mcu.externaltools.gnu-tools-for-stm32.12.3.rel1.win32_1.0.200.202406191623/tools/bin/../lib/gcc/arm-none-eabi/12.3.1/../../../../arm-none-eabi/lib/thumb/v7-m/nofp\libc_nano.a(libc_a-reent.o)
                              C:/ST/STM32CubeIDE_1.16.1/STM32CubeIDE/plugins/com.st.stm32cube.ide.mcu.externaltools.gnu-tools-for-stm32.12.3.rel1.win32_1.0.200.202406191623/tools/bin/../lib/gcc/arm-none-eabi/12.3.1/../../../../arm-none-eabi/lib/thumb/v7-m/nofp\libc_nano.a(libc_a-closer.o) (errno)
C:/ST/STM32CubeIDE_1.16.1/STM32CubeIDE/plugins/com.st.stm32cube.ide.mcu.externaltools.gnu-tools-for-stm32.12.3.rel1.win32_1.0.200.202406191623/tools/bin/../lib/gcc/arm-none-eabi/12.3.1/../../../../arm-none-eabi/lib/thumb/v7-m/nofp\libc_nano.a(libc_a-impure.o)
                              C:/ST/STM32CubeIDE_1.16.1/STM32CubeIDE/plugins/com.st.stm32cube.ide.mcu.externaltools.gnu-tools-for-stm32.12.3.rel1.win32_1.0.200.202406191623/tools/bin/../lib/gcc/arm-none-eabi/12.3.1/../../../../arm-none-eabi/lib/thumb/v7-m/nofp\libc_nano.a(libc_a-reent.o) (_impure_ptr)
C:/ST/STM32CubeIDE_1.16.1/STM32CubeIDE/plugins/com.st.stm32cube.ide.mcu.externaltools.gnu-tools-for-stm32.12.3.rel1.win32_1.0.200.202406191623/tools/bin/../lib/gcc/arm-none-eabi/12.3.1/../../../../arm-none-eabi/lib/thumb/v7-m/nofp\libc_nano.a(libc_a-lseekr.o)
[...]
Memory Configuration

Name             Origin             Length             Attributes
RAM              0x20000000         0x00005000         xrw
FLASH            0x08000000         0x00010000         xr
*default*        0x00000000         0xffffffff

Linker script and memory map

LOAD C:/ST/STM32CubeIDE_1.16.1/STM32CubeIDE/plugins/com.st.stm32cube.ide.mcu.externaltools.gnu-tools-for-stm32.12.3.rel1.win32_1.0.200.202406191623/tools/bin/../lib/gcc/arm-none-eabi/12.3.1/thumb/v7-m/nofp/crti.o
LOAD C:/ST/STM32CubeIDE_1.16.1/STM32CubeIDE/plugins/com.st.stm32cube.ide.mcu.externaltools.gnu-tools-for-stm32.12.3.rel1.win32_1.0.200.202406191623/tools/bin/../lib/gcc/arm-none-eabi/12.3.1/thumb/v7-m/nofp/crtbegin.o
LOAD C:/ST/STM32CubeIDE_1.16.1/STM32CubeIDE/plugins/com.st.stm32cube.ide.mcu.externaltools.gnu-tools-for-stm32.12.3.rel1.win32_1.0.200.202406191623/tools/bin/../lib/gcc/arm-none-eabi/12.3.1/../../../../arm-none-eabi/lib/thumb/v7-m/nofp/crt0.o
LOAD ./Core/Src/main.o
LOAD ./Core/Src/stm32f1xx_hal_msp.o
LOAD ./Core/Src/stm32f1xx_hal_timebase_tim.o
LOAD ./Core/Src/stm32f1xx_it.o
LOAD ./Core/Src/syscalls.o
LOAD ./Core/Src/sysmem.o
LOAD ./Core/Src/system_stm32f1xx.o
LOAD ./Core/Startup/startup_stm32f103c8tx.o
LOAD ./Drivers/STM32F1xx_HAL_Driver/Src/stm32f1xx_hal.o
LOAD ./Drivers/STM32F1xx_HAL_Driver/Src/stm32f1xx_hal_adc.o
LOAD ./Drivers/STM32F1xx_HAL_Driver/Src/stm32f1xx_hal_adc_ex.o
LOAD ./Drivers/STM32F1xx_HAL_Driver/Src/stm32f1xx_hal_can.o
LOAD ./Drivers/STM32F1xx_HAL_Driver/Src/stm32f1xx_hal_cortex.o
LOAD ./Drivers/STM32F1xx_HAL_Driver/Src/stm32f1xx_hal_dma.o
LOAD ./Drivers/STM32F1xx_HAL_Driver/Src/stm32f1xx_hal_exti.o
LOAD ./Drivers/STM32F1xx_HAL_Driver/Src/stm32f1xx_hal_flash.o
LOAD ./Drivers/STM32F1xx_HAL_Driver/Src/stm32f1xx_hal_flash_ex.o
LOAD ./Drivers/STM32F1xx_HAL_Driver/Src/stm32f1xx_hal_gpio.o
LOAD ./Drivers/STM32F1xx_HAL_Driver/Src/stm32f1xx_hal_gpio_ex.o
LOAD ./Drivers/STM32F1xx_HAL_Driver/Src/stm32f1xx_hal_pwr.o
LOAD ./Drivers/STM32F1xx_HAL_Driver/Src/stm32f1xx_hal_rcc.o
LOAD ./Drivers/STM32F1xx_HAL_Driver/Src/stm32f1xx_hal_rcc_ex.o
LOAD ./Drivers/STM32F1xx_HAL_Driver/Src/stm32f1xx_hal_tim.o
LOAD ./Drivers/STM32F1xx_HAL_Driver/Src/stm32f1xx_hal_tim_ex.o
LOAD ./Drivers/STM32F1xx_HAL_Driver/Src/stm32f1xx_hal_uart.o
LOAD ./HAL/Bluetooth/Src/Bluetooth_program.o
LOAD ./HAL/LM35/Src/LM35_program.o
LOAD ./HAL/Motor/Src/Motor_pragram.o
LOAD ./HAL/Ultrasonic sensor/Src/Ultrasonic_program.o
LOAD ./Tasks/Src/BluetoothTask.o
LOAD ./Tasks/Src/CANReceiveTask.o
LOAD ./Tasks/Src/CANTransmitTask.o
LOAD ./Tasks/Src/MotorTask.o
LOAD ./Tasks/Src/TaskHandle.o
LOAD ./Tasks/Src/TemperatureTask.o
LOAD ./Tasks/Src/UltrasonicTask.o
LOAD ./ThridParty/FreeRTOS/croutine.o
LOAD ./ThridParty/FreeRTOS/event_groups.o
LOAD ./ThridParty/FreeRTOS/list.o
LOAD ./ThridParty/FreeRTOS/queue.o
LOAD ./ThridParty/FreeRTOS/stream_buffer.o
LOAD ./ThridParty/FreeRTOS/tasks.o
LOAD ./ThridParty/FreeRTOS/timers.o
LOAD ./ThridParty/FreeRTOS/portable/GCC/ARM_CM3/port.o
LOAD ./ThridParty/FreeRTOS/portable/MemMang/heap_4.o
START GROUP
LOAD C:/ST/STM32CubeIDE_1.16.1/STM32CubeIDE/plugins/com.st.stm32cube.ide.mcu.externaltools.gnu-tools-for-stm32.12.3.rel1.win32_1.0.200.202406191623/tools/bin/../lib/gcc/arm-none-eabi/12.3.1/../../../../arm-none-eabi/lib/thumb/v7-m/nofp\libc_nano.a
LOAD C:/ST/STM32CubeIDE_1.16.1/STM32CubeIDE/plugins/com.st.stm32cube.ide.mcu.externaltools.gnu-tools-for-stm32.12.3.rel1.win32_1.0.200.202406191623/tools/bin/../lib/gcc/arm-none-eabi/12.3.1/../../../../arm-none-eabi/lib/thumb/v7-m/nofp\libm.a
END GROUP
START GROUP
LOAD C:/ST/STM32CubeIDE_1.16.1/STM32CubeIDE/plugins/com.st.stm32cube.ide.mcu.externaltools.gnu-tools-for-stm32.12.3.rel1.win32_1.0.200.202406191623/tools/bin/../lib/gcc/arm-none-eabi/12.3.1/thumb/v7-m/nofp\libgcc.a
LOAD C:/ST/STM32CubeIDE_1.16.1/STM32CubeIDE/plugins/com.st.stm32cube.ide.mcu.externaltools.gnu-tools-for-stm32.12.3.rel1.win32_1.0.200.202406191623/tools/bin/../lib/gcc/arm-none-eabi/12.3.1/../../../../arm-none-eabi/lib/thumb/v7-m/nofp\libc_nano.a
END GROUP
START GROUP
LOAD C:/ST/STM32CubeIDE_1.16.1/STM32CubeIDE/plugins/com.st.stm32cube.ide.mcu.externaltools.gnu-tools-for-stm32.12.3.rel1.win32_1.0.200.202406191623/tools/bin/../lib/gcc/arm-none-eabi/12.3.1/thumb/v7-m/nofp\libgcc.a
LOAD C:/ST/STM32CubeIDE_1.16.1/STM32CubeIDE/plugins/com.st.stm32cube.ide.mcu.externaltools.gnu-tools-for-stm32.12.3.rel1.win32_1.0.200.202406191623/tools/bin/../lib/gcc/arm-none-eabi/12.3.1/../../../../arm-none-eabi/lib/thumb/v7-m/nofp\libc_nano.a
LOAD C:/ST/STM32CubeIDE_1.16.1/STM32CubeIDE/plugins/com.st.stm32cube.ide.mcu.externaltools.gnu-tools-for-stm32.12.3.rel1.win32_1.0.200.202406191623/tools/bin/../lib/gcc/arm-none-eabi/12.3.1/../../../../arm-none-eabi/lib/thumb/v7-m/nofp\libnosys.a
END GROUP
START GROUP
LOAD C:/ST/STM32CubeIDE_1.16.1/STM32CubeIDE/plugins/com.st.stm32cube.ide.mcu.externaltools.gnu-tools-for-stm32.12.3.rel1.win32_1.0.200.202406191623/tools/bin/../lib/gcc/arm-none-eabi/12.3.1/thumb/v7-m/nofp\libgcc.a
LOAD C:/ST/STM32CubeIDE_1.16.1/STM32CubeIDE/plugins/com.st.stm32cube.ide.mcu.externaltools.gnu-tools-for-stm32.12.3.rel1.win32_1.0.200.202406191623/tools/bin/../lib/gcc/arm-none-eabi/12.3.1/../../../../arm-none-eabi/lib/thumb/v7-m/nofp\libc_nano.a
LOAD C:/ST/STM32CubeIDE_1.16.1/STM32CubeIDE/plugins/com.st.stm32cube.ide.mcu.externaltools.gnu-tools-for-stm32.12.3.rel1.win32_1.0.200.202406191623/tools/bin/../lib/gcc/arm-none-eabi/12.3.1/../../../../arm-none-eabi/lib/thumb/v7-m/nofp\libnosys.a
END GROUP
LOAD C:/ST/STM32CubeIDE_1.16.1/STM32CubeIDE/plugins/com.st.stm32cube.ide.mcu.externaltools.gnu-tools-for-stm32.12.3.rel1.win32_1.0.200.202406191623/tools/bin/../lib/gcc/arm-none-eabi/12.3.1/thumb/v7-m/nofp/crtend.o
LOAD C:/ST/STM32CubeIDE_1.16.1/STM32CubeIDE/plugins/com.st.stm32cube.ide.mcu.externaltools.gnu-tools-for-stm32.12.3.rel1.win32_1.0.200.202406191623/tools/bin/../lib/gcc/arm-none-eabi/12.3.1/thumb/v7-m/nofp/crtn.o
                0x20005000                        _estack = (ORIGIN (RAM) + LENGTH (RAM))
                0x00000200                        _Min_Heap_Size = 0x200
                0x00000400                        _Min_Stack_Size = 0x400

.isr_vector     0x08000000      0x10c
                0x08000000                        . = ALIGN (0x4)
 *(.isr_vector)
 .isr_vector    0x08000000      0x10c ./Core/Startup/startup_stm32f103c8tx.o
                0x08000000                g_pfnVectors
                0x0800010c                        . = ALIGN (0x4)

.text           0x08000110     0x522c
                0x08000110                        . = ALIGN (0x4)
 *(.text)
 .text          0x08000110       0x40 C:/ST/STM32CubeIDE_1.16.1/STM32CubeIDE/plugins/com.st.stm32cube.ide.mcu.externaltools.gnu-tools-for-stm32.12.3.rel1.win32_1.0.200.202406191623/tools/bin/../lib/gcc/arm-none-eabi/12.3.1/thumb/v7-m/nofp/crtbegin.o
 .text          0x08000150      0x21c C:/ST/STM32CubeIDE_1.16.1/STM32CubeIDE/plugins/com.st.stm32cube.ide.mcu.externaltools.gnu-tools-for-stm32.12.3.rel1.win32_1.0.200.202406191623/tools/bin/../lib/gcc/arm-none-eabi/12.3.1/thumb/v7-m/nofp\libgcc.a(_arm_addsubsf3.o)
                0x08000150                __aeabi_frsub
                0x08000158                __subsf3
                0x08000158                __aeabi_fsub
                0x0800015c                __aeabi_fadd
                0x0800015c                __addsf3
                0x080002bc                __aeabi_ui2f
                0x080002bc                __floatunsisf
                0x080002c4                __aeabi_i2f
                0x080002c4                __floatsisf
                0x080002e0                __aeabi_ul2f
                0x080002e0                __floatundisf
                0x080002f0                __aeabi_l2f
                0x080002f0                __floatdisf
 .text          0x0800036c      0x2a0 C:/ST/STM32CubeIDE_1.16.1/STM32CubeIDE/plugins/com.st.stm32cube.ide.mcu.externaltools.gnu-tools-for-stm32.12.3.rel1.win32_1.0.200.202406191623/tools/bin/../lib/gcc/arm-none-eabi/12.3.1/thumb/v7-m/nofp\libgcc.a(_arm_muldivsf3.o)
                0x0800036c                __mulsf3
                0x0800036c                __aeabi_fmul
                0x080004d4                __aeabi_fdiv
                0x080004d4                __divsf3
 .text          0x0800060c       0x40 C:/ST/STM32CubeIDE_1.16.1/STM32CubeIDE/plugins/com.st.stm32cube.ide.mcu.externaltools.gnu-tools-for-stm32.12.3.rel1.win32_1.0.200.202406191623/tools/bin/../lib/gcc/arm-none-eabi/12.3.1/thumb/v7-m/nofp\libgcc.a(_arm_fixunssfsi.o)
                0x0800060c                __fixunssfsi
                0x0800060c                __aeabi_f2uiz
 *(.text*)
 .text.SystemClock_Config
                0x0800064c       0x7a ./Core/Src/main.o
                0x0800064c                SystemClock_Config
 *fill*         0x080006c6        0x2 
 .text.CAN_FilterConfig_AppECU
                0x080006c8       0x38 ./Core/Src/main.o
                0x080006c8                CAN_FilterConfig_AppECU
 .text.startup.main
                0x08000700      0x22c ./Core/Src/main.o
                0x08000700                main
 .text.HAL_TIM_PeriodElapsedCallback
                0x0800092c       0x14 ./Core/Src/main.o
                0x0800092c                HAL_TIM_PeriodElapsedCallback
 .text.HAL_MspInit
                0x08000940       0x44 ./Core/Src/stm32f1xx_hal_msp.o
                0x08000940                HAL_MspInit
 .text.HAL_ADC_MspInit
                0x08000984       0x6c ./Core/Src/stm32f1xx_hal_msp.o
                0x08000984                HAL_ADC_MspInit
 .text.HAL_CAN_MspInit
                0x080009f0       0x90 ./Core/Src/stm32f1xx_hal_msp.o
                0x080009f0                HAL_CAN_MspInit
 .text.HAL_TIM_PWM_MspInit
                0x08000a80       0x3c ./Core/Src/stm32f1xx_hal_msp.o
                0x08000a80                HAL_TIM_PWM_MspInit
 .text.HAL_TIM_IC_MspInit
                0x08000abc       0x68 ./Core/Src/stm32f1xx_hal_msp.o
                0x08000abc                HAL_TIM_IC_MspInit
 .text.HAL_TIM_MspPostInit
                0x08000b24       0x88 ./Core/Src/stm32f1xx_hal_msp.o
                0x08000b24                HAL_TIM_MspPostInit
 .text.HAL_UART_MspInit
                0x08000bac       0x88 ./Core/Src/stm32f1xx_hal_msp.o
                0x08000bac                HAL_UART_MspInit
 .text.HAL_InitTick
                0x08000c34       0x90 ./Core/Src/stm32f1xx_hal_timebase_tim.o
                0x08000c34                HAL_InitTick
 .text.NMI_Handler
                0x08000cc4        0x2 ./Core/Src/stm32f1xx_it.o
                0x08000cc4                NMI_Handler
 .text.HardFault_Handler
                0x08000cc6        0x2 ./Core/Src/stm32f1xx_it.o
                0x08000cc6                HardFault_Handler
 .text.MemManage_Handler
                0x08000cc8        0x2 ./Core/Src/stm32f1xx_it.o
                0x08000cc8                MemManage_Handler
 .text.BusFault_Handler
                0x08000cca        0x2 ./Core/Src/stm32f1xx_it.o
                0x08000cca                BusFault_Handler
 .text.UsageFault_Handler
                0x08000ccc        0x2 ./Core/Src/stm32f1xx_it.o
                0x08000ccc                UsageFault_Handler
 .text.DebugMon_Handler
                0x08000cce        0x2 ./Core/Src/stm32f1xx_it.o
                0x08000cce                DebugMon_Handler
 .text.ADC1_2_IRQHandler
                0x08000cd0        0xc ./Core/Src/stm32f1xx_it.o
                0x08000cd0                ADC1_2_IRQHandler
 .text.USB_HP_CAN1_TX_IRQHandler
                0x08000cdc        0xc ./Core/Src/stm32f1xx_it.o
                0x08000cdc                USB_HP_CAN1_TX_IRQHandler
 .text.USB_LP_CAN1_RX0_IRQHandler
                0x08000ce8        0x4 ./Core/Src/stm32f1xx_it.o
                0x08000ce8                USB_LP_CAN1_RX0_IRQHandler
 .text.TIM1_UP_IRQHandler
                0x08000cec        0xc ./Core/Src/stm32f1xx_it.o
                0x08000cec                TIM1_UP_IRQHandler
 .text.TIM2_IRQHandler
                0x08000cf8        0xc ./Core/Src/stm32f1xx_it.o
                0x08000cf8                TIM2_IRQHandler
 .text.TIM3_IRQHandler
                0x08000d04        0xc ./Core/Src/stm32f1xx_it.o
                0x08000d04                TIM3_IRQHandler
 .text.USART1_IRQHandler
                0x08000d10        0xc ./Core/Src/stm32f1xx_it.o
                0x08000d10                USART1_IRQHandler
 .text.SystemInit
                0x08000d1c        0x2 ./Core/Src/system_stm32f1xx.o
                0x08000d1c                SystemInit
 *fill*         0x08000d1e        0x2 
 .text.Reset_Handler
                0x08000d20       0x48 ./Core/Startup/startup_stm32f103c8tx.o
                0x08000d20                Reset_Handler
 .text.Default_Handler
                0x08000d68        0x2 ./Core/Startup/startup_stm32f103c8tx.o
                0x08000d68                RTC_Alarm_IRQHandler
                0x08000d68                EXTI2_IRQHandler
                0x08000d68                TIM1_CC_IRQHandler
                0x08000d68                PVD_IRQHandler
                0x08000d68                EXTI3_IRQHandler
                0x08000d68                EXTI0_IRQHandler
                0x08000d68                I2C2_EV_IRQHandler
                0x08000d68                SPI1_IRQHandler
                0x08000d68                TAMPER_IRQHandler
                0x08000d68                DMA1_Channel4_IRQHandler
                0x08000d68                USART3_IRQHandler
                0x08000d68                RTC_IRQHandler
                0x08000d68                DMA1_Channel7_IRQHandler
                0x08000d68                CAN1_RX1_IRQHandler
                0x08000d68                TIM4_IRQHandler
                0x08000d68                I2C1_EV_IRQHandler
                0x08000d68                DMA1_Channel6_IRQHandler
                0x08000d68                RCC_IRQHandler
                0x08000d68                TIM1_TRG_COM_IRQHandler
                0x08000d68                DMA1_Channel1_IRQHandler
                0x08000d68                Default_Handler
                0x08000d68                EXTI15_10_IRQHandler
                0x08000d68                EXTI9_5_IRQHandler
                0x08000d68                SPI2_IRQHandler
                0x08000d68                DMA1_Channel5_IRQHandler
                0x08000d68                EXTI4_IRQHandler
                0x08000d68                DMA1_Channel3_IRQHandler
                0x08000d68                WWDG_IRQHandler
                0x08000d68                TIM1_BRK_IRQHandler
                0x08000d68                EXTI1_IRQHandler
                0x08000d68                USART2_IRQHandler
                0x08000d68                I2C2_ER_IRQHandler
                0x08000d68                DMA1_Channel2_IRQHandler
                0x08000d68                CAN1_SCE_IRQHandler
                0x08000d68                FLASH_IRQHandler
                0x08000d68                I2C1_ER_IRQHandler
                0x08000d68                USBWakeUp_IRQHandler
 *fill*         0x08000d6a        0x2 
 .text.HAL_Init
                0x08000d6c       0x24 ./Drivers/STM32F1xx_HAL_Driver/Src/stm32f1xx_hal.o
                0x08000d6c                HAL_Init
 .text.HAL_IncTick
                0x08000d90       0x18 ./Drivers/STM32F1xx_HAL_Driver/Src/stm32f1xx_hal.o
                0x08000d90                HAL_IncTick
 .text.HAL_GetTick
                0x08000da8        0xc ./Drivers/STM32F1xx_HAL_Driver/Src/stm32f1xx_hal.o
                0x08000da8                HAL_GetTick
 .text.HAL_ADC_GetValue
                0x08000db4        0x6 ./Drivers/STM32F1xx_HAL_Driver/Src/stm32f1xx_hal_adc.o
                0x08000db4                HAL_ADC_GetValue
 .text.HAL_ADC_LevelOutOfWindowCallback
                0x08000dba        0x2 ./Drivers/STM32F1xx_HAL_Driver/Src/stm32f1xx_hal_adc.o
                0x08000dba                HAL_ADC_LevelOutOfWindowCallback
 .text.HAL_ADC_IRQHandler
                0x08000dbc       0xe2 ./Drivers/STM32F1xx_HAL_Driver/Src/stm32f1xx_hal_adc.o
                0x08000dbc                HAL_ADC_IRQHandler
 *fill*         0x08000e9e        0x2 
 .text.HAL_ADC_ConfigChannel
                0x08000ea0       0xfc ./Drivers/STM32F1xx_HAL_Driver/Src/stm32f1xx_hal_adc.o
                0x08000ea0                HAL_ADC_ConfigChannel
 .text.ADC_Enable
                0x08000f9c       0x78 ./Drivers/STM32F1xx_HAL_Driver/Src/stm32f1xx_hal_adc.o
                0x08000f9c                ADC_Enable
 .text.HAL_ADC_Start_IT
                0x08001014       0xcc ./Drivers/STM32F1xx_HAL_Driver/Src/stm32f1xx_hal_adc.o
                0x08001014                HAL_ADC_Start_IT
 .text.ADC_ConversionStop_Disable
                0x080010e0       0x4c ./Drivers/STM32F1xx_HAL_Driver/Src/stm32f1xx_hal_adc.o
                0x080010e0                ADC_ConversionStop_Disable
 .text.HAL_ADC_Init
                0x0800112c       0xfc ./Drivers/STM32F1xx_HAL_Driver/Src/stm32f1xx_hal_adc.o
                0x0800112c                HAL_ADC_Init
 .text.HAL_ADCEx_InjectedConvCpltCallback
                0x08001228        0x2 ./Drivers/STM32F1xx_HAL_Driver/Src/stm32f1xx_hal_adc_ex.o
                0x08001228                HAL_ADCEx_InjectedConvCpltCallback
 .text.HAL_CAN_Init
                0x0800122a       0xf6 ./Drivers/STM32F1xx_HAL_Driver/Src/stm32f1xx_hal_can.o
                0x0800122a                HAL_CAN_Init
 .text.HAL_CAN_ConfigFilter
                0x08001320       0xe0 ./Drivers/STM32F1xx_HAL_Driver/Src/stm32f1xx_hal_can.o
                0x08001320                HAL_CAN_ConfigFilter
 .text.HAL_CAN_Start
                0x08001400       0x56 ./Drivers/STM32F1xx_HAL_Driver/Src/stm32f1xx_hal_can.o
                0x08001400                HAL_CAN_Start
 .text.HAL_CAN_AddTxMessage
                0x08001456       0x92 ./Drivers/STM32F1xx_HAL_Driver/Src/stm32f1xx_hal_can.o
                0x08001456                HAL_CAN_AddTxMessage
 .text.HAL_CAN_GetRxMessage
                0x080014e8       0xf8 ./Drivers/STM32F1xx_HAL_Driver/Src/stm32f1xx_hal_can.o
                0x080014e8                HAL_CAN_GetRxMessage
 .text.HAL_CAN_ActivateNotification
                0x080015e0       0x22 ./Drivers/STM32F1xx_HAL_Driver/Src/stm32f1xx_hal_can.o
                0x080015e0                HAL_CAN_ActivateNotification
 .text.HAL_CAN_TxMailbox0CompleteCallback
                0x08001602        0x2 ./Drivers/STM32F1xx_HAL_Driver/Src/stm32f1xx_hal_can.o
                0x08001602                HAL_CAN_TxMailbox0CompleteCallback
 .text.HAL_CAN_TxMailbox1CompleteCallback
                0x08001604        0x2 ./Drivers/STM32F1xx_HAL_Driver/Src/stm32f1xx_hal_can.o
                0x08001604                HAL_CAN_TxMailbox1CompleteCallback
 .text.HAL_CAN_TxMailbox2CompleteCallback
                0x08001606        0x2 ./Drivers/STM32F1xx_HAL_Driver/Src/stm32f1xx_hal_can.o
                0x08001606                HAL_CAN_TxMailbox2CompleteCallback
 .text.HAL_CAN_TxMailbox0AbortCallback
                0x08001608        0x2 ./Drivers/STM32F1xx_HAL_Driver/Src/stm32f1xx_hal_can.o
                0x08001608                HAL_CAN_TxMailbox0AbortCallback
 .text.HAL_CAN_TxMailbox1AbortCallback
                0x0800160a        0x2 ./Drivers/STM32F1xx_HAL_Driver/Src/stm32f1xx_hal_can.o
                0x0800160a                HAL_CAN_TxMailbox1AbortCallback
 .text.HAL_CAN_TxMailbox2AbortCallback
                0x0800160c        0x2 ./Drivers/STM32F1xx_HAL_Driver/Src/stm32f1xx_hal_can.o
                0x0800160c                HAL_CAN_TxMailbox2AbortCallback
 .text.HAL_CAN_RxFifo0FullCallback
                0x0800160e        0x2 ./Drivers/STM32F1xx_HAL_Driver/Src/stm32f1xx_hal_can.o
                0x0800160e                HAL_CAN_RxFifo0FullCallback
 .text.HAL_CAN_RxFifo1MsgPendingCallback
                0x08001610        0x2 ./Drivers/STM32F1xx_HAL_Driver/Src/stm32f1xx_hal_can.o
                0x08001610                HAL_CAN_RxFifo1MsgPendingCallback
 .text.HAL_CAN_RxFifo1FullCallback
                0x08001612        0x2 ./Drivers/STM32F1xx_HAL_Driver/Src/stm32f1xx_hal_can.o
                0x08001612                HAL_CAN_RxFifo1FullCallback
 .text.HAL_CAN_SleepCallback
                0x08001614        0x2 ./Drivers/STM32F1xx_HAL_Driver/Src/stm32f1xx_hal_can.o
                0x08001614                HAL_CAN_SleepCallback
 .text.HAL_CAN_WakeUpFromRxMsgCallback
                0x08001616        0x2 ./Drivers/STM32F1xx_HAL_Driver/Src/stm32f1xx_hal_can.o
                0x08001616                HAL_CAN_WakeUpFromRxMsgCallback
 .text.HAL_CAN_ErrorCallback
                0x08001618        0x2 ./Drivers/STM32F1xx_HAL_Driver/Src/stm32f1xx_hal_can.o
                0x08001618                HAL_CAN_ErrorCallback
 .text.HAL_CAN_IRQHandler
                0x0800161a      0x20a ./Drivers/STM32F1xx_HAL_Driver/Src/stm32f1xx_hal_can.o
                0x0800161a                HAL_CAN_IRQHandler
 .text.HAL_NVIC_SetPriorityGrouping
                0x08001824       0x24 ./Drivers/STM32F1xx_HAL_Driver/Src/stm32f1xx_hal_cortex.o
                0x08001824                HAL_NVIC_SetPriorityGrouping
 .text.HAL_NVIC_SetPriority
                0x08001848       0x60 ./Drivers/STM32F1xx_HAL_Driver/Src/stm32f1xx_hal_cortex.o
                0x08001848                HAL_NVIC_SetPriority
 .text.HAL_NVIC_EnableIRQ
                0x080018a8       0x1c ./Drivers/STM32F1xx_HAL_Driver/Src/stm32f1xx_hal_cortex.o
                0x080018a8                HAL_NVIC_EnableIRQ
 .text.HAL_DMA_Abort
                0x080018c4       0x3e ./Drivers/STM32F1xx_HAL_Driver/Src/stm32f1xx_hal_dma.o
                0x080018c4                HAL_DMA_Abort
 *fill*         0x08001902        0x2 
 .text.HAL_DMA_Abort_IT
                0x08001904       0x8c ./Drivers/STM32F1xx_HAL_Driver/Src/stm32f1xx_hal_dma.o
                0x08001904                HAL_DMA_Abort_IT
 .text.HAL_GPIO_Init
                0x08001990      0x1b0 ./Drivers/STM32F1xx_HAL_Driver/Src/stm32f1xx_hal_gpio.o
                0x08001990                HAL_GPIO_Init
 .text.HAL_GPIO_WritePin
                0x08001b40        0xa ./Drivers/STM32F1xx_HAL_Driver/Src/stm32f1xx_hal_gpio.o
                0x08001b40                HAL_GPIO_WritePin
 *fill*         0x08001b4a        0x2 
 .text.HAL_RCC_OscConfig
                0x08001b4c      0x338 ./Drivers/STM32F1xx_HAL_Driver/Src/stm32f1xx_hal_rcc.o
                0x08001b4c                HAL_RCC_OscConfig
 .text.HAL_RCC_GetSysClockFreq
                0x08001e84       0x4c ./Drivers/STM32F1xx_HAL_Driver/Src/stm32f1xx_hal_rcc.o
                0x08001e84                HAL_RCC_GetSysClockFreq
 .text.HAL_RCC_ClockConfig
                0x08001ed0      0x138 ./Drivers/STM32F1xx_HAL_Driver/Src/stm32f1xx_hal_rcc.o
                0x08001ed0                HAL_RCC_ClockConfig
 .text.HAL_RCC_GetPCLK1Freq
                0x08002008       0x20 ./Drivers/STM32F1xx_HAL_Driver/Src/stm32f1xx_hal_rcc.o
                0x08002008                HAL_RCC_GetPCLK1Freq
 .text.HAL_RCC_GetPCLK2Freq
                0x08002028       0x20 ./Drivers/STM32F1xx_HAL_Driver/Src/stm32f1xx_hal_rcc.o
                0x08002028                HAL_RCC_GetPCLK2Freq
 .text.HAL_RCC_GetClockConfig
                0x08002048       0x3c ./Drivers/STM32F1xx_HAL_Driver/Src/stm32f1xx_hal_rcc.o
                0x08002048                HAL_RCC_GetClockConfig
 .text.HAL_RCCEx_PeriphCLKConfig
                0x08002084       0xf4 ./Drivers/STM32F1xx_HAL_Driver/Src/stm32f1xx_hal_rcc_ex.o
                0x08002084                HAL_RCCEx_PeriphCLKConfig
 .text.TIM_OC1_SetConfig
                0x08002178       0x50 ./Drivers/STM32F1xx_HAL_Driver/Src/stm32f1xx_hal_tim.o
 .text.TIM_OC3_SetConfig
                0x080021c8       0x54 ./Drivers/STM32F1xx_HAL_Driver/Src/stm32f1xx_hal_tim.o
 .text.TIM_OC4_SetConfig
                0x0800221c       0x44 ./Drivers/STM32F1xx_HAL_Driver/Src/stm32f1xx_hal_tim.o
 .text.HAL_TIM_Base_MspInit
                0x08002260        0x2 ./Drivers/STM32F1xx_HAL_Driver/Src/stm32f1xx_hal_tim.o
                0x08002260                HAL_TIM_Base_MspInit
 *fill*         0x08002262        0x2 
 .text.HAL_TIM_Base_Start_IT
                0x08002264       0x54 ./Drivers/STM32F1xx_HAL_Driver/Src/stm32f1xx_hal_tim.o
                0x08002264                HAL_TIM_Base_Start_IT
 .text.HAL_TIM_ReadCapturedValue
                0x080022b8       0x2c ./Drivers/STM32F1xx_HAL_Driver/Src/stm32f1xx_hal_tim.o
                0x080022b8                HAL_TIM_ReadCapturedValue
 .text.HAL_TIM_OC_DelayElapsedCallback
                0x080022e4        0x2 ./Drivers/STM32F1xx_HAL_Driver/Src/stm32f1xx_hal_tim.o
                0x080022e4                HAL_TIM_OC_DelayElapsedCallback
 .text.HAL_TIM_PWM_PulseFinishedCallback
                0x080022e6        0x2 ./Drivers/STM32F1xx_HAL_Driver/Src/stm32f1xx_hal_tim.o
                0x080022e6                HAL_TIM_PWM_PulseFinishedCallback
 .text.HAL_TIM_TriggerCallback
                0x080022e8        0x2 ./Drivers/STM32F1xx_HAL_Driver/Src/stm32f1xx_hal_tim.o
                0x080022e8                HAL_TIM_TriggerCallback
 .text.HAL_TIM_IRQHandler
                0x080022ea      0x128 ./Drivers/STM32F1xx_HAL_Driver/Src/stm32f1xx_hal_tim.o
                0x080022ea                HAL_TIM_IRQHandler
 *fill*         0x08002412        0x2 
 .text.TIM_Base_SetConfig
                0x08002414       0x80 ./Drivers/STM32F1xx_HAL_Driver/Src/stm32f1xx_hal_tim.o
                0x08002414                TIM_Base_SetConfig
 .text.HAL_TIM_Base_Init
                0x08002494       0x58 ./Drivers/STM32F1xx_HAL_Driver/Src/stm32f1xx_hal_tim.o
                0x08002494                HAL_TIM_Base_Init
 .text.HAL_TIM_PWM_Init
                0x080024ec       0x58 ./Drivers/STM32F1xx_HAL_Driver/Src/stm32f1xx_hal_tim.o
                0x080024ec                HAL_TIM_PWM_Init
 .text.HAL_TIM_IC_Init
                0x08002544       0x58 ./Drivers/STM32F1xx_HAL_Driver/Src/stm32f1xx_hal_tim.o
                0x08002544                HAL_TIM_IC_Init
 .text.TIM_OC2_SetConfig
                0x0800259c       0x58 ./Drivers/STM32F1xx_HAL_Driver/Src/stm32f1xx_hal_tim.o
                0x0800259c                TIM_OC2_SetConfig
 .text.HAL_TIM_PWM_ConfigChannel
                0x080025f4       0xb0 ./Drivers/STM32F1xx_HAL_Driver/Src/stm32f1xx_hal_tim.o
                0x080025f4                HAL_TIM_PWM_ConfigChannel
 .text.TIM_TI1_SetConfig
                0x080026a4       0x54 ./Drivers/STM32F1xx_HAL_Driver/Src/stm32f1xx_hal_tim.o
                0x080026a4                TIM_TI1_SetConfig
 .text.HAL_TIM_IC_ConfigChannel
                0x080026f8      0x124 ./Drivers/STM32F1xx_HAL_Driver/Src/stm32f1xx_hal_tim.o
                0x080026f8                HAL_TIM_IC_ConfigChannel
 .text.TIM_CCxChannelCmd
                0x0800281c       0x1c ./Drivers/STM32F1xx_HAL_Driver/Src/stm32f1xx_hal_tim.o
                0x0800281c                TIM_CCxChannelCmd
 .text.HAL_TIM_OC_Start
                0x08002838       0x9c ./Drivers/STM32F1xx_HAL_Driver/Src/stm32f1xx_hal_tim.o
                0x08002838                HAL_TIM_OC_Start
 .text.HAL_TIM_PWM_Start
                0x080028d4        0x4 ./Drivers/STM32F1xx_HAL_Driver/Src/stm32f1xx_hal_tim.o
                0x080028d4                HAL_TIM_PWM_Start
 .text.HAL_TIM_IC_Start_IT
                0x080028d8       0xe4 ./Drivers/STM32F1xx_HAL_Driver/Src/stm32f1xx_hal_tim.o
                0x080028d8                HAL_TIM_IC_Start_IT
 .text.HAL_TIMEx_MasterConfigSynchronization
                0x080029bc       0x5c ./Drivers/STM32F1xx_HAL_Driver/Src/stm32f1xx_hal_tim_ex.o
                0x080029bc                HAL_TIMEx_MasterConfigSynchronization
 .text.HAL_TIMEx_CommutCallback
                0x08002a18        0x2 ./Drivers/STM32F1xx_HAL_Driver/Src/stm32f1xx_hal_tim_ex.o
                0x08002a18                HAL_TIMEx_CommutCallback
 .text.HAL_TIMEx_BreakCallback
                0x08002a1a        0x2 ./Drivers/STM32F1xx_HAL_Driver/Src/stm32f1xx_hal_tim_ex.o
                0x08002a1a                HAL_TIMEx_BreakCallback
 .text.UART_EndRxTransfer
                0x08002a1c       0x5c ./Drivers/STM32F1xx_HAL_Driver/Src/stm32f1xx_hal_uart.o
 .text.UART_SetConfig
                0x08002a78       0x74 ./Drivers/STM32F1xx_HAL_Driver/Src/stm32f1xx_hal_uart.o
 .text.HAL_UART_Init
                0x08002aec       0x5e ./Drivers/STM32F1xx_HAL_Driver/Src/stm32f1xx_hal_uart.o
                0x08002aec                HAL_UART_Init
 .text.HAL_UART_TxCpltCallback
                0x08002b4a        0x2 ./Drivers/STM32F1xx_HAL_Driver/Src/stm32f1xx_hal_uart.o
                0x08002b4a                HAL_UART_TxCpltCallback
 .text.HAL_UART_ErrorCallback
                0x08002b4c        0x2 ./Drivers/STM32F1xx_HAL_Driver/Src/stm32f1xx_hal_uart.o
                0x08002b4c                HAL_UART_ErrorCallback
 .text.UART_DMAAbortOnError
                0x08002b4e       0x10 ./Drivers/STM32F1xx_HAL_Driver/Src/stm32f1xx_hal_uart.o
 .text.HAL_UARTEx_RxEventCallback
                0x08002b5e        0x2 ./Drivers/STM32F1xx_HAL_Driver/Src/stm32f1xx_hal_uart.o
                0x08002b5e                HAL_UARTEx_RxEventCallback
 .text.UART_Receive_IT.isra.0
                0x08002b60       0xb6 ./Drivers/STM32F1xx_HAL_Driver/Src/stm32f1xx_hal_uart.o
 *fill*         0x08002c16        0x2 
 .text.HAL_UART_IRQHandler
                0x08002c18      0x294 ./Drivers/STM32F1xx_HAL_Driver/Src/stm32f1xx_hal_uart.o
                0x08002c18                HAL_UART_IRQHandler
 .text.UART_Start_Receive_IT
                0x08002eac       0x32 ./Drivers/STM32F1xx_HAL_Driver/Src/stm32f1xx_hal_uart.o
                0x08002eac                UART_Start_Receive_IT
 .text.HAL_UART_Receive_IT
                0x08002ede       0x22 ./Drivers/STM32F1xx_HAL_Driver/Src/stm32f1xx_hal_uart.o
                0x08002ede                HAL_UART_Receive_IT
 .text.Bluetooth_Init
                0x08002f00        0xc ./HAL/Bluetooth/Src/Bluetooth_program.o
                0x08002f00                Bluetooth_Init
 .text.Bluetooth_RegisterCallback
                0x08002f0c        0xc ./HAL/Bluetooth/Src/Bluetooth_program.o
                0x08002f0c                Bluetooth_RegisterCallback
 .text.Bluetooth_StartReceive
                0x08002f18       0x14 ./HAL/Bluetooth/Src/Bluetooth_program.o
                0x08002f18                Bluetooth_StartReceive
 .text.Bluetooth_IRQHandler
                0x08002f2c       0x2c ./HAL/Bluetooth/Src/Bluetooth_program.o
                0x08002f2c                Bluetooth_IRQHandler
 .text.LM35_Init
                0x08002f58        0xc ./HAL/LM35/Src/LM35_program.o
                0x08002f58                LM35_Init
 .text.LM35_StartConversion
                0x08002f64       0x10 ./HAL/LM35/Src/LM35_program.o
                0x08002f64                LM35_StartConversion
 .text.LM35_ProcessADCValue
                0x08002f74       0x38 ./HAL/LM35/Src/LM35_program.o
                0x08002f74                LM35_ProcessADCValue
 .text.LM35_GetTemperature
                0x08002fac        0xc ./HAL/LM35/Src/LM35_program.o
                0x08002fac                LM35_GetTemperature
 .text.HAL_ADC_ConvCpltCallback
                0x08002fb8       0x20 ./HAL/LM35/Src/LM35_program.o
                0x08002fb8                HAL_ADC_ConvCpltCallback
 .text.Motor_SetSpeed
                0x08002fd8       0x3c ./HAL/Motor/Src/Motor_pragram.o
                0x08002fd8                Motor_SetSpeed
 .text.Motor_Forward
                0x08003014       0x2c ./HAL/Motor/Src/Motor_pragram.o
                0x08003014                Motor_Forward
 .text.Motor_Backward
                0x08003040       0x2c ./HAL/Motor/Src/Motor_pragram.o
                0x08003040                Motor_Backward
 .text.Motor_Stop
                0x0800306c       0x3a ./HAL/Motor/Src/Motor_pragram.o
                0x0800306c                Motor_Stop
 *fill*         0x080030a6        0x2 
 .text.Motor_Init
                0x080030a8       0x2c ./HAL/Motor/Src/Motor_pragram.o
                0x080030a8                Motor_Init
 .text.Ultrasonic_Init
                0x080030d4       0x2c ./HAL/Ultrasonic sensor/Src/Ultrasonic_program.o
                0x080030d4                Ultrasonic_Init
 .text.Ultrasonic_Trigger
                0x08003100       0x38 ./HAL/Ultrasonic sensor/Src/Ultrasonic_program.o
                0x08003100                Ultrasonic_Trigger
 .text.Ultrasonic_CaptureCallback
                0x08003138      0x118 ./HAL/Ultrasonic sensor/Src/Ultrasonic_program.o
                0x08003138                Ultrasonic_CaptureCallback
 .text.Ultrasonic_GetDistance
                0x08003250        0xc ./HAL/Ultrasonic sensor/Src/Ultrasonic_program.o
                0x08003250                Ultrasonic_GetDistance
 .text.StartBluetoothTask
                0x0800325c       0x94 ./Tasks/Src/BluetoothTask.o
 .text.BluetoothISR_Callback
                0x080032f0       0x3c ./Tasks/Src/BluetoothTask.o
                0x080032f0                BluetoothISR_Callback
 .text.InitBluetoothTask
                0x0800332c       0x3c ./Tasks/Src/BluetoothTask.o
                0x0800332c                InitBluetoothTask
 .text.HAL_UART_RxCpltCallback
                0x08003368       0x14 ./Tasks/Src/BluetoothTask.o
                0x08003368                HAL_UART_RxCpltCallback
 .text.StartCANReceiveTask
                0x0800337c       0x40 ./Tasks/Src/CANReceiveTask.o
 .text.InitCANReceiveTask
                0x080033bc       0x40 ./Tasks/Src/CANReceiveTask.o
                0x080033bc                InitCANReceiveTask
 .text.HAL_CAN_RxFifo0MsgPendingCallback
                0x080033fc       0x40 ./Tasks/Src/CANReceiveTask.o
                0x080033fc                HAL_CAN_RxFifo0MsgPendingCallback
 .text.StartCANTransmitTask
                0x0800343c       0x40 ./Tasks/Src/CANTransmitTask.o
 .text.InitCANTransmitTask
                0x0800347c       0x34 ./Tasks/Src/CANTransmitTask.o
                0x0800347c                InitCANTransmitTask
 .text.StartMotorTask
                0x080034b0       0xb8 ./Tasks/Src/MotorTask.o
 .text.InitMotorTask
                0x08003568       0x38 ./Tasks/Src/MotorTask.o
                0x08003568                InitMotorTask
 .text.FreeRTOS_Init
                0x080035a0       0x1e ./Tasks/Src/TaskHandle.o
                0x080035a0                FreeRTOS_Init
 .text.Start_Scheduler
                0x080035be        0x4 ./Tasks/Src/TaskHandle.o
                0x080035be                Start_Scheduler
 *fill*         0x080035c2        0x2 
 .text.StartTemperatureSensorTask
                0x080035c4       0x60 ./Tasks/Src/TemperatureTask.o
 .text.InitTemperatureSensorTask
                0x08003624       0x24 ./Tasks/Src/TemperatureTask.o
                0x08003624                InitTemperatureSensorTask
 .text.StartUltrasonicTask
                0x08003648       0x84 ./Tasks/Src/UltrasonicTask.o
 .text.InitUltrasonicTask
                0x080036cc       0x44 ./Tasks/Src/UltrasonicTask.o
                0x080036cc                InitUltrasonicTask
 .text.HAL_TIM_IC_CaptureCallback
                0x08003710       0x38 ./Tasks/Src/UltrasonicTask.o
                0x08003710                HAL_TIM_IC_CaptureCallback
 .text.vListInitialise
                0x08003748       0x16 ./ThridParty/FreeRTOS/list.o
                0x08003748                vListInitialise
 .text.vListInitialiseItem
                0x0800375e        0x6 ./ThridParty/FreeRTOS/list.o
                0x0800375e                vListInitialiseItem
 .text.vListInsert
                0x08003764       0x2e ./ThridParty/FreeRTOS/list.o
                0x08003764                vListInsert
 .text.uxListRemove
                0x08003792       0x20 ./ThridParty/FreeRTOS/list.o
                0x08003792                uxListRemove
 .text.prvIsQueueEmpty
                0x080037b2       0x16 ./ThridParty/FreeRTOS/queue.o
 .text.prvCopyDataToQueue
                0x080037c8       0x66 ./ThridParty/FreeRTOS/queue.o
 .text.prvCopyDataFromQueue
                0x0800382e       0x28 ./ThridParty/FreeRTOS/queue.o
 .text.prvUnlockQueue
                0x08003856       0x70 ./ThridParty/FreeRTOS/queue.o
 .text.xQueueGenericReset
                0x080038c6       0x9a ./ThridParty/FreeRTOS/queue.o
                0x080038c6                xQueueGenericReset
 .text.xQueueGenericCreate
                0x08003960       0x54 ./ThridParty/FreeRTOS/queue.o
                0x08003960                xQueueGenericCreate
 .text.xQueueGenericSend
                0x080039b4      0x164 ./ThridParty/FreeRTOS/queue.o
                0x080039b4                xQueueGenericSend
 .text.xQueueGenericSendFromISR
                0x08003b18       0xd8 ./ThridParty/FreeRTOS/queue.o
                0x08003b18                xQueueGenericSendFromISR
 .text.xQueueGiveFromISR
                0x08003bf0       0xc0 ./ThridParty/FreeRTOS/queue.o
                0x08003bf0                xQueueGiveFromISR
 .text.xQueueReceive
                0x08003cb0      0x13c ./ThridParty/FreeRTOS/queue.o
                0x08003cb0                xQueueReceive
 .text.xQueueSemaphoreTake
                0x08003dec      0x168 ./ThridParty/FreeRTOS/queue.o
                0x08003dec                xQueueSemaphoreTake
 .text.vQueueAddToRegistry
                0x08003f54       0x50 ./ThridParty/FreeRTOS/queue.o
                0x08003f54                vQueueAddToRegistry
 .text.vQueueWaitForMessageRestricted
                0x08003fa4       0x46 ./ThridParty/FreeRTOS/queue.o
                0x08003fa4                vQueueWaitForMessageRestricted
 *fill*         0x08003fea        0x2 
 .text.prvAddCurrentTaskToDelayedList
                0x08003fec       0xa0 ./ThridParty/FreeRTOS/tasks.o
 .text.prvResetNextTaskUnblockTime
                0x0800408c       0x24 ./ThridParty/FreeRTOS/tasks.o
 .text.prvIdleTask
                0x080040b0       0x68 ./ThridParty/FreeRTOS/tasks.o
 .text.xTaskCreate
                0x08004118      0x1d0 ./ThridParty/FreeRTOS/tasks.o
                0x08004118                xTaskCreate
 .text.vTaskStartScheduler
                0x080042e8       0x80 ./ThridParty/FreeRTOS/tasks.o
                0x080042e8                vTaskStartScheduler
 .text.vTaskSuspendAll
                0x08004368       0x10 ./ThridParty/FreeRTOS/tasks.o
                0x08004368                vTaskSuspendAll
 .text.xTaskGetTickCount
                0x08004378        0xc ./ThridParty/FreeRTOS/tasks.o
                0x08004378                xTaskGetTickCount
 .text.uxTaskGetNumberOfTasks
                0x08004384        0xc ./ThridParty/FreeRTOS/tasks.o
                0x08004384                uxTaskGetNumberOfTasks
 .text.xTaskIncrementTick
                0x08004390      0x16c ./ThridParty/FreeRTOS/tasks.o
                0x08004390                xTaskIncrementTick
 .text.xTaskResumeAll
                0x080044fc      0x13c ./ThridParty/FreeRTOS/tasks.o
                0x080044fc                xTaskResumeAll
 .text.vTaskDelay
                0x08004638       0x48 ./ThridParty/FreeRTOS/tasks.o
                0x08004638                vTaskDelay
 .text.vTaskSwitchContext
                0x08004680       0x74 ./ThridParty/FreeRTOS/tasks.o
                0x08004680                vTaskSwitchContext
 .text.vTaskPlaceOnEventList
                0x080046f4       0x34 ./ThridParty/FreeRTOS/tasks.o
                0x080046f4                vTaskPlaceOnEventList
 .text.vTaskPlaceOnEventListRestricted
                0x08004728       0x5c ./ThridParty/FreeRTOS/tasks.o
                0x08004728                vTaskPlaceOnEventListRestricted
 .text.xTaskRemoveFromEventList
                0x08004784       0xcc ./ThridParty/FreeRTOS/tasks.o
                0x08004784                xTaskRemoveFromEventList
 .text.vTaskInternalSetTimeOutState
                0x08004850       0x18 ./ThridParty/FreeRTOS/tasks.o
                0x08004850                vTaskInternalSetTimeOutState
 .text.xTaskCheckForTimeOut
                0x08004868       0x78 ./ThridParty/FreeRTOS/tasks.o
                0x08004868                xTaskCheckForTimeOut
 .text.vTaskMissedYield
                0x080048e0        0xc ./ThridParty/FreeRTOS/tasks.o
                0x080048e0                vTaskMissedYield
 .text.xTaskGetSchedulerState
                0x080048ec       0x20 ./ThridParty/FreeRTOS/tasks.o
                0x080048ec                xTaskGetSchedulerState
 .text.xTaskPriorityInherit
                0x0800490c       0xa0 ./ThridParty/FreeRTOS/tasks.o
                0x0800490c                xTaskPriorityInherit
 .text.xTaskPriorityDisinherit
                0x080049ac       0xa4 ./ThridParty/FreeRTOS/tasks.o
                0x080049ac                xTaskPriorityDisinherit
 .text.vTaskPriorityDisinheritAfterTimeout
                0x08004a50       0xb4 ./ThridParty/FreeRTOS/tasks.o
                0x08004a50                vTaskPriorityDisinheritAfterTimeout
 .text.pvTaskIncrementMutexHeldCount
                0x08004b04       0x18 ./ThridParty/FreeRTOS/tasks.o
                0x08004b04                pvTaskIncrementMutexHeldCount
 .text.prvInsertTimerInActiveList
                0x08004b1c       0x3c ./ThridParty/FreeRTOS/timers.o
 .text.prvReloadTimer
                0x08004b58       0x26 ./ThridParty/FreeRTOS/timers.o
 *fill*         0x08004b7e        0x2 
 .text.prvProcessExpiredTimer
                0x08004b80       0x40 ./ThridParty/FreeRTOS/timers.o
 .text.prvSampleTimeNow
                0x08004bc0       0x4c ./ThridParty/FreeRTOS/timers.o
 .text.prvTimerTask
                0x08004c0c      0x160 ./ThridParty/FreeRTOS/timers.o
 .text.prvCheckForValidListAndQueue
                0x08004d6c       0x58 ./ThridParty/FreeRTOS/timers.o
 .text.xTimerCreateTimerTask
                0x08004dc4       0x4c ./ThridParty/FreeRTOS/timers.o
                0x08004dc4                xTimerCreateTimerTask
 .text.prvPortStartFirstTask
                0x08004e10       0x20 ./ThridParty/FreeRTOS/portable/GCC/ARM_CM3/port.o
 .text.prvTaskExitError
                0x08004e30       0x40 ./ThridParty/FreeRTOS/portable/GCC/ARM_CM3/port.o
 .text.pxPortInitialiseStack
                0x08004e70       0x24 ./ThridParty/FreeRTOS/portable/GCC/ARM_CM3/port.o
                0x08004e70                pxPortInitialiseStack
 *fill*         0x08004e94        0xc 
 .text.SVC_Handler
                0x08004ea0       0x24 ./ThridParty/FreeRTOS/portable/GCC/ARM_CM3/port.o
                0x08004ea0                SVC_Handler
 .text.vPortEnterCritical
                0x08004ec4       0x40 ./ThridParty/FreeRTOS/portable/GCC/ARM_CM3/port.o
                0x08004ec4                vPortEnterCritical
 .text.vPortExitCritical
                0x08004f04       0x28 ./ThridParty/FreeRTOS/portable/GCC/ARM_CM3/port.o
                0x08004f04                vPortExitCritical
 *fill*         0x08004f2c        0x4 
 .text.PendSV_Handler
                0x08004f30       0x44 ./ThridParty/FreeRTOS/portable/GCC/ARM_CM3/port.o
                0x08004f30                PendSV_Handler
 .text.SysTick_Handler
                0x08004f74       0x2c ./ThridParty/FreeRTOS/portable/GCC/ARM_CM3/port.o
                0x08004f74                SysTick_Handler
 .text.vPortSetupTimerInterrupt
                0x08004fa0       0x24 ./ThridParty/FreeRTOS/portable/GCC/ARM_CM3/port.o
                0x08004fa0                vPortSetupTimerInterrupt
 .text.xPortStartScheduler
                0x08004fc4       0xb0 ./ThridParty/FreeRTOS/portable/GCC/ARM_CM3/port.o
                0x08004fc4                xPortStartScheduler
 .text.vPortValidateInterruptPriority
                0x08005074       0x5c ./ThridParty/FreeRTOS/portable/GCC/ARM_CM3/port.o
                0x08005074                vPortValidateInterruptPriority
 .text.prvInsertBlockIntoFreeList
                0x080050d0       0x4c ./ThridParty/FreeRTOS/portable/MemMang/heap_4.o
 .text.pvPortMalloc
                0x0800511c      0x120 ./ThridParty/FreeRTOS/portable/MemMang/heap_4.o
                0x0800511c                pvPortMalloc
 .text.vPortFree
                0x0800523c       0x74 ./ThridParty/FreeRTOS/portable/MemMang/heap_4.o
                0x0800523c                vPortFree
 .text.memset   0x080052b0       0x10 C:/ST/STM32CubeIDE_1.16.1/STM32CubeIDE/plugins/com.st.stm32cube.ide.mcu.externaltools.gnu-tools-for-stm32.12.3.rel1.win32_1.0.200.202406191623/tools/bin/../lib/gcc/arm-none-eabi/12.3.1/../../../../arm-none-eabi/lib/thumb/v7-m/nofp\libc_nano.a(libc_a-memset.o)
                0x080052b0                memset
 .text.__libc_init_array
                0x080052c0       0x48 C:/ST/STM32CubeIDE_1.16.1/STM32CubeIDE/plugins/com.st.stm32cube.ide.mcu.externaltools.gnu-tools-for-stm32.12.3.rel1.win32_1.0.200.202406191623/tools/bin/../lib/gcc/arm-none-eabi/12.3.1/../../../../arm-none-eabi/lib/thumb/v7-m/nofp\libc_nano.a(libc_a-init.o)
                0x080052c0                __libc_init_array
 .text.memcpy   0x08005308       0x1c C:/ST/STM32CubeIDE_1.16.1/STM32CubeIDE/plugins/com.st.stm32cube.ide.mcu.externaltools.gnu-tools-for-stm32.12.3.rel1.win32_1.0.200.202406191623/tools/bin/../lib/gcc/arm-none-eabi/12.3.1/../../../../arm-none-eabi/lib/thumb/v7-m/nofp\libc_nano.a(libc_a-memcpy-stub.o)
                0x08005308                memcpy
 *(.glue_7)
 .glue_7        0x08005324        0x0 linker stubs
 *(.glue_7t)
 .glue_7t       0x08005324        0x0 linker stubs
 *(.eh_frame)
 .eh_frame      0x08005324        0x0 C:/ST/STM32CubeIDE_1.16.1/STM32CubeIDE/plugins/com.st.stm32cube.ide.mcu.externaltools.gnu-tools-for-stm32.12.3.rel1.win32_1.0.200.202406191623/tools/bin/../lib/gcc/arm-none-eabi/12.3.1/thumb/v7-m/nofp/crtbegin.o
 *(.init)
 .init          0x08005324        0x4 C:/ST/STM32CubeIDE_1.16.1/STM32CubeIDE/plugins/com.st.stm32cube.ide.mcu.externaltools.gnu-tools-for-stm32.12.3.rel1.win32_1.0.200.202406191623/tools/bin/../lib/gcc/arm-none-eabi/12.3.1/thumb/v7-m/nofp/crti.o
                0x08005324                _init
 .init          0x08005328        0x8 C:/ST/STM32CubeIDE_1.16.1/STM32CubeIDE/plugins/com.st.stm32cube.ide.mcu.externaltools.gnu-tools-for-stm32.12.3.rel1.win32_1.0.200.202406191623/tools/bin/../lib/gcc/arm-none-eabi/12.3.1/thumb/v7-m/nofp/crtn.o
 *(.fini)
 .fini          0x08005330        0x4 C:/ST/STM32CubeIDE_1.16.1/STM32CubeIDE/plugins/com.st.stm32cube.ide.mcu.externaltools.gnu-tools-for-stm32.12.3.rel1.win32_1.0.200.202406191623/tools/bin/../lib/gcc/arm-none-eabi/12.3.1/thumb/v7-m/nofp/crti.o
                0x08005330                _fini
 .fini          0x08005334        0x8 C:/ST/STM32CubeIDE_1.16.1/STM32CubeIDE/plugins/com.st.stm32cube.ide.mcu.externaltools.gnu-tools-for-stm32.12.3.rel1.win32_1.0.200.202406191623/tools/bin/../lib/gcc/arm-none-eabi/12.3.1/thumb/v7-m/nofp/crtn.o
                0x0800533c                        . = ALIGN (0x4)
                0x0800533c                        _etext = .

.vfp11_veneer   0x0800533c        0x0
 .vfp11_veneer  0x0800533c        0x0 linker stubs

.v4_bx          0x0800533c        0x0
 .v4_bx         0x0800533c        0x0 linker stubs

.iplt           0x0800533c        0x0
 .iplt          0x0800533c        0x0 C:/ST/STM32CubeIDE_1.16.1/STM32CubeIDE/plugins/com.st.stm32cube.ide.mcu.externaltools.gnu-tools-for-stm32.12.3.rel1.win32_1.0.200.202406191623/tools/bin/../lib/gcc/arm-none-eabi/12.3.1/thumb/v7-m/nofp/crtbegin.o

.rodata         0x0800533c       0x74
                0x0800533c                        . = ALIGN (0x4)
 *(.rodata)
 *(.rodata*)
 .rodata.APBPrescTable
                0x0800533c        0x8 ./Core/Src/system_stm32f1xx.o
                0x0800533c                APBPrescTable
 .rodata.AHBPrescTable
                0x08005344       0x10 ./Core/Src/system_stm32f1xx.o
                0x08005344                AHBPrescTable
 .rodata.aPredivFactorTable.0
                0x08005354        0x2 ./Drivers/STM32F1xx_HAL_Driver/Src/stm32f1xx_hal_rcc.o
 .rodata.aPLLMULFactorTable.1
                0x08005356       0x10 ./Drivers/STM32F1xx_HAL_Driver/Src/stm32f1xx_hal_rcc.o
 .rodata.InitBluetoothTask.str1.1
                0x08005366        0xa ./Tasks/Src/BluetoothTask.o
 .rodata.InitCANReceiveTask.str1.1
                0x08005370        0x6 ./Tasks/Src/CANReceiveTask.o
 .rodata.InitCANTransmitTask.str1.1
                0x08005376        0x6 ./Tasks/Src/CANTransmitTask.o
 .rodata.InitMotorTask.str1.1
                0x0800537c        0xa ./Tasks/Src/MotorTask.o
 .rodata.InitTemperatureSensorTask.str1.1
                0x08005386        0xb ./Tasks/Src/TemperatureTask.o
 .rodata.InitUltrasonicTask.str1.1
                0x08005391        0xb ./Tasks/Src/UltrasonicTask.o
 .rodata.vTaskStartScheduler.str1.1
                0x0800539c        0x5 ./ThridParty/FreeRTOS/tasks.o
 .rodata.prvCheckForValidListAndQueue.str1.1
                0x080053a1        0x5 ./ThridParty/FreeRTOS/timers.o
 .rodata.xTimerCreateTimerTask.str1.1
                0x080053a6        0x8 ./ThridParty/FreeRTOS/timers.o
                0x080053b0                        . = ALIGN (0x4)
 *fill*         0x080053ae        0x2 

.ARM.extab      0x080053b0        0x0
                0x080053b0                        . = ALIGN (0x4)
 *(.ARM.extab* .gnu.linkonce.armextab.*)
                0x080053b0                        . = ALIGN (0x4)

.ARM            0x080053b0        0x0
                0x080053b0                        . = ALIGN (0x4)
                0x080053b0                        __exidx_start = .
 *(.ARM.exidx*)
                0x080053b0                        __exidx_end = .
                0x080053b0                        . = ALIGN (0x4)

.preinit_array  0x080053b0        0x0
                0x080053b0                        . = ALIGN (0x4)
                0x080053b0                        PROVIDE (__preinit_array_start = .)
 *(.preinit_array*)
                0x080053b0                        PROVIDE (__preinit_array_end = .)
                0x080053b0                        . = ALIGN (0x4)

.init_array     0x080053b0        0x4
                0x080053b0                        . = ALIGN (0x4)
                0x080053b0                        PROVIDE (__init_array_start = .)
 *(SORT_BY_NAME(.init_array.*))
 *(.init_array*)
 .init_array    0x080053b0        0x4 C:/ST/STM32CubeIDE_1.16.1/STM32CubeIDE/plugins/com.st.stm32cube.ide.mcu.externaltools.gnu-tools-for-stm32.12.3.rel1.win32_1.0.200.202406191623/tools/bin/../lib/gcc/arm-none-eabi/12.3.1/thumb/v7-m/nofp/crtbegin.o
                0x080053b4                        PROVIDE (__init_array_end = .)
                0x080053b4                        . = ALIGN (0x4)

.fini_array     0x080053b4        0x4
                0x080053b4                        . = ALIGN (0x4)
                [!provide]                        PROVIDE (__fini_array_start = .)
 *(SORT_BY_NAME(.fini_array.*))
 *(.fini_array*)
 .fini_array    0x080053b4        0x4 C:/ST/STM32CubeIDE_1.16.1/STM32CubeIDE/plugins/com.st.stm32cube.ide.mcu.externaltools.gnu-tools-for-stm32.12.3.rel1.win32_1.0.200.202406191623/tools/bin/../lib/gcc/arm-none-eabi/12.3.1/thumb/v7-m/nofp/crtbegin.o
                [!provide]                        PROVIDE (__fini_array_end = .)
                0x080053b8                        . = ALIGN (0x4)
                0x080053b8                        _sidata = LOADADDR (.data)

.rel.dyn        0x080053b8        0x0
 .rel.iplt      0x080053b8        0x0 C:/ST/STM32CubeIDE_1.16.1/STM32CubeIDE/plugins/com.st.stm32cube.ide.mcu.externaltools.gnu-tools-for-stm32.12.3.rel1.win32_1.0.200.202406191623/tools/bin/../lib/gcc/arm-none-eabi/12.3.1/thumb/v7-m/nofp/crtbegin.o

.data           0x20000000       0x44 load address 0x080053b8
                0x20000000                        . = ALIGN (0x4)
                0x20000000                        _sdata = .
 *(.data)
 *(.data*)
 .data.SystemCoreClock
                0x20000000        0x4 ./Core/Src/system_stm32f1xx.o
                0x20000000                SystemCoreClock
 .data.uwTickFreq
                0x20000004        0x1 ./Drivers/STM32F1xx_HAL_Driver/Src/stm32f1xx_hal.o
                0x20000004                uwTickFreq
 *fill*         0x20000005        0x3 
 .data.uwTickPrio
                0x20000008        0x4 ./Drivers/STM32F1xx_HAL_Driver/Src/stm32f1xx_hal.o
                0x20000008                uwTickPrio
 .data.motor_right
                0x2000000c       0x18 ./Tasks/Src/MotorTask.o
 .data.motor_left
                0x20000024       0x18 ./Tasks/Src/MotorTask.o
 .data.uxTopUsedPriority
                0x2000003c        0x4 ./ThridParty/FreeRTOS/tasks.o
                0x2000003c                uxTopUsedPriority
 .data.uxCriticalNesting
                0x20000040        0x4 ./ThridParty/FreeRTOS/portable/GCC/ARM_CM3/port.o
 *(.RamFunc)
 *(.RamFunc*)
                0x20000044                        . = ALIGN (0x4)
                0x20000044                        _edata = .

.igot.plt       0x20000044        0x0 load address 0x080053fc
 .igot.plt      0x20000044        0x0 C:/ST/STM32CubeIDE_1.16.1/STM32CubeIDE/plugins/com.st.stm32cube.ide.mcu.externaltools.gnu-tools-for-stm32.12.3.rel1.win32_1.0.200.202406191623/tools/bin/../lib/gcc/arm-none-eabi/12.3.1/thumb/v7-m/nofp/crtbegin.o
                0x20000044                        . = ALIGN (0x4)

.bss            0x20000044     0x2b88 load address 0x080053fc
                0x20000044                        _sbss = .
                0x20000044                        __bss_start__ = _sbss
 *(.bss)
 .bss           0x20000044       0x1c C:/ST/STM32CubeIDE_1.16.1/STM32CubeIDE/plugins/com.st.stm32cube.ide.mcu.externaltools.gnu-tools-for-stm32.12.3.rel1.win32_1.0.200.202406191623/tools/bin/../lib/gcc/arm-none-eabi/12.3.1/thumb/v7-m/nofp/crtbegin.o
 *(.bss*)
 .bss.huart1    0x20000060       0x48 ./Core/Src/main.o
                0x20000060                huart1
 .bss.htim3     0x200000a8       0x48 ./Core/Src/main.o
                0x200000a8                htim3
 .bss.htim2     0x200000f0       0x48 ./Core/Src/main.o
                0x200000f0                htim2
 .bss.hcan      0x20000138       0x28 ./Core/Src/main.o
                0x20000138                hcan
 .bss.hadc1     0x20000160       0x30 ./Core/Src/main.o
                0x20000160                hadc1
 .bss.htim1     0x20000190       0x48 ./Core/Src/stm32f1xx_hal_timebase_tim.o
                0x20000190                htim1
 .bss.uwTick    0x200001d8        0x4 ./Drivers/STM32F1xx_HAL_Driver/Src/stm32f1xx_hal.o
                0x200001d8                uwTick
 .bss.Received_Cmd
                0x200001dc        0x1 ./HAL/Bluetooth/Src/Bluetooth_program.o
 *fill*         0x200001dd        0x3 
 .bss.CommandCallback
                0x200001e0        0x4 ./HAL/Bluetooth/Src/Bluetooth_program.o
 .bss.BlueTooth_UART
                0x200001e4        0x4 ./HAL/Bluetooth/Src/Bluetooth_program.o
                0x200001e4                BlueTooth_UART
 .bss.Latest_Temperature
                0x200001e8        0x4 ./HAL/LM35/Src/LM35_program.o
 .bss.LM35_ADC  0x200001ec        0x4 ./HAL/LM35/Src/LM35_program.o
 .bss.motor_speed
                0x200001f0        0x1 ./HAL/Motor/Src/Motor_pragram.o
 *fill*         0x200001f1        0x3 
 .bss.motor_period
                0x200001f4        0x4 ./HAL/Motor/Src/Motor_pragram.o
 .bss.Last_Distance_Cm
                0x200001f8        0x4 ./HAL/Ultrasonic sensor/Src/Ultrasonic_program.o
 .bss.Capture_State
                0x200001fc        0x1 ./HAL/Ultrasonic sensor/Src/Ultrasonic_program.o
 *fill*         0x200001fd        0x3 
 .bss.ICU_Start
                0x20000200        0x4 ./HAL/Ultrasonic sensor/Src/Ultrasonic_program.o
 .bss.Echo_Channel
                0x20000204        0x4 ./HAL/Ultrasonic sensor/Src/Ultrasonic_program.o
 .bss.Trig_Pin  0x20000208        0x2 ./HAL/Ultrasonic sensor/Src/Ultrasonic_program.o
 *fill*         0x2000020a        0x2 
 .bss.Trig_Port
                0x2000020c        0x4 ./HAL/Ultrasonic sensor/Src/Ultrasonic_program.o
 .bss.Ultrasonic_Timer
                0x20000210        0x4 ./HAL/Ultrasonic sensor/Src/Ultrasonic_program.o
 .bss.xBluetoothTaskHandle
                0x20000214        0x4 ./Tasks/Src/BluetoothTask.o
 .bss.xBluetoothQueue
                0x20000218        0x4 ./Tasks/Src/BluetoothTask.o
                0x20000218                xBluetoothQueue
 .bss.xCanRxQueue
                0x2000021c        0x4 ./Tasks/Src/CANReceiveTask.o
                0x2000021c                xCanRxQueue
 .bss.xCanTxQueue
                0x20000220        0x4 ./Tasks/Src/CANTransmitTask.o
                0x20000220                xCanTxQueue
 .bss.xMotorCommandQueue
                0x20000224        0x4 ./Tasks/Src/MotorTask.o
                0x20000224                xMotorCommandQueue
 .bss.Temperature
                0x20000228        0x4 ./Tasks/Src/TemperatureTask.o
                0x20000228                Temperature
 .bss.Distance  0x2000022c        0x4 ./Tasks/Src/UltrasonicTask.o
                0x2000022c                Distance
 .bss.xUltrasonicSem
                0x20000230        0x4 ./Tasks/Src/UltrasonicTask.o
                0x20000230                xUltrasonicSem
 .bss.xQueueRegistry
                0x20000234       0x20 ./ThridParty/FreeRTOS/queue.o
                0x20000234                xQueueRegistry
 .bss.uxSchedulerSuspended
                0x20000254        0x4 ./ThridParty/FreeRTOS/tasks.o
 .bss.xIdleTaskHandle
                0x20000258        0x4 ./ThridParty/FreeRTOS/tasks.o
 .bss.xNextTaskUnblockTime
                0x2000025c        0x4 ./ThridParty/FreeRTOS/tasks.o
 .bss.uxTaskNumber
                0x20000260        0x4 ./ThridParty/FreeRTOS/tasks.o
 .bss.xNumOfOverflows
                0x20000264        0x4 ./ThridParty/FreeRTOS/tasks.o
 .bss.xYieldPending
                0x20000268        0x4 ./ThridParty/FreeRTOS/tasks.o
 .bss.xPendedTicks
                0x2000026c        0x4 ./ThridParty/FreeRTOS/tasks.o
 .bss.xSchedulerRunning
                0x20000270        0x4 ./ThridParty/FreeRTOS/tasks.o
 .bss.uxTopReadyPriority
                0x20000274        0x4 ./ThridParty/FreeRTOS/tasks.o
 .bss.xTickCount
                0x20000278        0x4 ./ThridParty/FreeRTOS/tasks.o
 .bss.uxCurrentNumberOfTasks
                0x2000027c        0x4 ./ThridParty/FreeRTOS/tasks.o
 .bss.xSuspendedTaskList
                0x20000280       0x14 ./ThridParty/FreeRTOS/tasks.o
 .bss.uxDeletedTasksWaitingCleanUp
                0x20000294        0x4 ./ThridParty/FreeRTOS/tasks.o
 .bss.xTasksWaitingTermination
                0x20000298       0x14 ./ThridParty/FreeRTOS/tasks.o
 .bss.xPendingReadyList
                0x200002ac       0x14 ./ThridParty/FreeRTOS/tasks.o
 .bss.pxOverflowDelayedTaskList
                0x200002c0        0x4 ./ThridParty/FreeRTOS/tasks.o
 .bss.pxDelayedTaskList
                0x200002c4        0x4 ./ThridParty/FreeRTOS/tasks.o
 .bss.xDelayedTaskList2
                0x200002c8       0x14 ./ThridParty/FreeRTOS/tasks.o
 .bss.xDelayedTaskList1
                0x200002dc       0x14 ./ThridParty/FreeRTOS/tasks.o
 .bss.pxReadyTasksLists
                0x200002f0       0x78 ./ThridParty/FreeRTOS/tasks.o
 .bss.pxCurrentTCB
                0x20000368        0x4 ./ThridParty/FreeRTOS/tasks.o
                0x20000368                pxCurrentTCB
 .bss.xLastTime.0
                0x2000036c        0x4 ./ThridParty/FreeRTOS/timers.o
 .bss.xTimerTaskHandle
                0x20000370        0x4 ./ThridParty/FreeRTOS/timers.o
 .bss.xTimerQueue
                0x20000374        0x4 ./ThridParty/FreeRTOS/timers.o
 .bss.pxOverflowTimerList
                0x20000378        0x4 ./ThridParty/FreeRTOS/timers.o
 .bss.pxCurrentTimerList
                0x2000037c        0x4 ./ThridParty/FreeRTOS/timers.o
 .bss.xActiveTimerList2
                0x20000380       0x14 ./ThridParty/FreeRTOS/timers.o
 .bss.xActiveTimerList1
                0x20000394       0x14 ./ThridParty/FreeRTOS/timers.o
 .bss.ulMaxPRIGROUPValue
                0x200003a8        0x4 ./ThridParty/FreeRTOS/portable/GCC/ARM_CM3/port.o
 .bss.ucMaxSysCallPriority
                0x200003ac        0x1 ./ThridParty/FreeRTOS/portable/GCC/ARM_CM3/port.o
 *fill*         0x200003ad        0x3 
 .bss.xNumberOfSuccessfulFrees
                0x200003b0        0x4 ./ThridParty/FreeRTOS/portable/MemMang/heap_4.o
 .bss.xNumberOfSuccessfulAllocations
                0x200003b4        0x4 ./ThridParty/FreeRTOS/portable/MemMang/heap_4.o
 .bss.xMinimumEverFreeBytesRemaining
                0x200003b8        0x4 ./ThridParty/FreeRTOS/portable/MemMang/heap_4.o
 .bss.xFreeBytesRemaining
                0x200003bc        0x4 ./ThridParty/FreeRTOS/portable/MemMang/heap_4.o
 .bss.pxEnd     0x200003c0        0x4 ./ThridParty/FreeRTOS/portable/MemMang/heap_4.o
 .bss.xStart    0x200003c4        0x8 ./ThridParty/FreeRTOS/portable/MemMang/heap_4.o
 .bss.ucHeap    0x200003cc     0x2800 ./ThridParty/FreeRTOS/portable/MemMang/heap_4.o
 *(COMMON)
                0x20002bcc                        . = ALIGN (0x4)
                0x20002bcc                        _ebss = .
                0x20002bcc                        __bss_end__ = _ebss

._user_heap_stack
                0x20002bcc      0x604 load address 0x080053fc
                0x20002bd0                        . = ALIGN (0x8)
 *fill*         0x20002bcc        0x4 
                [!provide]                        PROVIDE (end = .)
                0x20002bd0                        PROVIDE (_end = .)
                0x20002dd0                        . = (. + _Min_Heap_Size)
 *fill*         0x20002bd0      0x200 
                0x200031d0                        . = (. + _Min_Stack_Size)
 *fill*         0x20002dd0      0x400 
                0x200031d0                        . = ALIGN (0x8)

/DISCARD/
 libc.a(*)
 libm.a(*)
 libgcc.a(*)

.ARM.attributes
                0x00000000       0x29
 *(.ARM.attributes)
 .ARM.attributes
                0x00000000       0x1d C:/ST/STM32CubeIDE_1.16.1/STM32CubeIDE/plugins/com.st.stm32cube.ide.mcu.externaltools.gnu-tools-for-stm32.12.3.rel1.win32_1.0.200.202406191623/tools/bin/../lib/gcc/arm-none-eabi/12.3.1/thumb/v7-m/nofp/crti.o
 .ARM.attributes
                0x0000001d       0x2d C:/ST/STM32CubeIDE_1.16.1/STM32CubeIDE/plugins/com.st.stm32cube.ide.mcu.externaltools.gnu-tools-for-stm32.12.3.rel1.win32_1.0.200.202406191623/tools/bin/../lib/gcc/arm-none-eabi/12.3.1/thumb/v7-m/nofp/crtbegin.o
 .ARM.attributes
                0x0000004a       0x2d ./Core/Src/main.o
 .ARM.attributes
                0x00000077       0x2d ./Core/Src/stm32f1xx_hal_msp.o
 .ARM.attributes
                0x000000a4       0x2d ./Core/Src/stm32f1xx_hal_timebase_tim.o
 .ARM.attributes
                0x000000d1       0x2d ./Core/Src/stm32f1xx_it.o
 .ARM.attributes
                0x000000fe       0x2d ./Core/Src/system_stm32f1xx.o
 .ARM.attributes
                0x0000012b       0x21 ./Core/Startup/startup_stm32f103c8tx.o
 .ARM.attributes
                0x0000014c       0x2d ./Drivers/STM32F1xx_HAL_Driver/Src/stm32f1xx_hal.o
 .ARM.attributes
                0x00000179       0x2d ./Drivers/STM32F1xx_HAL_Driver/Src/stm32f1xx_hal_adc.o
 .ARM.attributes
                0x000001a6       0x2d ./Drivers/STM32F1xx_HAL_Driver/Src/stm32f1xx_hal_adc_ex.o
 .ARM.attributes
                0x000001d3       0x2d ./Drivers/STM32F1xx_HAL_Driver/Src/stm32f1xx_hal_can.o
 .ARM.attributes
                0x00000200       0x2d ./Drivers/STM32F1xx_HAL_Driver/Src/stm32f1xx_hal_cortex.o
 .ARM.attributes
                0x0000022d       0x2d ./Drivers/STM32F1xx_HAL_Driver/Src/stm32f1xx_hal_dma.o
 .ARM.attributes
                0x0000025a       0x2d ./Drivers/STM32F1xx_HAL_Driver/Src/stm32f1xx_hal_gpio.o
 .ARM.attributes
                0x00000287       0x2d ./Drivers/STM32F1xx_HAL_Driver/Src/stm32f1xx_hal_rcc.o
 .ARM.attributes
                0x000002b4       0x2d ./Drivers/STM32F1xx_HAL_Driver/Src/stm32f1xx_hal_rcc_ex.o
 .ARM.attributes
                0x000002e1       0x2d ./Drivers/STM32F1xx_HAL_Driver/Src/stm32f1xx_hal_tim.o
 .ARM.attributes
                0x0000030e       0x2d ./Drivers/STM32F1xx_HAL_Driver/Src/stm32f1xx_hal_tim_ex.o
 .ARM.attributes
                0x0000033b       0x2d ./Drivers/STM32F1xx_HAL_Driver/Src/stm32f1xx_hal_uart.o
 .ARM.attributes
                0x00000368       0x2d ./HAL/Bluetooth/Src/Bluetooth_program.o
 .ARM.attributes
                0x00000395       0x2d ./HAL/LM35/Src/LM35_program.o
 .ARM.attributes
                0x000003c2       0x2d ./HAL/Motor/Src/Motor_pragram.o
 .ARM.attributes
                0x000003ef       0x2d ./HAL/Ultrasonic sensor/Src/Ultrasonic_program.o
 .ARM.attributes
                0x0000041c       0x2d ./Tasks/Src/BluetoothTask.o
 .ARM.attributes
                0x00000449       0x2d ./Tasks/Src/CANReceiveTask.o
 .ARM.attributes
                0x00000476       0x2d ./Tasks/Src/CANTransmitTask.o
 .ARM.attributes
                0x000004a3       0x2d ./Tasks/Src/MotorTask.o
 .ARM.attributes
                0x000004d0       0x2d ./Tasks/Src/TaskHandle.o
 .ARM.attributes
                0x000004fd       0x2d ./Tasks/Src/TemperatureTask.o
 .ARM.attributes
                0x0000052a       0x2d ./Tasks/Src/UltrasonicTask.o
 .ARM.attributes
                0x00000557       0x2d ./ThridParty/FreeRTOS/list.o
 .ARM.attributes
                0x00000584       0x2d ./ThridParty/FreeRTOS/queue.o
 .ARM.attributes
                0x000005b1       0x2d ./ThridParty/FreeRTOS/tasks.o
 .ARM.attributes
                0x000005de       0x2d ./ThridParty/FreeRTOS/timers.o
 .ARM.attributes
                0x0000060b       0x2d ./ThridParty/FreeRTOS/portable/GCC/ARM_CM3/port.o
 .ARM.attributes
                0x00000638       0x2d ./ThridParty/FreeRTOS/portable/MemMang/heap_4.o
 .ARM.attributes
                0x00000665       0x2d C:/ST/STM32CubeIDE_1.16.1/STM32CubeIDE/plugins/com.st.stm32cube.ide.mcu.externaltools.gnu-tools-for-stm32.12.3.rel1.win32_1.0.200.202406191623/tools/bin/../lib/gcc/arm-none-eabi/12.3.1/../../../../arm-none-eabi/lib/thumb/v7-m/nofp\libc_nano.a(libc_a-memset.o)
 .ARM.attributes
                0x00000692       0x2d C:/ST/STM32CubeIDE_1.16.1/STM32CubeIDE/plugins/com.st.stm32cube.ide.mcu.externaltools.gnu-tools-for-stm32.12.3.rel1.win32_1.0.200.202406191623/tools/bin/../lib/gcc/arm-none-eabi/12.3.1/../../../../arm-none-eabi/lib/thumb/v7-m/nofp\libc_nano.a(libc_a-init.o)
 .ARM.attributes
                0x000006bf       0x2d C:/ST/STM32CubeIDE_1.16.1/STM32CubeIDE/plugins/com.st.stm32cube.ide.mcu.externaltools.gnu-tools-for-stm32.12.3.rel1.win32_1.0.200.202406191623/tools/bin/../lib/gcc/arm-none-eabi/12.3.1/../../../../arm-none-eabi/lib/thumb/v7-m/nofp\libc_nano.a(libc_a-memcpy-stub.o)
 .ARM.attributes
                0x000006ec       0x1d C:/ST/STM32CubeIDE_1.16.1/STM32CubeIDE/plugins/com.st.stm32cube.ide.mcu.externaltools.gnu-tools-for-stm32.12.3.rel1.win32_1.0.200.202406191623/tools/bin/../lib/gcc/arm-none-eabi/12.3.1/thumb/v7-m/nofp\libgcc.a(_arm_addsubsf3.o)
 .ARM.attributes
                0x00000709       0x1d C:/ST/STM32CubeIDE_1.16.1/STM32CubeIDE/plugins/com.st.stm32cube.ide.mcu.externaltools.gnu-tools-for-stm32.12.3.rel1.win32_1.0.200.202406191623/tools/bin/../lib/gcc/arm-none-eabi/12.3.1/thumb/v7-m/nofp\libgcc.a(_arm_muldivsf3.o)
 .ARM.attributes
                0x00000726       0x1d C:/ST/STM32CubeIDE_1.16.1/STM32CubeIDE/plugins/com.st.stm32cube.ide.mcu.externaltools.gnu-tools-for-stm32.12.3.rel1.win32_1.0.200.202406191623/tools/bin/../lib/gcc/arm-none-eabi/12.3.1/thumb/v7-m/nofp\libgcc.a(_arm_fixunssfsi.o)
 .ARM.attributes
                0x00000743       0x1d C:/ST/STM32CubeIDE_1.16.1/STM32CubeIDE/plugins/com.st.stm32cube.ide.mcu.externaltools.gnu-tools-for-stm32.12.3.rel1.win32_1.0.200.202406191623/tools/bin/../lib/gcc/arm-none-eabi/12.3.1/thumb/v7-m/nofp/crtn.o
OUTPUT(APP ECU.elf elf32-littlearm)
LOAD linker stubs
LOAD C:/ST/STM32CubeIDE_1.16.1/STM32CubeIDE/plugins/com.st.stm32cube.ide.mcu.externaltools.gnu-tools-for-stm32.12.3.rel1.win32_1.0.200.202406191623/tools/bin/../lib/gcc/arm-none-eabi/12.3.1/../../../../arm-none-eabi/lib/thumb/v7-m/nofp\libc.a
LOAD C:/ST/STM32CubeIDE_1.16.1/STM32CubeIDE/plugins/com.st.stm32cube.ide.mcu.externaltools.gnu-tools-for-stm32.12.3.rel1.win32_1.0.200.202406191623/tools/bin/../lib/gcc/arm-none-eabi/12.3.1/../../../../arm-none-eabi/lib/thumb/v7-m/nofp\libm.a
LOAD C:/ST/STM32CubeIDE_1.16.1/STM32CubeIDE/plugins/com.st.stm32cube.ide.mcu.externaltools.gnu-tools-for-stm32.12.3.rel1.win32_1.0.200.202406191623/tools/bin/../lib/gcc/arm-none-eabi/12.3.1/thumb/v7-m/nofp\libgcc.a

.debug_info     0x00000000    0x219db
 .debug_info    0x00000000     0x1d8c ./Core/Src/main.o
 .debug_info    0x00001d8c     0x18a4 ./Core/Src/stm32f1xx_hal_msp.o
 .debug_info    0x00003630      0xa24 ./Core/Src/stm32f1xx_hal_timebase_tim.o
 .debug_info    0x00004054      0xf93 ./Core/Src/stm32f1xx_it.o
 .debug_info    0x00004fe7      0x231 ./Core/Src/system_stm32f1xx.o
 .debug_info    0x00005218       0x30 ./Core/Startup/startup_stm32f103c8tx.o
 .debug_info    0x00005248      0x7dc ./Drivers/STM32F1xx_HAL_Driver/Src/stm32f1xx_hal.o
 .debug_info    0x00005a24      0xea9 ./Drivers/STM32F1xx_HAL_Driver/Src/stm32f1xx_hal_adc.o
 .debug_info    0x000068cd      0xc2f ./Drivers/STM32F1xx_HAL_Driver/Src/stm32f1xx_hal_adc_ex.o
 .debug_info    0x000074fc     0x112e ./Drivers/STM32F1xx_HAL_Driver/Src/stm32f1xx_hal_can.o
 .debug_info    0x0000862a      0xced ./Drivers/STM32F1xx_HAL_Driver/Src/stm32f1xx_hal_cortex.o
 .debug_info    0x00009317      0x7e2 ./Drivers/STM32F1xx_HAL_Driver/Src/stm32f1xx_hal_dma.o
 .debug_info    0x00009af9      0x604 ./Drivers/STM32F1xx_HAL_Driver/Src/stm32f1xx_hal_gpio.o
 .debug_info    0x0000a0fd      0x9fb ./Drivers/STM32F1xx_HAL_Driver/Src/stm32f1xx_hal_rcc.o
 .debug_info    0x0000aaf8      0x420 ./Drivers/STM32F1xx_HAL_Driver/Src/stm32f1xx_hal_rcc_ex.o
 .debug_info    0x0000af18     0x40ce ./Drivers/STM32F1xx_HAL_Driver/Src/stm32f1xx_hal_tim.o
 .debug_info    0x0000efe6     0x18a9 ./Drivers/STM32F1xx_HAL_Driver/Src/stm32f1xx_hal_tim_ex.o
 .debug_info    0x0001088f     0x401c ./Drivers/STM32F1xx_HAL_Driver/Src/stm32f1xx_hal_uart.o
 .debug_info    0x000148ab      0x656 ./HAL/Bluetooth/Src/Bluetooth_program.o
 .debug_info    0x00014f01      0x692 ./HAL/LM35/Src/LM35_program.o
 .debug_info    0x00015593      0x916 ./HAL/Motor/Src/Motor_pragram.o
 .debug_info    0x00015ea9      0x98f ./HAL/Ultrasonic sensor/Src/Ultrasonic_program.o
 .debug_info    0x00016838      0x906 ./Tasks/Src/BluetoothTask.o
 .debug_info    0x0001713e      0x8ed ./Tasks/Src/CANReceiveTask.o
 .debug_info    0x00017a2b      0x7bd ./Tasks/Src/CANTransmitTask.o
 .debug_info    0x000181e8      0xb1b ./Tasks/Src/MotorTask.o
 .debug_info    0x00018d03      0x115 ./Tasks/Src/TaskHandle.o
 .debug_info    0x00018e18      0x7a8 ./Tasks/Src/TemperatureTask.o
 .debug_info    0x000195c0      0xaed ./Tasks/Src/UltrasonicTask.o
 .debug_info    0x0001a0ad      0x2c3 ./ThridParty/FreeRTOS/list.o
 .debug_info    0x0001a370     0x23fb ./ThridParty/FreeRTOS/queue.o
 .debug_info    0x0001c76b     0x3316 ./ThridParty/FreeRTOS/tasks.o
 .debug_info    0x0001fa81     0x13b4 ./ThridParty/FreeRTOS/timers.o
 .debug_info    0x00020e35      0x530 ./ThridParty/FreeRTOS/portable/GCC/ARM_CM3/port.o
 .debug_info    0x00021365      0x676 ./ThridParty/FreeRTOS/portable/MemMang/heap_4.o

.debug_abbrev   0x00000000     0x5712
 .debug_abbrev  0x00000000      0x3db ./Core/Src/main.o
 .debug_abbrev  0x000003db      0x2b8 ./Core/Src/stm32f1xx_hal_msp.o
 .debug_abbrev  0x00000693      0x232 ./Core/Src/stm32f1xx_hal_timebase_tim.o
 .debug_abbrev  0x000008c5      0x1fd ./Core/Src/stm32f1xx_it.o
 .debug_abbrev  0x00000ac2      0x145 ./Core/Src/system_stm32f1xx.o
 .debug_abbrev  0x00000c07       0x24 ./Core/Startup/startup_stm32f103c8tx.o
 .debug_abbrev  0x00000c2b      0x272 ./Drivers/STM32F1xx_HAL_Driver/Src/stm32f1xx_hal.o
 .debug_abbrev  0x00000e9d      0x278 ./Drivers/STM32F1xx_HAL_Driver/Src/stm32f1xx_hal_adc.o
 .debug_abbrev  0x00001115      0x298 ./Drivers/STM32F1xx_HAL_Driver/Src/stm32f1xx_hal_adc_ex.o
 .debug_abbrev  0x000013ad      0x295 ./Drivers/STM32F1xx_HAL_Driver/Src/stm32f1xx_hal_can.o
 .debug_abbrev  0x00001642      0x36b ./Drivers/STM32F1xx_HAL_Driver/Src/stm32f1xx_hal_cortex.o
 .debug_abbrev  0x000019ad      0x260 ./Drivers/STM32F1xx_HAL_Driver/Src/stm32f1xx_hal_dma.o
 .debug_abbrev  0x00001c0d      0x1f7 ./Drivers/STM32F1xx_HAL_Driver/Src/stm32f1xx_hal_gpio.o
 .debug_abbrev  0x00001e04      0x2ff ./Drivers/STM32F1xx_HAL_Driver/Src/stm32f1xx_hal_rcc.o
 .debug_abbrev  0x00002103      0x1d8 ./Drivers/STM32F1xx_HAL_Driver/Src/stm32f1xx_hal_rcc_ex.o
 .debug_abbrev  0x000022db      0x380 ./Drivers/STM32F1xx_HAL_Driver/Src/stm32f1xx_hal_tim.o
 .debug_abbrev  0x0000265b      0x2ea ./Drivers/STM32F1xx_HAL_Driver/Src/stm32f1xx_hal_tim_ex.o
 .debug_abbrev  0x00002945      0x3f7 ./Drivers/STM32F1xx_HAL_Driver/Src/stm32f1xx_hal_uart.o
 .debug_abbrev  0x00002d3c      0x1b9 ./HAL/Bluetooth/Src/Bluetooth_program.o
 .debug_abbrev  0x00002ef5      0x1e7 ./HAL/LM35/Src/LM35_program.o
 .debug_abbrev  0x000030dc      0x1db ./HAL/Motor/Src/Motor_pragram.o
 .debug_abbrev  0x000032b7      0x260 ./HAL/Ultrasonic sensor/Src/Ultrasonic_program.o
 .debug_abbrev  0x00003517      0x299 ./Tasks/Src/BluetoothTask.o
 .debug_abbrev  0x000037b0      0x1f6 ./Tasks/Src/CANReceiveTask.o
 .debug_abbrev  0x000039a6      0x1ec ./Tasks/Src/CANTransmitTask.o
 .debug_abbrev  0x00003b92      0x223 ./Tasks/Src/MotorTask.o
 .debug_abbrev  0x00003db5       0x9d ./Tasks/Src/TaskHandle.o
 .debug_abbrev  0x00003e52      0x270 ./Tasks/Src/TemperatureTask.o
 .debug_abbrev  0x000040c2      0x2aa ./Tasks/Src/UltrasonicTask.o
 .debug_abbrev  0x0000436c      0x10c ./ThridParty/FreeRTOS/list.o
 .debug_abbrev  0x00004478      0x42b ./ThridParty/FreeRTOS/queue.o
 .debug_abbrev  0x000048a3      0x4d8 ./ThridParty/FreeRTOS/tasks.o
 .debug_abbrev  0x00004d7b      0x3f1 ./ThridParty/FreeRTOS/timers.o
 .debug_abbrev  0x0000516c      0x2b1 ./ThridParty/FreeRTOS/portable/GCC/ARM_CM3/port.o
 .debug_abbrev  0x0000541d      0x2f5 ./ThridParty/FreeRTOS/portable/MemMang/heap_4.o

.debug_loclists
                0x00000000     0xb50f
 .debug_loclists
                0x00000000       0x2a ./Core/Src/main.o
 .debug_loclists
                0x0000002a      0x187 ./Core/Src/stm32f1xx_hal_msp.o
 .debug_loclists
                0x000001b1       0x90 ./Core/Src/stm32f1xx_hal_timebase_tim.o
 .debug_loclists
                0x00000241       0xac ./Core/Src/system_stm32f1xx.o
 .debug_loclists
                0x000002ed       0xba ./Drivers/STM32F1xx_HAL_Driver/Src/stm32f1xx_hal.o
 .debug_loclists
                0x000003a7      0x663 ./Drivers/STM32F1xx_HAL_Driver/Src/stm32f1xx_hal_adc.o
 .debug_loclists
                0x00000a0a      0x4fd ./Drivers/STM32F1xx_HAL_Driver/Src/stm32f1xx_hal_adc_ex.o
 .debug_loclists
                0x00000f07      0x709 ./Drivers/STM32F1xx_HAL_Driver/Src/stm32f1xx_hal_can.o
 .debug_loclists
                0x00001610      0x347 ./Drivers/STM32F1xx_HAL_Driver/Src/stm32f1xx_hal_cortex.o
 .debug_loclists
                0x00001957      0x485 ./Drivers/STM32F1xx_HAL_Driver/Src/stm32f1xx_hal_dma.o
 .debug_loclists
                0x00001ddc      0x2bb ./Drivers/STM32F1xx_HAL_Driver/Src/stm32f1xx_hal_gpio.o
 .debug_loclists
                0x00002097      0x3e1 ./Drivers/STM32F1xx_HAL_Driver/Src/stm32f1xx_hal_rcc.o
 .debug_loclists
                0x00002478      0x24c ./Drivers/STM32F1xx_HAL_Driver/Src/stm32f1xx_hal_rcc_ex.o
 .debug_loclists
                0x000026c4     0x298b ./Drivers/STM32F1xx_HAL_Driver/Src/stm32f1xx_hal_tim.o
 .debug_loclists
                0x0000504f      0xbce ./Drivers/STM32F1xx_HAL_Driver/Src/stm32f1xx_hal_tim_ex.o
 .debug_loclists
                0x00005c1d     0x272b ./Drivers/STM32F1xx_HAL_Driver/Src/stm32f1xx_hal_uart.o
 .debug_loclists
                0x00008348       0xa4 ./HAL/LM35/Src/LM35_program.o
 .debug_loclists
                0x000083ec       0xc5 ./HAL/Motor/Src/Motor_pragram.o
 .debug_loclists
                0x000084b1       0xcf ./HAL/Ultrasonic sensor/Src/Ultrasonic_program.o
 .debug_loclists
                0x00008580       0x5f ./Tasks/Src/BluetoothTask.o
 .debug_loclists
                0x000085df       0x3a ./Tasks/Src/CANReceiveTask.o
 .debug_loclists
                0x00008619       0x23 ./Tasks/Src/CANTransmitTask.o
 .debug_loclists
                0x0000863c       0x24 ./Tasks/Src/MotorTask.o
 .debug_loclists
                0x00008660       0x6c ./Tasks/Src/TemperatureTask.o
 .debug_loclists
                0x000086cc       0x84 ./Tasks/Src/UltrasonicTask.o
 .debug_loclists
                0x00008750       0x71 ./ThridParty/FreeRTOS/list.o
 .debug_loclists
                0x000087c1      0xcc6 ./ThridParty/FreeRTOS/queue.o
 .debug_loclists
                0x00009487     0x15a8 ./ThridParty/FreeRTOS/tasks.o
 .debug_loclists
                0x0000aa2f      0x70e ./ThridParty/FreeRTOS/timers.o
 .debug_loclists
                0x0000b13d       0x92 ./ThridParty/FreeRTOS/portable/GCC/ARM_CM3/port.o
 .debug_loclists
                0x0000b1cf      0x340 ./ThridParty/FreeRTOS/portable/MemMang/heap_4.o

.debug_aranges  0x00000000     0x1520
 .debug_aranges
                0x00000000       0x40 ./Core/Src/main.o
 .debug_aranges
                0x00000040       0x78 ./Core/Src/stm32f1xx_hal_msp.o
 .debug_aranges
                0x000000b8       0x30 ./Core/Src/stm32f1xx_hal_timebase_tim.o
 .debug_aranges
                0x000000e8       0x80 ./Core/Src/stm32f1xx_it.o
 .debug_aranges
                0x00000168       0x28 ./Core/Src/system_stm32f1xx.o
 .debug_aranges
                0x00000190       0x28 ./Core/Startup/startup_stm32f103c8tx.o
 .debug_aranges
                0x000001b8       0xe0 ./Drivers/STM32F1xx_HAL_Driver/Src/stm32f1xx_hal.o
 .debug_aranges
                0x00000298       0xf0 ./Drivers/STM32F1xx_HAL_Driver/Src/stm32f1xx_hal_adc.o
 .debug_aranges
                0x00000388       0x80 ./Drivers/STM32F1xx_HAL_Driver/Src/stm32f1xx_hal_adc_ex.o
 .debug_aranges
                0x00000408      0x138 ./Drivers/STM32F1xx_HAL_Driver/Src/stm32f1xx_hal_can.o
 .debug_aranges
                0x00000540       0x90 ./Drivers/STM32F1xx_HAL_Driver/Src/stm32f1xx_hal_cortex.o
 .debug_aranges
                0x000005d0       0x78 ./Drivers/STM32F1xx_HAL_Driver/Src/stm32f1xx_hal_dma.o
 .debug_aranges
                0x00000648       0x58 ./Drivers/STM32F1xx_HAL_Driver/Src/stm32f1xx_hal_gpio.o
 .debug_aranges
                0x000006a0       0x88 ./Drivers/STM32F1xx_HAL_Driver/Src/stm32f1xx_hal_rcc.o
 .debug_aranges
                0x00000728       0x30 ./Drivers/STM32F1xx_HAL_Driver/Src/stm32f1xx_hal_rcc_ex.o
 .debug_aranges
                0x00000758      0x3a0 ./Drivers/STM32F1xx_HAL_Driver/Src/stm32f1xx_hal_tim.o
 .debug_aranges
                0x00000af8      0x168 ./Drivers/STM32F1xx_HAL_Driver/Src/stm32f1xx_hal_tim_ex.o
 .debug_aranges
                0x00000c60      0x1f0 ./Drivers/STM32F1xx_HAL_Driver/Src/stm32f1xx_hal_uart.o
 .debug_aranges
                0x00000e50       0x38 ./HAL/Bluetooth/Src/Bluetooth_program.o
 .debug_aranges
                0x00000e88       0x40 ./HAL/LM35/Src/LM35_program.o
 .debug_aranges
                0x00000ec8       0x40 ./HAL/Motor/Src/Motor_pragram.o
 .debug_aranges
                0x00000f08       0x38 ./HAL/Ultrasonic sensor/Src/Ultrasonic_program.o
 .debug_aranges
                0x00000f40       0x38 ./Tasks/Src/BluetoothTask.o
 .debug_aranges
                0x00000f78       0x30 ./Tasks/Src/CANReceiveTask.o
 .debug_aranges
                0x00000fa8       0x28 ./Tasks/Src/CANTransmitTask.o
 .debug_aranges
                0x00000fd0       0x28 ./Tasks/Src/MotorTask.o
 .debug_aranges
                0x00000ff8       0x28 ./Tasks/Src/TaskHandle.o
 .debug_aranges
                0x00001020       0x28 ./Tasks/Src/TemperatureTask.o
 .debug_aranges
                0x00001048       0x30 ./Tasks/Src/UltrasonicTask.o
 .debug_aranges
                0x00001078       0x40 ./ThridParty/FreeRTOS/list.o
 .debug_aranges
                0x000010b8      0x110 ./ThridParty/FreeRTOS/queue.o
 .debug_aranges
                0x000011c8      0x1c8 ./ThridParty/FreeRTOS/tasks.o
 .debug_aranges
                0x00001390       0xc0 ./ThridParty/FreeRTOS/timers.o
 .debug_aranges
                0x00001450       0x78 ./ThridParty/FreeRTOS/portable/GCC/ARM_CM3/port.o
 .debug_aranges
                0x000014c8       0x58 ./ThridParty/FreeRTOS/portable/MemMang/heap_4.o

.debug_rnglists
                0x00000000     0x14b7
 .debug_rnglists
                0x00000000       0x4d ./Core/Src/main.o
 .debug_rnglists
                0x0000004d      0x103 ./Core/Src/stm32f1xx_hal_msp.o
 .debug_rnglists
                0x00000150       0x35 ./Core/Src/stm32f1xx_hal_timebase_tim.o
 .debug_rnglists
                0x00000185       0x5b ./Core/Src/stm32f1xx_it.o
 .debug_rnglists
                0x000001e0       0x19 ./Core/Src/system_stm32f1xx.o
 .debug_rnglists
                0x000001f9       0x19 ./Core/Startup/startup_stm32f103c8tx.o
 .debug_rnglists
                0x00000212       0xa3 ./Drivers/STM32F1xx_HAL_Driver/Src/stm32f1xx_hal.o
 .debug_rnglists
                0x000002b5       0xb7 ./Drivers/STM32F1xx_HAL_Driver/Src/stm32f1xx_hal_adc.o
 .debug_rnglists
                0x0000036c       0x62 ./Drivers/STM32F1xx_HAL_Driver/Src/stm32f1xx_hal_adc_ex.o
 .debug_rnglists
                0x000003ce       0xea ./Drivers/STM32F1xx_HAL_Driver/Src/stm32f1xx_hal_can.o
 .debug_rnglists
                0x000004b8       0xd3 ./Drivers/STM32F1xx_HAL_Driver/Src/stm32f1xx_hal_cortex.o
 .debug_rnglists
                0x0000058b       0x70 ./Drivers/STM32F1xx_HAL_Driver/Src/stm32f1xx_hal_dma.o
 .debug_rnglists
                0x000005fb       0x52 ./Drivers/STM32F1xx_HAL_Driver/Src/stm32f1xx_hal_gpio.o
 .debug_rnglists
                0x0000064d       0x85 ./Drivers/STM32F1xx_HAL_Driver/Src/stm32f1xx_hal_rcc.o
 .debug_rnglists
                0x000006d2       0x3f ./Drivers/STM32F1xx_HAL_Driver/Src/stm32f1xx_hal_rcc_ex.o
 .debug_rnglists
                0x00000711      0x339 ./Drivers/STM32F1xx_HAL_Driver/Src/stm32f1xx_hal_tim.o
 .debug_rnglists
                0x00000a4a      0x112 ./Drivers/STM32F1xx_HAL_Driver/Src/stm32f1xx_hal_tim_ex.o
 .debug_rnglists
                0x00000b5c      0x1bd ./Drivers/STM32F1xx_HAL_Driver/Src/stm32f1xx_hal_uart.o
 .debug_rnglists
                0x00000d19       0x25 ./HAL/Bluetooth/Src/Bluetooth_program.o
 .debug_rnglists
                0x00000d3e       0x37 ./HAL/LM35/Src/LM35_program.o
 .debug_rnglists
                0x00000d75       0x2b ./HAL/Motor/Src/Motor_pragram.o
 .debug_rnglists
                0x00000da0       0x4c ./HAL/Ultrasonic sensor/Src/Ultrasonic_program.o
 .debug_rnglists
                0x00000dec       0x26 ./Tasks/Src/BluetoothTask.o
 .debug_rnglists
                0x00000e12       0x1f ./Tasks/Src/CANReceiveTask.o
 .debug_rnglists
                0x00000e31       0x19 ./Tasks/Src/CANTransmitTask.o
 .debug_rnglists
                0x00000e4a       0x1a ./Tasks/Src/MotorTask.o
 .debug_rnglists
                0x00000e64       0x19 ./Tasks/Src/TaskHandle.o
 .debug_rnglists
                0x00000e7d       0x28 ./Tasks/Src/TemperatureTask.o
 .debug_rnglists
                0x00000ea5       0x2f ./Tasks/Src/UltrasonicTask.o
 .debug_rnglists
                0x00000ed4       0x2b ./ThridParty/FreeRTOS/list.o
 .debug_rnglists
                0x00000eff      0x171 ./ThridParty/FreeRTOS/queue.o
 .debug_rnglists
                0x00001070      0x2d9 ./ThridParty/FreeRTOS/tasks.o
 .debug_rnglists
                0x00001349       0xc1 ./ThridParty/FreeRTOS/timers.o
 .debug_rnglists
                0x0000140a       0x6e ./ThridParty/FreeRTOS/portable/GCC/ARM_CM3/port.o
 .debug_rnglists
                0x00001478       0x3f ./ThridParty/FreeRTOS/portable/MemMang/heap_4.o

.debug_macro    0x00000000    0x1b305
 .debug_macro   0x00000000      0x26d ./Core/Src/main.o
 .debug_macro   0x0000026d      0xaae ./Core/Src/main.o
 .debug_macro   0x00000d1b      0x227 ./Core/Src/main.o
 .debug_macro   0x00000f42       0x2e ./Core/Src/main.o
 .debug_macro   0x00000f70       0x22 ./Core/Src/main.o
 .debug_macro   0x00000f92       0x22 ./Core/Src/main.o
 .debug_macro   0x00000fb4       0x8e ./Core/Src/main.o
 .debug_macro   0x00001042       0x51 ./Core/Src/main.o
 .debug_macro   0x00001093      0x103 ./Core/Src/main.o
 .debug_macro   0x00001196       0x6a ./Core/Src/main.o
 .debug_macro   0x00001200      0x1df ./Core/Src/main.o
 .debug_macro   0x000013df       0x1c ./Core/Src/main.o
 .debug_macro   0x000013fb       0x22 ./Core/Src/main.o
 .debug_macro   0x0000141d       0xbd ./Core/Src/main.o
 .debug_macro   0x000014da      0xd23 ./Core/Src/main.o
 .debug_macro   0x000021fd     0xe09e ./Core/Src/main.o
 .debug_macro   0x0001029b       0x6d ./Core/Src/main.o
 .debug_macro   0x00010308     0x34a2 ./Core/Src/main.o
 .debug_macro   0x000137aa      0x189 ./Core/Src/main.o
 .debug_macro   0x00013933       0x5c ./Core/Src/main.o
 .debug_macro   0x0001398f      0x5bc ./Core/Src/main.o
 .debug_macro   0x00013f4b      0x289 ./Core/Src/main.o
 .debug_macro   0x000141d4      0x1cb ./Core/Src/main.o
 .debug_macro   0x0001439f      0x114 ./Core/Src/main.o
 .debug_macro   0x000144b3      0x1b2 ./Core/Src/main.o
 .debug_macro   0x00014665       0x27 ./Core/Src/main.o
 .debug_macro   0x0001468c      0x136 ./Core/Src/main.o
 .debug_macro   0x000147c2      0x1bc ./Core/Src/main.o
 .debug_macro   0x0001497e       0x34 ./Core/Src/main.o
 .debug_macro   0x000149b2       0x3c ./Core/Src/main.o
 .debug_macro   0x000149ee      0x408 ./Core/Src/main.o
 .debug_macro   0x00014df6       0x57 ./Core/Src/main.o
 .debug_macro   0x00014e4d      0x46a ./Core/Src/main.o
 .debug_macro   0x000152b7      0x1b5 ./Core/Src/main.o
 .debug_macro   0x0001546c       0x87 ./Core/Src/main.o
 .debug_macro   0x000154f3      0x240 ./Core/Src/main.o
 .debug_macro   0x00015733      0x140 ./Core/Src/main.o
 .debug_macro   0x00015873      0x8ed ./Core/Src/main.o
 .debug_macro   0x00016160      0x28e ./Core/Src/main.o
 .debug_macro   0x000163ee       0x83 ./Core/Src/main.o
 .debug_macro   0x00016471       0xfa ./Core/Src/main.o
 .debug_macro   0x0001656b      0x15a ./Core/Src/main.o
 .debug_macro   0x000166c5       0xea ./Core/Src/main.o
 .debug_macro   0x000167af       0x28 ./Core/Src/main.o
 .debug_macro   0x000167d7       0x1f ./Core/Src/main.o
 .debug_macro   0x000167f6       0x12 ./Core/Src/main.o
 .debug_macro   0x00016808      0x52d ./Core/Src/main.o
 .debug_macro   0x00016d35       0xc3 ./Core/Src/main.o
 .debug_macro   0x00016df8      0x120 ./Core/Src/main.o
 .debug_macro   0x00016f18       0x80 ./Core/Src/main.o
 .debug_macro   0x00016f98       0x77 ./Core/Src/main.o
 .debug_macro   0x0001700f       0x1c ./Core/Src/main.o
 .debug_macro   0x0001702b      0x1cb ./Core/Src/stm32f1xx_hal_msp.o
 .debug_macro   0x000171f6      0x1c1 ./Core/Src/stm32f1xx_hal_timebase_tim.o
 .debug_macro   0x000173b7      0x1d5 ./Core/Src/stm32f1xx_it.o
 .debug_macro   0x0001758c      0x1c1 ./Core/Src/system_stm32f1xx.o
 .debug_macro   0x0001774d      0x1e5 ./Drivers/STM32F1xx_HAL_Driver/Src/stm32f1xx_hal.o
 .debug_macro   0x00017932      0x1de ./Drivers/STM32F1xx_HAL_Driver/Src/stm32f1xx_hal_adc.o
 .debug_macro   0x00017b10      0x1d3 ./Drivers/STM32F1xx_HAL_Driver/Src/stm32f1xx_hal_adc_ex.o
 .debug_macro   0x00017ce3      0x1d0 ./Drivers/STM32F1xx_HAL_Driver/Src/stm32f1xx_hal_can.o
 .debug_macro   0x00017eb3      0x1c1 ./Drivers/STM32F1xx_HAL_Driver/Src/stm32f1xx_hal_cortex.o
 .debug_macro   0x00018074      0x1c1 ./Drivers/STM32F1xx_HAL_Driver/Src/stm32f1xx_hal_dma.o
 .debug_macro   0x00018235      0x22c ./Drivers/STM32F1xx_HAL_Driver/Src/stm32f1xx_hal_gpio.o
 .debug_macro   0x00018461      0x1d3 ./Drivers/STM32F1xx_HAL_Driver/Src/stm32f1xx_hal_rcc.o
 .debug_macro   0x00018634      0x1c1 ./Drivers/STM32F1xx_HAL_Driver/Src/stm32f1xx_hal_rcc_ex.o
 .debug_macro   0x000187f5      0x1c2 ./Drivers/STM32F1xx_HAL_Driver/Src/stm32f1xx_hal_tim.o
 .debug_macro   0x000189b7      0x1c1 ./Drivers/STM32F1xx_HAL_Driver/Src/stm32f1xx_hal_tim_ex.o
 .debug_macro   0x00018b78      0x1c2 ./Drivers/STM32F1xx_HAL_Driver/Src/stm32f1xx_hal_uart.o
 .debug_macro   0x00018d3a      0x1d5 ./HAL/Bluetooth/Src/Bluetooth_program.o
 .debug_macro   0x00018f0f      0x1dd ./HAL/LM35/Src/LM35_program.o
 .debug_macro   0x000190ec      0x1cb ./HAL/Motor/Src/Motor_pragram.o
 .debug_macro   0x000192b7      0x1d0 ./HAL/Ultrasonic sensor/Src/Ultrasonic_program.o
 .debug_macro   0x00019487       0x16 ./HAL/Ultrasonic sensor/Src/Ultrasonic_program.o
 .debug_macro   0x0001949d      0x290 ./Tasks/Src/BluetoothTask.o
 .debug_macro   0x0001972d       0x52 ./Tasks/Src/BluetoothTask.o
 .debug_macro   0x0001977f      0x286 ./Tasks/Src/CANReceiveTask.o
 .debug_macro   0x00019a05      0x26d ./Tasks/Src/CANTransmitTask.o
 .debug_macro   0x00019c72      0x27c ./Tasks/Src/MotorTask.o
 .debug_macro   0x00019eee      0x263 ./Tasks/Src/TaskHandle.o
 .debug_macro   0x0001a151      0x27d ./Tasks/Src/TemperatureTask.o
 .debug_macro   0x0001a3ce      0x27b ./Tasks/Src/UltrasonicTask.o
 .debug_macro   0x0001a649       0x10 ./Tasks/Src/UltrasonicTask.o
 .debug_macro   0x0001a659      0x198 ./ThridParty/FreeRTOS/list.o
 .debug_macro   0x0001a7f1      0x22f ./ThridParty/FreeRTOS/queue.o
 .debug_macro   0x0001aa20       0x16 ./ThridParty/FreeRTOS/queue.o
 .debug_macro   0x0001aa36       0x20 ./ThridParty/FreeRTOS/queue.o
 .debug_macro   0x0001aa56      0x27e ./ThridParty/FreeRTOS/tasks.o
 .debug_macro   0x0001acd4       0x17 ./ThridParty/FreeRTOS/tasks.o
 .debug_macro   0x0001aceb      0x1e7 ./ThridParty/FreeRTOS/timers.o
 .debug_macro   0x0001aed2       0x97 ./ThridParty/FreeRTOS/timers.o
 .debug_macro   0x0001af69      0x183 ./ThridParty/FreeRTOS/portable/GCC/ARM_CM3/port.o
 .debug_macro   0x0001b0ec      0x219 ./ThridParty/FreeRTOS/portable/MemMang/heap_4.o

.debug_line     0x00000000    0x24c64
 .debug_line    0x00000000      0xf31 ./Core/Src/main.o
 .debug_line    0x00000f31      0xad1 ./Core/Src/stm32f1xx_hal_msp.o
 .debug_line    0x00001a02      0x847 ./Core/Src/stm32f1xx_hal_timebase_tim.o
 .debug_line    0x00002249      0x89f ./Core/Src/stm32f1xx_it.o
 .debug_line    0x00002ae8      0x7d3 ./Core/Src/system_stm32f1xx.o
 .debug_line    0x000032bb       0x78 ./Core/Startup/startup_stm32f103c8tx.o
 .debug_line    0x00003333      0xa88 ./Drivers/STM32F1xx_HAL_Driver/Src/stm32f1xx_hal.o
 .debug_line    0x00003dbb     0x1468 ./Drivers/STM32F1xx_HAL_Driver/Src/stm32f1xx_hal_adc.o
 .debug_line    0x00005223     0x1152 ./Drivers/STM32F1xx_HAL_Driver/Src/stm32f1xx_hal_adc_ex.o
 .debug_line    0x00006375     0x15a2 ./Drivers/STM32F1xx_HAL_Driver/Src/stm32f1xx_hal_can.o
 .debug_line    0x00007917      0xc21 ./Drivers/STM32F1xx_HAL_Driver/Src/stm32f1xx_hal_cortex.o
 .debug_line    0x00008538      0xfe0 ./Drivers/STM32F1xx_HAL_Driver/Src/stm32f1xx_hal_dma.o
 .debug_line    0x00009518      0xb14 ./Drivers/STM32F1xx_HAL_Driver/Src/stm32f1xx_hal_gpio.o
 .debug_line    0x0000a02c     0x1103 ./Drivers/STM32F1xx_HAL_Driver/Src/stm32f1xx_hal_rcc.o
 .debug_line    0x0000b12f      0x9f0 ./Drivers/STM32F1xx_HAL_Driver/Src/stm32f1xx_hal_rcc_ex.o
 .debug_line    0x0000bb1f     0x4816 ./Drivers/STM32F1xx_HAL_Driver/Src/stm32f1xx_hal_tim.o
 .debug_line    0x00010335     0x1a6f ./Drivers/STM32F1xx_HAL_Driver/Src/stm32f1xx_hal_tim_ex.o
 .debug_line    0x00011da4     0x45db ./Drivers/STM32F1xx_HAL_Driver/Src/stm32f1xx_hal_uart.o
 .debug_line    0x0001637f      0x853 ./HAL/Bluetooth/Src/Bluetooth_program.o
 .debug_line    0x00016bd2      0x832 ./HAL/LM35/Src/LM35_program.o
 .debug_line    0x00017404      0x88f ./HAL/Motor/Src/Motor_pragram.o
 .debug_line    0x00017c93      0x953 ./HAL/Ultrasonic sensor/Src/Ultrasonic_program.o
 .debug_line    0x000185e6      0xadb ./Tasks/Src/BluetoothTask.o
 .debug_line    0x000190c1      0xa2b ./Tasks/Src/CANReceiveTask.o
 .debug_line    0x00019aec      0x995 ./Tasks/Src/CANTransmitTask.o
 .debug_line    0x0001a481      0xa03 ./Tasks/Src/MotorTask.o
 .debug_line    0x0001ae84      0x931 ./Tasks/Src/TaskHandle.o
 .debug_line    0x0001b7b5      0xa38 ./Tasks/Src/TemperatureTask.o
 .debug_line    0x0001c1ed      0xac1 ./Tasks/Src/UltrasonicTask.o
 .debug_line    0x0001ccae      0x884 ./ThridParty/FreeRTOS/list.o
 .debug_line    0x0001d532     0x2014 ./ThridParty/FreeRTOS/queue.o
 .debug_line    0x0001f546     0x30d6 ./ThridParty/FreeRTOS/tasks.o
 .debug_line    0x0002261c     0x1033 ./ThridParty/FreeRTOS/timers.o
 .debug_line    0x0002364f      0xa10 ./ThridParty/FreeRTOS/portable/GCC/ARM_CM3/port.o
 .debug_line    0x0002405f      0xc05 ./ThridParty/FreeRTOS/portable/MemMang/heap_4.o

.debug_str      0x00000000    0x9b945
 .debug_str     0x00000000    0x90c78 ./Core/Src/main.o
                              0x91134 (size before relaxing)
 .debug_str     0x00090c78      0x3e0 ./Core/Src/stm32f1xx_hal_msp.o
                              0x8b13e (size before relaxing)
 .debug_str     0x00091058       0xf7 ./Core/Src/stm32f1xx_hal_timebase_tim.o
                              0x8ab65 (size before relaxing)
 .debug_str     0x0009114f      0x111 ./Core/Src/stm32f1xx_it.o
                              0x8adaf (size before relaxing)
 .debug_str     0x00091260       0x7e ./Core/Src/system_stm32f1xx.o
                              0x8a2ad (size before relaxing)
 .debug_str     0x000912de       0x44 ./Core/Startup/startup_stm32f103c8tx.o
                                 0x78 (size before relaxing)
 .debug_str     0x00091322      0x34a ./Drivers/STM32F1xx_HAL_Driver/Src/stm32f1xx_hal.o
                              0x8a9e0 (size before relaxing)
 .debug_str     0x0009166c      0x37b ./Drivers/STM32F1xx_HAL_Driver/Src/stm32f1xx_hal_adc.o
                              0x8a991 (size before relaxing)
 .debug_str     0x000919e7      0x2d8 ./Drivers/STM32F1xx_HAL_Driver/Src/stm32f1xx_hal_adc_ex.o
                              0x8a979 (size before relaxing)
 .debug_str     0x00091cbf      0x499 ./Drivers/STM32F1xx_HAL_Driver/Src/stm32f1xx_hal_can.o
                              0x8aab5 (size before relaxing)
 .debug_str     0x00092158      0x26c ./Drivers/STM32F1xx_HAL_Driver/Src/stm32f1xx_hal_cortex.o
                              0x8a92c (size before relaxing)
 .debug_str     0x000923c4      0x216 ./Drivers/STM32F1xx_HAL_Driver/Src/stm32f1xx_hal_dma.o
                              0x8a656 (size before relaxing)