../Core/Src/stm32f1xx_hal_msp.c:66:6:HAL_MspInit	8	static
../Core/Src/stm32f1xx_hal_msp.c:93:6:HAL_ADC_MspInit	32	static
../Core/Src/stm32f1xx_hal_msp.c:129:6:HAL_ADC_MspDeInit	8	static
../Core/Src/stm32f1xx_hal_msp.c:159:6:HAL_CAN_MspInit	32	static
../Core/Src/stm32f1xx_hal_msp.c:204:6:HAL_CAN_MspDeInit	8	static
../Core/Src/stm32f1xx_hal_msp.c:236:6:HAL_TIM_PWM_MspInit	16	static
../Core/Src/stm32f1xx_hal_msp.c:262:6:HAL_TIM_IC_MspInit	32	static
../Core/Src/stm32f1xx_hal_msp.c:293:6:HAL_TIM_MspPostInit	32	static
../Core/Src/stm32f1xx_hal_msp.c:332:6:HAL_TIM_PWM_MspDeInit	0	static
../Core/Src/stm32f1xx_hal_msp.c:357:6:HAL_TIM_IC_MspDeInit	8	static
../Core/Src/stm32f1xx_hal_msp.c:387:6:HAL_UART_MspInit	40	static
../Core/Src/stm32f1xx_hal_msp.c:459:6:HAL_UART_MspDeInit	8	static
